Archive member included to satisfy reference by file (symbol)

/home/nathan/Documents/Misc/quartus-free/pkg/quartus-free/opt/altera/18.1/nios2eds/bin/gnu/H-x86_64-pc-linux-gnu/bin/../lib/gcc/nios2-elf/5.3.0/libgcc.a(lib2-divmod.o)
                              obj/default/mini_project_with_fake_camera.o (__udivsi3)
/home/nathan/Documents/Misc/quartus-free/pkg/quartus-free/opt/altera/18.1/nios2eds/bin/gnu/H-x86_64-pc-linux-gnu/bin/../lib/gcc/nios2-elf/5.3.0/../../../../../H-x86_64-pc-linux-gnu/nios2-elf/lib/libc.a(lib_a-malloc.o)
                              obj/default/mini_project_with_fake_camera.o (malloc)
/home/nathan/Documents/Misc/quartus-free/pkg/quartus-free/opt/altera/18.1/nios2eds/bin/gnu/H-x86_64-pc-linux-gnu/bin/../lib/gcc/nios2-elf/5.3.0/../../../../../H-x86_64-pc-linux-gnu/nios2-elf/lib/libc.a(lib_a-mallocr.o)
                              /home/nathan/Documents/Misc/quartus-free/pkg/quartus-free/opt/altera/18.1/nios2eds/bin/gnu/H-x86_64-pc-linux-gnu/bin/../lib/gcc/nios2-elf/5.3.0/../../../../../H-x86_64-pc-linux-gnu/nios2-elf/lib/libc.a(lib_a-malloc.o) (_malloc_r)
/home/nathan/Documents/Misc/quartus-free/pkg/quartus-free/opt/altera/18.1/nios2eds/bin/gnu/H-x86_64-pc-linux-gnu/bin/../lib/gcc/nios2-elf/5.3.0/../../../../../H-x86_64-pc-linux-gnu/nios2-elf/lib/libc.a(lib_a-printf.o)
                              obj/default/mini_project_with_fake_camera.o (printf)
/home/nathan/Documents/Misc/quartus-free/pkg/quartus-free/opt/altera/18.1/nios2eds/bin/gnu/H-x86_64-pc-linux-gnu/bin/../lib/gcc/nios2-elf/5.3.0/../../../../../H-x86_64-pc-linux-gnu/nios2-elf/lib/libc.a(lib_a-puts.o)
                              obj/default/mini_project_with_fake_camera.o (puts)
/home/nathan/Documents/Misc/quartus-free/pkg/quartus-free/opt/altera/18.1/nios2eds/bin/gnu/H-x86_64-pc-linux-gnu/bin/../lib/gcc/nios2-elf/5.3.0/../../../../../H-x86_64-pc-linux-gnu/nios2-elf/lib/libc.a(lib_a-sbrkr.o)
                              /home/nathan/Documents/Misc/quartus-free/pkg/quartus-free/opt/altera/18.1/nios2eds/bin/gnu/H-x86_64-pc-linux-gnu/bin/../lib/gcc/nios2-elf/5.3.0/../../../../../H-x86_64-pc-linux-gnu/nios2-elf/lib/libc.a(lib_a-mallocr.o) (_sbrk_r)
/home/nathan/Documents/Misc/quartus-free/pkg/quartus-free/opt/altera/18.1/nios2eds/bin/gnu/H-x86_64-pc-linux-gnu/bin/../lib/gcc/nios2-elf/5.3.0/../../../../../H-x86_64-pc-linux-gnu/nios2-elf/lib/libc.a(lib_a-strlen.o)
                              /home/nathan/Documents/Misc/quartus-free/pkg/quartus-free/opt/altera/18.1/nios2eds/bin/gnu/H-x86_64-pc-linux-gnu/bin/../lib/gcc/nios2-elf/5.3.0/../../../../../H-x86_64-pc-linux-gnu/nios2-elf/lib/libc.a(lib_a-puts.o) (strlen)
/home/nathan/Documents/Misc/quartus-free/pkg/quartus-free/opt/altera/18.1/nios2eds/bin/gnu/H-x86_64-pc-linux-gnu/bin/../lib/gcc/nios2-elf/5.3.0/../../../../../H-x86_64-pc-linux-gnu/nios2-elf/lib/libc.a(lib_a-vfprintf.o)
                              /home/nathan/Documents/Misc/quartus-free/pkg/quartus-free/opt/altera/18.1/nios2eds/bin/gnu/H-x86_64-pc-linux-gnu/bin/../lib/gcc/nios2-elf/5.3.0/../../../../../H-x86_64-pc-linux-gnu/nios2-elf/lib/libc.a(lib_a-printf.o) (___vfprintf_internal_r)
/home/nathan/Documents/Misc/quartus-free/pkg/quartus-free/opt/altera/18.1/nios2eds/bin/gnu/H-x86_64-pc-linux-gnu/bin/../lib/gcc/nios2-elf/5.3.0/../../../../../H-x86_64-pc-linux-gnu/nios2-elf/lib/libc.a(lib_a-wsetup.o)
                              /home/nathan/Documents/Misc/quartus-free/pkg/quartus-free/opt/altera/18.1/nios2eds/bin/gnu/H-x86_64-pc-linux-gnu/bin/../lib/gcc/nios2-elf/5.3.0/../../../../../H-x86_64-pc-linux-gnu/nios2-elf/lib/libc.a(lib_a-vfprintf.o) (__swsetup_r)
/home/nathan/Documents/Misc/quartus-free/pkg/quartus-free/opt/altera/18.1/nios2eds/bin/gnu/H-x86_64-pc-linux-gnu/bin/../lib/gcc/nios2-elf/5.3.0/../../../../../H-x86_64-pc-linux-gnu/nios2-elf/lib/libc.a(lib_a-dtoa.o)
                              /home/nathan/Documents/Misc/quartus-free/pkg/quartus-free/opt/altera/18.1/nios2eds/bin/gnu/H-x86_64-pc-linux-gnu/bin/../lib/gcc/nios2-elf/5.3.0/../../../../../H-x86_64-pc-linux-gnu/nios2-elf/lib/libc.a(lib_a-vfprintf.o) (_dtoa_r)
/home/nathan/Documents/Misc/quartus-free/pkg/quartus-free/opt/altera/18.1/nios2eds/bin/gnu/H-x86_64-pc-linux-gnu/bin/../lib/gcc/nios2-elf/5.3.0/../../../../../H-x86_64-pc-linux-gnu/nios2-elf/lib/libc.a(lib_a-fflush.o)
                              /home/nathan/Documents/Misc/quartus-free/pkg/quartus-free/opt/altera/18.1/nios2eds/bin/gnu/H-x86_64-pc-linux-gnu/bin/../lib/gcc/nios2-elf/5.3.0/../../../../../H-x86_64-pc-linux-gnu/nios2-elf/lib/libc.a(lib_a-vfprintf.o) (_fflush_r)
/home/nathan/Documents/Misc/quartus-free/pkg/quartus-free/opt/altera/18.1/nios2eds/bin/gnu/H-x86_64-pc-linux-gnu/bin/../lib/gcc/nios2-elf/5.3.0/../../../../../H-x86_64-pc-linux-gnu/nios2-elf/lib/libc.a(lib_a-findfp.o)
[...]
Memory Configuration

Name             Origin             Length             Attributes
reset            0x0000000000000000 0x0000000000000020
sdram_controller_0 0x0000000000000020 0x0000000003ffffe0
*default*        0x0000000000000000 0xffffffffffffffff

Linker script and memory map

LOAD /home/nathan/Documents/Cours/EPFL_RTES_CS476/Code/mini_project_v2/sw/mini_project_v3_bsp//obj/HAL/src/crt0.o
LOAD obj/default/mini_project_with_fake_camera.o
LOAD /home/nathan/Documents/Misc/quartus-free/pkg/quartus-free/opt/altera/18.1/nios2eds/bin/gnu/H-x86_64-pc-linux-gnu/bin/../lib/gcc/nios2-elf/5.3.0/../../../../../H-x86_64-pc-linux-gnu/nios2-elf/lib/libstdc++.a
LOAD /home/nathan/Documents/Misc/quartus-free/pkg/quartus-free/opt/altera/18.1/nios2eds/bin/gnu/H-x86_64-pc-linux-gnu/bin/../lib/gcc/nios2-elf/5.3.0/../../../../../H-x86_64-pc-linux-gnu/nios2-elf/lib/libm.a
LOAD /home/nathan/Documents/Misc/quartus-free/pkg/quartus-free/opt/altera/18.1/nios2eds/bin/gnu/H-x86_64-pc-linux-gnu/bin/../lib/gcc/nios2-elf/5.3.0/libgcc.a
START GROUP
LOAD /home/nathan/Documents/Misc/quartus-free/pkg/quartus-free/opt/altera/18.1/nios2eds/bin/gnu/H-x86_64-pc-linux-gnu/bin/../lib/gcc/nios2-elf/5.3.0/../../../../../H-x86_64-pc-linux-gnu/nios2-elf/lib/libc.a
LOAD /home/nathan/Documents/Misc/quartus-free/pkg/quartus-free/opt/altera/18.1/nios2eds/bin/gnu/H-x86_64-pc-linux-gnu/bin/../lib/gcc/nios2-elf/5.3.0/libgcc.a
LOAD /home/nathan/Documents/Cours/EPFL_RTES_CS476/Code/mini_project_v2/sw/mini_project_v3_bsp//libucosii_bsp.a
LOAD /home/nathan/Documents/Misc/quartus-free/pkg/quartus-free/opt/altera/18.1/nios2eds/bin/gnu/H-x86_64-pc-linux-gnu/bin/../lib/gcc/nios2-elf/5.3.0/../../../../../H-x86_64-pc-linux-gnu/nios2-elf/lib/libm.a
END GROUP
LOAD /home/nathan/Documents/Misc/quartus-free/pkg/quartus-free/opt/altera/18.1/nios2eds/bin/gnu/H-x86_64-pc-linux-gnu/bin/../lib/gcc/nios2-elf/5.3.0/libgcc.a
                0x0000000000000000                __alt_mem_sdram_controller_0 = 0x0

.entry          0x0000000000000000       0x20
 *(.entry)
 .entry         0x0000000000000000       0x20 /home/nathan/Documents/Cours/EPFL_RTES_CS476/Code/mini_project_v2/sw/mini_project_v3_bsp//obj/HAL/src/crt0.o
                0x0000000000000000                __reset

.exceptions     0x0000000000000020      0x224
                0x0000000000000020                PROVIDE (__ram_exceptions_start, ABSOLUTE (.))
                0x0000000000000020                . = ALIGN (0x20)
 *(.irq)
 *(.exceptions.entry.label)
 .exceptions.entry.label
                0x0000000000000020        0x0 /home/nathan/Documents/Cours/EPFL_RTES_CS476/Code/mini_project_v2/sw/mini_project_v3_bsp//libucosii_bsp.a(alt_irq_entry.o)
                0x0000000000000020                alt_irq_entry
 .exceptions.entry.label
                0x0000000000000020        0x0 /home/nathan/Documents/Cours/EPFL_RTES_CS476/Code/mini_project_v2/sw/mini_project_v3_bsp//libucosii_bsp.a(alt_exception_entry.o)
                0x0000000000000020                alt_exception
 *(.exceptions.entry.user)
 *(.exceptions.entry.ecc_fatal)
 *(.exceptions.entry)
 .exceptions.entry
                0x0000000000000020       0x54 /home/nathan/Documents/Cours/EPFL_RTES_CS476/Code/mini_project_v2/sw/mini_project_v3_bsp//libucosii_bsp.a(alt_exception_entry.o)
 *(.exceptions.irqtest.user)
 *(.exceptions.irqtest)
 .exceptions.irqtest
                0x0000000000000074       0x10 /home/nathan/Documents/Cours/EPFL_RTES_CS476/Code/mini_project_v2/sw/mini_project_v3_bsp//libucosii_bsp.a(alt_irq_entry.o)
 *(.exceptions.irqhandler.user)
 *(.exceptions.irqhandler)
 .exceptions.irqhandler
                0x0000000000000084        0x4 /home/nathan/Documents/Cours/EPFL_RTES_CS476/Code/mini_project_v2/sw/mini_project_v3_bsp//libucosii_bsp.a(alt_irq_entry.o)
 *(.exceptions.irqreturn.user)
 *(.exceptions.irqreturn)
 .exceptions.irqreturn
                0x0000000000000088        0x4 /home/nathan/Documents/Cours/EPFL_RTES_CS476/Code/mini_project_v2/sw/mini_project_v3_bsp//libucosii_bsp.a(alt_irq_entry.o)
 *(.exceptions.notirq.label)
 .exceptions.notirq.label
                0x000000000000008c        0x0 /home/nathan/Documents/Cours/EPFL_RTES_CS476/Code/mini_project_v2/sw/mini_project_v3_bsp//libucosii_bsp.a(alt_irq_entry.o)
 *(.exceptions.notirq.user)
 *(.exceptions.notirq)
 .exceptions.notirq
                0x000000000000008c        0x8 /home/nathan/Documents/Cours/EPFL_RTES_CS476/Code/mini_project_v2/sw/mini_project_v3_bsp//libucosii_bsp.a(alt_exception_entry.o)
 *(.exceptions.soft.user)
 *(.exceptions.soft)
 *(.exceptions.unknown.user)
 *(.exceptions.unknown)
 .exceptions.unknown
                0x0000000000000094       0x14 /home/nathan/Documents/Cours/EPFL_RTES_CS476/Code/mini_project_v2/sw/mini_project_v3_bsp//libucosii_bsp.a(alt_exception_entry.o)
 *(.exceptions.exit.label)
 .exceptions.exit.label
                0x00000000000000a8        0x0 /home/nathan/Documents/Cours/EPFL_RTES_CS476/Code/mini_project_v2/sw/mini_project_v3_bsp//libucosii_bsp.a(alt_irq_entry.o)
 .exceptions.exit.label
                0x00000000000000a8        0x0 /home/nathan/Documents/Cours/EPFL_RTES_CS476/Code/mini_project_v2/sw/mini_project_v3_bsp//libucosii_bsp.a(alt_exception_entry.o)
 *(.exceptions.exit.user)
 *(.exceptions.exit)
 .exceptions.exit
                0x00000000000000a8       0x54 /home/nathan/Documents/Cours/EPFL_RTES_CS476/Code/mini_project_v2/sw/mini_project_v3_bsp//libucosii_bsp.a(alt_exception_entry.o)
 *(.exceptions)
 .exceptions    0x00000000000000fc       0xd4 /home/nathan/Documents/Cours/EPFL_RTES_CS476/Code/mini_project_v2/sw/mini_project_v3_bsp//libucosii_bsp.a(alt_irq_handler.o)
                0x00000000000000fc                alt_irq_handler
 .exceptions    0x00000000000001d0       0x74 /home/nathan/Documents/Cours/EPFL_RTES_CS476/Code/mini_project_v2/sw/mini_project_v3_bsp//libucosii_bsp.a(alt_instruction_exception_entry.o)
                0x00000000000001d0                alt_instruction_exception_entry
                0x0000000000000244                PROVIDE (__ram_exceptions_end, ABSOLUTE (.))
                0x0000000000000020                PROVIDE (__flash_exceptions_start, LOADADDR (.exceptions))

.text           0x0000000000000244    0x17988
                [!provide]                        PROVIDE (stext, ABSOLUTE (.))
 *(.interp)
 *(.hash)
 *(.dynsym)
 *(.dynstr)
 *(.gnu.version)
 *(.gnu.version_d)
 *(.gnu.version_r)
 *(.rel.init)
 *(.rela.init)
 *(.rel.text .rel.text.* .rel.gnu.linkonce.t.*)
 *(.rela.text .rela.text.* .rela.gnu.linkonce.t.*)
 *(.rel.fini)
 *(.rela.fini)
 *(.rel.rodata .rel.rodata.* .rel.gnu.linkonce.r.*)
 *(.rela.rodata .rela.rodata.* .rela.gnu.linkonce.r.*)
 *(.rel.data .rel.data.* .rel.gnu.linkonce.d.*)
 *(.rela.data .rela.data.* .rela.gnu.linkonce.d.*)
 *(.rel.tdata .rel.tdata.* .rel.gnu.linkonce.td.*)
 *(.rela.tdata .rela.tdata.* .rela.gnu.linkonce.td.*)
 *(.rel.tbss .rel.tbss.* .rel.gnu.linkonce.tb.*)
 *(.rela.tbss .rela.tbss.* .rela.gnu.linkonce.tb.*)
 *(.rel.ctors)
 *(.rela.ctors)
 *(.rel.dtors)
 *(.rela.dtors)
 *(.rel.got)
 *(.rela.got)
 *(.rel.sdata .rel.sdata.* .rel.gnu.linkonce.s.*)
 *(.rela.sdata .rela.sdata.* .rela.gnu.linkonce.s.*)
 *(.rel.sbss .rel.sbss.* .rel.gnu.linkonce.sb.*)
 *(.rela.sbss .rela.sbss.* .rela.gnu.linkonce.sb.*)
 *(.rel.sdata2 .rel.sdata2.* .rel.gnu.linkonce.s2.*)
 *(.rela.sdata2 .rela.sdata2.* .rela.gnu.linkonce.s2.*)
 *(.rel.sbss2 .rel.sbss2.* .rel.gnu.linkonce.sb2.*)
 *(.rela.sbss2 .rela.sbss2.* .rela.gnu.linkonce.sb2.*)
 *(.rel.bss .rel.bss.* .rel.gnu.linkonce.b.*)
 *(.rela.bss .rela.bss.* .rela.gnu.linkonce.b.*)
 *(.rel.plt)
 *(.rela.plt)
 *(.rel.dyn)
 *(.init)
 *(.plt)
 *(.text .stub .text.* .gnu.linkonce.t.*)
 .text          0x0000000000000244       0x3c /home/nathan/Documents/Cours/EPFL_RTES_CS476/Code/mini_project_v2/sw/mini_project_v3_bsp//obj/HAL/src/crt0.o
                0x0000000000000244                _start
 .text          0x0000000000000280      0x7f0 obj/default/mini_project_with_fake_camera.o
                0x0000000000000280                byte_to_disp
                0x00000000000002b8                disp_to_byte
                0x0000000000000328                print_byte
                0x000000000000040c                print_pixel
                0x00000000000004b0                calculAccel
                0x000000000000051c                calculC
                0x0000000000000648                task_call_accel
                0x00000000000007d4                task_fake_camera
                0x00000000000009a4                main
 .text          0x0000000000000a70      0x1b4 /home/nathan/Documents/Misc/quartus-free/pkg/quartus-free/opt/altera/18.1/nios2eds/bin/gnu/H-x86_64-pc-linux-gnu/bin/../lib/gcc/nios2-elf/5.3.0/libgcc.a(lib2-divmod.o)
                0x0000000000000a70                __divsi3
                0x0000000000000af4                __modsi3
                0x0000000000000b68                __udivsi3
                0x0000000000000bcc                __umodsi3
 .text          0x0000000000000c24        0x0 /home/nathan/Documents/Misc/quartus-free/pkg/quartus-free/opt/altera/18.1/nios2eds/bin/gnu/H-x86_64-pc-linux-gnu/bin/../lib/gcc/nios2-elf/5.3.0/../../../../../H-x86_64-pc-linux-gnu/nios2-elf/lib/libc.a(lib_a-malloc.o)
 .text.malloc   0x0000000000000c24       0x14 /home/nathan/Documents/Misc/quartus-free/pkg/quartus-free/opt/altera/18.1/nios2eds/bin/gnu/H-x86_64-pc-linux-gnu/bin/../lib/gcc/nios2-elf/5.3.0/../../../../../H-x86_64-pc-linux-gnu/nios2-elf/lib/libc.a(lib_a-malloc.o)
                0x0000000000000c24                malloc
 .text.free     0x0000000000000c38       0x14 /home/nathan/Documents/Misc/quartus-free/pkg/quartus-free/opt/altera/18.1/nios2eds/bin/gnu/H-x86_64-pc-linux-gnu/bin/../lib/gcc/nios2-elf/5.3.0/../../../../../H-x86_64-pc-linux-gnu/nios2-elf/lib/libc.a(lib_a-malloc.o)
                0x0000000000000c38                free
 .text          0x0000000000000c4c        0x0 /home/nathan/Documents/Misc/quartus-free/pkg/quartus-free/opt/altera/18.1/nios2eds/bin/gnu/H-x86_64-pc-linux-gnu/bin/../lib/gcc/nios2-elf/5.3.0/../../../../../H-x86_64-pc-linux-gnu/nios2-elf/lib/libc.a(lib_a-mallocr.o)
 .text._malloc_r
                0x0000000000000c4c      0x80c /home/nathan/Documents/Misc/quartus-free/pkg/quartus-free/opt/altera/18.1/nios2eds/bin/gnu/H-x86_64-pc-linux-gnu/bin/../lib/gcc/nios2-elf/5.3.0/../../../../../H-x86_64-pc-linux-gnu/nios2-elf/lib/libc.a(lib_a-mallocr.o)
                0x0000000000000c4c                _malloc_r
 .text          0x0000000000001458        0x0 /home/nathan/Documents/Misc/quartus-free/pkg/quartus-free/opt/altera/18.1/nios2eds/bin/gnu/H-x86_64-pc-linux-gnu/bin/../lib/gcc/nios2-elf/5.3.0/../../../../../H-x86_64-pc-linux-gnu/nios2-elf/lib/libc.a(lib_a-printf.o)
 .text._printf_r
                0x0000000000001458       0x30 /home/nathan/Documents/Misc/quartus-free/pkg/quartus-free/opt/altera/18.1/nios2eds/bin/gnu/H-x86_64-pc-linux-gnu/bin/../lib/gcc/nios2-elf/5.3.0/../../../../../H-x86_64-pc-linux-gnu/nios2-elf/lib/libc.a(lib_a-printf.o)
                0x0000000000001458                _printf_r
 .text.printf   0x0000000000001488       0x3c /home/nathan/Documents/Misc/quartus-free/pkg/quartus-free/opt/altera/18.1/nios2eds/bin/gnu/H-x86_64-pc-linux-gnu/bin/../lib/gcc/nios2-elf/5.3.0/../../../../../H-x86_64-pc-linux-gnu/nios2-elf/lib/libc.a(lib_a-printf.o)
                0x0000000000001488                printf
 .text          0x00000000000014c4        0x0 /home/nathan/Documents/Misc/quartus-free/pkg/quartus-free/opt/altera/18.1/nios2eds/bin/gnu/H-x86_64-pc-linux-gnu/bin/../lib/gcc/nios2-elf/5.3.0/../../../../../H-x86_64-pc-linux-gnu/nios2-elf/lib/libc.a(lib_a-puts.o)
 .text._puts_r  0x00000000000014c4       0xc0 /home/nathan/Documents/Misc/quartus-free/pkg/quartus-free/opt/altera/18.1/nios2eds/bin/gnu/H-x86_64-pc-linux-gnu/bin/../lib/gcc/nios2-elf/5.3.0/../../../../../H-x86_64-pc-linux-gnu/nios2-elf/lib/libc.a(lib_a-puts.o)
                0x00000000000014c4                _puts_r
 .text.puts     0x0000000000001584       0x14 /home/nathan/Documents/Misc/quartus-free/pkg/quartus-free/opt/altera/18.1/nios2eds/bin/gnu/H-x86_64-pc-linux-gnu/bin/../lib/gcc/nios2-elf/5.3.0/../../../../../H-x86_64-pc-linux-gnu/nios2-elf/lib/libc.a(lib_a-puts.o)
                0x0000000000001584                puts
 .text          0x0000000000001598        0x0 /home/nathan/Documents/Misc/quartus-free/pkg/quartus-free/opt/altera/18.1/nios2eds/bin/gnu/H-x86_64-pc-linux-gnu/bin/../lib/gcc/nios2-elf/5.3.0/../../../../../H-x86_64-pc-linux-gnu/nios2-elf/lib/libc.a(lib_a-sbrkr.o)
 .text._sbrk_r  0x0000000000001598       0x54 /home/nathan/Documents/Misc/quartus-free/pkg/quartus-free/opt/altera/18.1/nios2eds/bin/gnu/H-x86_64-pc-linux-gnu/bin/../lib/gcc/nios2-elf/5.3.0/../../../../../H-x86_64-pc-linux-gnu/nios2-elf/lib/libc.a(lib_a-sbrkr.o)
                0x0000000000001598                _sbrk_r
 .text          0x00000000000015ec        0x0 /home/nathan/Documents/Misc/quartus-free/pkg/quartus-free/opt/altera/18.1/nios2eds/bin/gnu/H-x86_64-pc-linux-gnu/bin/../lib/gcc/nios2-elf/5.3.0/../../../../../H-x86_64-pc-linux-gnu/nios2-elf/lib/libc.a(lib_a-strlen.o)
 .text.strlen   0x00000000000015ec       0x98 /home/nathan/Documents/Misc/quartus-free/pkg/quartus-free/opt/altera/18.1/nios2eds/bin/gnu/H-x86_64-pc-linux-gnu/bin/../lib/gcc/nios2-elf/5.3.0/../../../../../H-x86_64-pc-linux-gnu/nios2-elf/lib/libc.a(lib_a-strlen.o)
                0x00000000000015ec                strlen
 .text          0x0000000000001684        0x0 /home/nathan/Documents/Misc/quartus-free/pkg/quartus-free/opt/altera/18.1/nios2eds/bin/gnu/H-x86_64-pc-linux-gnu/bin/../lib/gcc/nios2-elf/5.3.0/../../../../../H-x86_64-pc-linux-gnu/nios2-elf/lib/libc.a(lib_a-vfprintf.o)
 .text.___vfprintf_internal_r
                0x0000000000001684     0x21f8 /home/nathan/Documents/Misc/quartus-free/pkg/quartus-free/opt/altera/18.1/nios2eds/bin/gnu/H-x86_64-pc-linux-gnu/bin/../lib/gcc/nios2-elf/5.3.0/../../../../../H-x86_64-pc-linux-gnu/nios2-elf/lib/libc.a(lib_a-vfprintf.o)
                0x0000000000001684                ___vfprintf_internal_r
 .text.__vfprintf_internal
                0x000000000000387c       0x1c /home/nathan/Documents/Misc/quartus-free/pkg/quartus-free/opt/altera/18.1/nios2eds/bin/gnu/H-x86_64-pc-linux-gnu/bin/../lib/gcc/nios2-elf/5.3.0/../../../../../H-x86_64-pc-linux-gnu/nios2-elf/lib/libc.a(lib_a-vfprintf.o)
                0x000000000000387c                __vfprintf_internal
 .text.__sbprintf
                0x0000000000003898       0xbc /home/nathan/Documents/Misc/quartus-free/pkg/quartus-free/opt/altera/18.1/nios2eds/bin/gnu/H-x86_64-pc-linux-gnu/bin/../lib/gcc/nios2-elf/5.3.0/../../../../../H-x86_64-pc-linux-gnu/nios2-elf/lib/libc.a(lib_a-vfprintf.o)
 .text          0x0000000000003954        0x0 /home/nathan/Documents/Misc/quartus-free/pkg/quartus-free/opt/altera/18.1/nios2eds/bin/gnu/H-x86_64-pc-linux-gnu/bin/../lib/gcc/nios2-elf/5.3.0/../../../../../H-x86_64-pc-linux-gnu/nios2-elf/lib/libc.a(lib_a-wsetup.o)
 .text.__swsetup_r
                0x0000000000003954      0x154 /home/nathan/Documents/Misc/quartus-free/pkg/quartus-free/opt/altera/18.1/nios2eds/bin/gnu/H-x86_64-pc-linux-gnu/bin/../lib/gcc/nios2-elf/5.3.0/../../../../../H-x86_64-pc-linux-gnu/nios2-elf/lib/libc.a(lib_a-wsetup.o)
                0x0000000000003954                __swsetup_r
 .text          0x0000000000003aa8        0x0 /home/nathan/Documents/Misc/quartus-free/pkg/quartus-free/opt/altera/18.1/nios2eds/bin/gnu/H-x86_64-pc-linux-gnu/bin/../lib/gcc/nios2-elf/5.3.0/../../../../../H-x86_64-pc-linux-gnu/nios2-elf/lib/libc.a(lib_a-dtoa.o)
 .text.quorem   0x0000000000003aa8      0x200 /home/nathan/Documents/Misc/quartus-free/pkg/quartus-free/opt/altera/18.1/nios2eds/bin/gnu/H-x86_64-pc-linux-gnu/bin/../lib/gcc/nios2-elf/5.3.0/../../../../../H-x86_64-pc-linux-gnu/nios2-elf/lib/libc.a(lib_a-dtoa.o)
 .text._dtoa_r  0x0000000000003ca8     0x1688 /home/nathan/Documents/Misc/quartus-free/pkg/quartus-free/opt/altera/18.1/nios2eds/bin/gnu/H-x86_64-pc-linux-gnu/bin/../lib/gcc/nios2-elf/5.3.0/../../../../../H-x86_64-pc-linux-gnu/nios2-elf/lib/libc.a(lib_a-dtoa.o)
                0x0000000000003ca8                _dtoa_r
 .text          0x0000000000005330        0x0 /home/nathan/Documents/Misc/quartus-free/pkg/quartus-free/opt/altera/18.1/nios2eds/bin/gnu/H-x86_64-pc-linux-gnu/bin/../lib/gcc/nios2-elf/5.3.0/../../../../../H-x86_64-pc-linux-gnu/nios2-elf/lib/libc.a(lib_a-fflush.o)
 .text.__sflush_r
                0x0000000000005330      0x21c /home/nathan/Documents/Misc/quartus-free/pkg/quartus-free/opt/altera/18.1/nios2eds/bin/gnu/H-x86_64-pc-linux-gnu/bin/../lib/gcc/nios2-elf/5.3.0/../../../../../H-x86_64-pc-linux-gnu/nios2-elf/lib/libc.a(lib_a-fflush.o)
                0x0000000000005330                __sflush_r
 .text._fflush_r
                0x000000000000554c       0x5c /home/nathan/Documents/Misc/quartus-free/pkg/quartus-free/opt/altera/18.1/nios2eds/bin/gnu/H-x86_64-pc-linux-gnu/bin/../lib/gcc/nios2-elf/5.3.0/../../../../../H-x86_64-pc-linux-gnu/nios2-elf/lib/libc.a(lib_a-fflush.o)
                0x000000000000554c                _fflush_r
 .text.fflush   0x00000000000055a8       0x30 /home/nathan/Documents/Misc/quartus-free/pkg/quartus-free/opt/altera/18.1/nios2eds/bin/gnu/H-x86_64-pc-linux-gnu/bin/../lib/gcc/nios2-elf/5.3.0/../../../../../H-x86_64-pc-linux-gnu/nios2-elf/lib/libc.a(lib_a-fflush.o)
                0x00000000000055a8                fflush
 .text          0x00000000000055d8        0x0 /home/nathan/Documents/Misc/quartus-free/pkg/quartus-free/opt/altera/18.1/nios2eds/bin/gnu/H-x86_64-pc-linux-gnu/bin/../lib/gcc/nios2-elf/5.3.0/../../../../../H-x86_64-pc-linux-gnu/nios2-elf/lib/libc.a(lib_a-findfp.o)
 .text.__fp_unlock
                0x00000000000055d8        0x8 /home/nathan/Documents/Misc/quartus-free/pkg/quartus-free/opt/altera/18.1/nios2eds/bin/gnu/H-x86_64-pc-linux-gnu/bin/../lib/gcc/nios2-elf/5.3.0/../../../../../H-x86_64-pc-linux-gnu/nios2-elf/lib/libc.a(lib_a-findfp.o)
 .text._cleanup_r
                0x00000000000055e0        0xc /home/nathan/Documents/Misc/quartus-free/pkg/quartus-free/opt/altera/18.1/nios2eds/bin/gnu/H-x86_64-pc-linux-gnu/bin/../lib/gcc/nios2-elf/5.3.0/../../../../../H-x86_64-pc-linux-gnu/nios2-elf/lib/libc.a(lib_a-findfp.o)
                0x00000000000055e0                _cleanup_r
 .text.__sinit.part.1
                0x00000000000055ec      0x19c /home/nathan/Documents/Misc/quartus-free/pkg/quartus-free/opt/altera/18.1/nios2eds/bin/gnu/H-x86_64-pc-linux-gnu/bin/../lib/gcc/nios2-elf/5.3.0/../../../../../H-x86_64-pc-linux-gnu/nios2-elf/lib/libc.a(lib_a-findfp.o)
 .text.__fp_lock
                0x0000000000005788        0x8 /home/nathan/Documents/Misc/quartus-free/pkg/quartus-free/opt/altera/18.1/nios2eds/bin/gnu/H-x86_64-pc-linux-gnu/bin/../lib/gcc/nios2-elf/5.3.0/../../../../../H-x86_64-pc-linux-gnu/nios2-elf/lib/libc.a(lib_a-findfp.o)
 .text.__sfmoreglue
                0x0000000000005790       0x68 /home/nathan/Documents/Misc/quartus-free/pkg/quartus-free/opt/altera/18.1/nios2eds/bin/gnu/H-x86_64-pc-linux-gnu/bin/../lib/gcc/nios2-elf/5.3.0/../../../../../H-x86_64-pc-linux-gnu/nios2-elf/lib/libc.a(lib_a-findfp.o)
                0x0000000000005790                __sfmoreglue
 .text.__sfp    0x00000000000057f8      0x118 /home/nathan/Documents/Misc/quartus-free/pkg/quartus-free/opt/altera/18.1/nios2eds/bin/gnu/H-x86_64-pc-linux-gnu/bin/../lib/gcc/nios2-elf/5.3.0/../../../../../H-x86_64-pc-linux-gnu/nios2-elf/lib/libc.a(lib_a-findfp.o)
                0x00000000000057f8                __sfp
 .text._cleanup
                0x0000000000005910       0x18 /home/nathan/Documents/Misc/quartus-free/pkg/quartus-free/opt/altera/18.1/nios2eds/bin/gnu/H-x86_64-pc-linux-gnu/bin/../lib/gcc/nios2-elf/5.3.0/../../../../../H-x86_64-pc-linux-gnu/nios2-elf/lib/libc.a(lib_a-findfp.o)
                0x0000000000005910                _cleanup
 .text.__sinit  0x0000000000005928       0x10 /home/nathan/Documents/Misc/quartus-free/pkg/quartus-free/opt/altera/18.1/nios2eds/bin/gnu/H-x86_64-pc-linux-gnu/bin/../lib/gcc/nios2-elf/5.3.0/../../../../../H-x86_64-pc-linux-gnu/nios2-elf/lib/libc.a(lib_a-findfp.o)
                0x0000000000005928                __sinit
 .text.__sfp_lock_acquire
                0x0000000000005938        0x4 /home/nathan/Documents/Misc/quartus-free/pkg/quartus-free/opt/altera/18.1/nios2eds/bin/gnu/H-x86_64-pc-linux-gnu/bin/../lib/gcc/nios2-elf/5.3.0/../../../../../H-x86_64-pc-linux-gnu/nios2-elf/lib/libc.a(lib_a-findfp.o)
                0x0000000000005938                __sfp_lock_acquire
 .text.__sfp_lock_release
                0x000000000000593c        0x4 /home/nathan/Documents/Misc/quartus-free/pkg/quartus-free/opt/altera/18.1/nios2eds/bin/gnu/H-x86_64-pc-linux-gnu/bin/../lib/gcc/nios2-elf/5.3.0/../../../../../H-x86_64-pc-linux-gnu/nios2-elf/lib/libc.a(lib_a-findfp.o)
                0x000000000000593c                __sfp_lock_release
 .text.__sinit_lock_acquire
                0x0000000000005940        0x4 /home/nathan/Documents/Misc/quartus-free/pkg/quartus-free/opt/altera/18.1/nios2eds/bin/gnu/H-x86_64-pc-linux-gnu/bin/../lib/gcc/nios2-elf/5.3.0/../../../../../H-x86_64-pc-linux-gnu/nios2-elf/lib/libc.a(lib_a-findfp.o)
                0x0000000000005940                __sinit_lock_acquire
 .text.__sinit_lock_release
                0x0000000000005944        0x4 /home/nathan/Documents/Misc/quartus-free/pkg/quartus-free/opt/altera/18.1/nios2eds/bin/gnu/H-x86_64-pc-linux-gnu/bin/../lib/gcc/nios2-elf/5.3.0/../../../../../H-x86_64-pc-linux-gnu/nios2-elf/lib/libc.a(lib_a-findfp.o)
                0x0000000000005944                __sinit_lock_release
 .text.__fp_lock_all
                0x0000000000005948       0x18 /home/nathan/Documents/Misc/quartus-free/pkg/quartus-free/opt/altera/18.1/nios2eds/bin/gnu/H-x86_64-pc-linux-gnu/bin/../lib/gcc/nios2-elf/5.3.0/../../../../../H-x86_64-pc-linux-gnu/nios2-elf/lib/libc.a(lib_a-findfp.o)
                0x0000000000005948                __fp_lock_all
 .text.__fp_unlock_all
                0x0000000000005960       0x18 /home/nathan/Documents/Misc/quartus-free/pkg/quartus-free/opt/altera/18.1/nios2eds/bin/gnu/H-x86_64-pc-linux-gnu/bin/../lib/gcc/nios2-elf/5.3.0/../../../../../H-x86_64-pc-linux-gnu/nios2-elf/lib/libc.a(lib_a-findfp.o)
                0x0000000000005960                __fp_unlock_all
 .text          0x0000000000005978        0x0 /home/nathan/Documents/Misc/quartus-free/pkg/quartus-free/opt/altera/18.1/nios2eds/bin/gnu/H-x86_64-pc-linux-gnu/bin/../lib/gcc/nios2-elf/5.3.0/../../../../../H-x86_64-pc-linux-gnu/nios2-elf/lib/libc.a(lib_a-freer.o)
 .text._malloc_trim_r
                0x0000000000005978      0x124 /home/nathan/Documents/Misc/quartus-free/pkg/quartus-free/opt/altera/18.1/nios2eds/bin/gnu/H-x86_64-pc-linux-gnu/bin/../lib/gcc/nios2-elf/5.3.0/../../../../../H-x86_64-pc-linux-gnu/nios2-elf/lib/libc.a(lib_a-freer.o)
                0x0000000000005978                _malloc_trim_r
 .text._free_r  0x0000000000005a9c      0x310 /home/nathan/Documents/Misc/quartus-free/pkg/quartus-free/opt/altera/18.1/nios2eds/bin/gnu/H-x86_64-pc-linux-gnu/bin/../lib/gcc/nios2-elf/5.3.0/../../../../../H-x86_64-pc-linux-gnu/nios2-elf/lib/libc.a(lib_a-freer.o)
                0x0000000000005a9c                _free_r
 .text          0x0000000000005dac        0x0 /home/nathan/Documents/Misc/quartus-free/pkg/quartus-free/opt/altera/18.1/nios2eds/bin/gnu/H-x86_64-pc-linux-gnu/bin/../lib/gcc/nios2-elf/5.3.0/../../../../../H-x86_64-pc-linux-gnu/nios2-elf/lib/libc.a(lib_a-fvwrite.o)
 .text.__sfvwrite_r
                0x0000000000005dac      0x4bc /home/nathan/Documents/Misc/quartus-free/pkg/quartus-free/opt/altera/18.1/nios2eds/bin/gnu/H-x86_64-pc-linux-gnu/bin/../lib/gcc/nios2-elf/5.3.0/../../../../../H-x86_64-pc-linux-gnu/nios2-elf/lib/libc.a(lib_a-fvwrite.o)
                0x0000000000005dac                __sfvwrite_r
 .text          0x0000000000006268        0x0 /home/nathan/Documents/Misc/quartus-free/pkg/quartus-free/opt/altera/18.1/nios2eds/bin/gnu/H-x86_64-pc-linux-gnu/bin/../lib/gcc/nios2-elf/5.3.0/../../../../../H-x86_64-pc-linux-gnu/nios2-elf/lib/libc.a(lib_a-fwalk.o)
 .text._fwalk   0x0000000000006268       0xc4 /home/nathan/Documents/Misc/quartus-free/pkg/quartus-free/opt/altera/18.1/nios2eds/bin/gnu/H-x86_64-pc-linux-gnu/bin/../lib/gcc/nios2-elf/5.3.0/../../../../../H-x86_64-pc-linux-gnu/nios2-elf/lib/libc.a(lib_a-fwalk.o)
                0x0000000000006268                _fwalk
 .text._fwalk_reent
                0x000000000000632c       0xc4 /home/nathan/Documents/Misc/quartus-free/pkg/quartus-free/opt/altera/18.1/nios2eds/bin/gnu/H-x86_64-pc-linux-gnu/bin/../lib/gcc/nios2-elf/5.3.0/../../../../../H-x86_64-pc-linux-gnu/nios2-elf/lib/libc.a(lib_a-fwalk.o)
                0x000000000000632c                _fwalk_reent
 .text          0x00000000000063f0        0x0 /home/nathan/Documents/Misc/quartus-free/pkg/quartus-free/opt/altera/18.1/nios2eds/bin/gnu/H-x86_64-pc-linux-gnu/bin/../lib/gcc/nios2-elf/5.3.0/../../../../../H-x86_64-pc-linux-gnu/nios2-elf/lib/libc.a(lib_a-impure.o)
 .text          0x00000000000063f0        0x0 /home/nathan/Documents/Misc/quartus-free/pkg/quartus-free/opt/altera/18.1/nios2eds/bin/gnu/H-x86_64-pc-linux-gnu/bin/../lib/gcc/nios2-elf/5.3.0/../../../../../H-x86_64-pc-linux-gnu/nios2-elf/lib/libc.a(lib_a-int_errno.o)
 .text          0x00000000000063f0        0x0 /home/nathan/Documents/Misc/quartus-free/pkg/quartus-free/opt/altera/18.1/nios2eds/bin/gnu/H-x86_64-pc-linux-gnu/bin/../lib/gcc/nios2-elf/5.3.0/../../../../../H-x86_64-pc-linux-gnu/nios2-elf/lib/libc.a(lib_a-locale.o)
 .text._setlocale_r
                0x00000000000063f0       0x7c /home/nathan/Documents/Misc/quartus-free/pkg/quartus-free/opt/altera/18.1/nios2eds/bin/gnu/H-x86_64-pc-linux-gnu/bin/../lib/gcc/nios2-elf/5.3.0/../../../../../H-x86_64-pc-linux-gnu/nios2-elf/lib/libc.a(lib_a-locale.o)
                0x00000000000063f0                _setlocale_r
 .text.__locale_charset
                0x000000000000646c        0xc /home/nathan/Documents/Misc/quartus-free/pkg/quartus-free/opt/altera/18.1/nios2eds/bin/gnu/H-x86_64-pc-linux-gnu/bin/../lib/gcc/nios2-elf/5.3.0/../../../../../H-x86_64-pc-linux-gnu/nios2-elf/lib/libc.a(lib_a-locale.o)
                0x000000000000646c                __locale_charset
 .text.__locale_mb_cur_max
                0x0000000000006478       0x10 /home/nathan/Documents/Misc/quartus-free/pkg/quartus-free/opt/altera/18.1/nios2eds/bin/gnu/H-x86_64-pc-linux-gnu/bin/../lib/gcc/nios2-elf/5.3.0/../../../../../H-x86_64-pc-linux-gnu/nios2-elf/lib/libc.a(lib_a-locale.o)
                0x0000000000006478                __locale_mb_cur_max
 .text.__locale_msgcharset
                0x0000000000006488        0xc /home/nathan/Documents/Misc/quartus-free/pkg/quartus-free/opt/altera/18.1/nios2eds/bin/gnu/H-x86_64-pc-linux-gnu/bin/../lib/gcc/nios2-elf/5.3.0/../../../../../H-x86_64-pc-linux-gnu/nios2-elf/lib/libc.a(lib_a-locale.o)
                0x0000000000006488                __locale_msgcharset
 .text.__locale_cjk_lang
                0x0000000000006494        0x8 /home/nathan/Documents/Misc/quartus-free/pkg/quartus-free/opt/altera/18.1/nios2eds/bin/gnu/H-x86_64-pc-linux-gnu/bin/../lib/gcc/nios2-elf/5.3.0/../../../../../H-x86_64-pc-linux-gnu/nios2-elf/lib/libc.a(lib_a-locale.o)
                0x0000000000006494                __locale_cjk_lang
 .text._localeconv_r
                0x000000000000649c        0xc /home/nathan/Documents/Misc/quartus-free/pkg/quartus-free/opt/altera/18.1/nios2eds/bin/gnu/H-x86_64-pc-linux-gnu/bin/../lib/gcc/nios2-elf/5.3.0/../../../../../H-x86_64-pc-linux-gnu/nios2-elf/lib/libc.a(lib_a-locale.o)
                0x000000000000649c                _localeconv_r
 .text.setlocale
                0x00000000000064a8       0x18 /home/nathan/Documents/Misc/quartus-free/pkg/quartus-free/opt/altera/18.1/nios2eds/bin/gnu/H-x86_64-pc-linux-gnu/bin/../lib/gcc/nios2-elf/5.3.0/../../../../../H-x86_64-pc-linux-gnu/nios2-elf/lib/libc.a(lib_a-locale.o)
                0x00000000000064a8                setlocale
 .text.localeconv
                0x00000000000064c0        0xc /home/nathan/Documents/Misc/quartus-free/pkg/quartus-free/opt/altera/18.1/nios2eds/bin/gnu/H-x86_64-pc-linux-gnu/bin/../lib/gcc/nios2-elf/5.3.0/../../../../../H-x86_64-pc-linux-gnu/nios2-elf/lib/libc.a(lib_a-locale.o)
                0x00000000000064c0                localeconv
 .text          0x00000000000064cc        0x0 /home/nathan/Documents/Misc/quartus-free/pkg/quartus-free/opt/altera/18.1/nios2eds/bin/gnu/H-x86_64-pc-linux-gnu/bin/../lib/gcc/nios2-elf/5.3.0/../../../../../H-x86_64-pc-linux-gnu/nios2-elf/lib/libc.a(lib_a-makebuf.o)
 .text.__smakebuf_r
                0x00000000000064cc      0x1bc /home/nathan/Documents/Misc/quartus-free/pkg/quartus-free/opt/altera/18.1/nios2eds/bin/gnu/H-x86_64-pc-linux-gnu/bin/../lib/gcc/nios2-elf/5.3.0/../../../../../H-x86_64-pc-linux-gnu/nios2-elf/lib/libc.a(lib_a-makebuf.o)
                0x00000000000064cc                __smakebuf_r
 .text          0x0000000000006688        0x0 /home/nathan/Documents/Misc/quartus-free/pkg/quartus-free/opt/altera/18.1/nios2eds/bin/gnu/H-x86_64-pc-linux-gnu/bin/../lib/gcc/nios2-elf/5.3.0/../../../../../H-x86_64-pc-linux-gnu/nios2-elf/lib/libc.a(lib_a-memchr.o)
 .text.memchr   0x0000000000006688       0xe4 /home/nathan/Documents/Misc/quartus-free/pkg/quartus-free/opt/altera/18.1/nios2eds/bin/gnu/H-x86_64-pc-linux-gnu/bin/../lib/gcc/nios2-elf/5.3.0/../../../../../H-x86_64-pc-linux-gnu/nios2-elf/lib/libc.a(lib_a-memchr.o)
                0x0000000000006688                memchr
 .text          0x000000000000676c        0x0 /home/nathan/Documents/Misc/quartus-free/pkg/quartus-free/opt/altera/18.1/nios2eds/bin/gnu/H-x86_64-pc-linux-gnu/bin/../lib/gcc/nios2-elf/5.3.0/../../../../../H-x86_64-pc-linux-gnu/nios2-elf/lib/libc.a(lib_a-memcpy.o)
 .text.memcpy   0x000000000000676c      0x148 /home/nathan/Documents/Misc/quartus-free/pkg/quartus-free/opt/altera/18.1/nios2eds/bin/gnu/H-x86_64-pc-linux-gnu/bin/../lib/gcc/nios2-elf/5.3.0/../../../../../H-x86_64-pc-linux-gnu/nios2-elf/lib/libc.a(lib_a-memcpy.o)
                0x000000000000676c                memcpy
 .text          0x00000000000068b4        0x0 /home/nathan/Documents/Misc/quartus-free/pkg/quartus-free/opt/altera/18.1/nios2eds/bin/gnu/H-x86_64-pc-linux-gnu/bin/../lib/gcc/nios2-elf/5.3.0/../../../../../H-x86_64-pc-linux-gnu/nios2-elf/lib/libc.a(lib_a-memmove.o)
 .text.memmove  0x00000000000068b4      0x15c /home/nathan/Documents/Misc/quartus-free/pkg/quartus-free/opt/altera/18.1/nios2eds/bin/gnu/H-x86_64-pc-linux-gnu/bin/../lib/gcc/nios2-elf/5.3.0/../../../../../H-x86_64-pc-linux-gnu/nios2-elf/lib/libc.a(lib_a-memmove.o)
                0x00000000000068b4                memmove
 .text          0x0000000000006a10        0x0 /home/nathan/Documents/Misc/quartus-free/pkg/quartus-free/opt/altera/18.1/nios2eds/bin/gnu/H-x86_64-pc-linux-gnu/bin/../lib/gcc/nios2-elf/5.3.0/../../../../../H-x86_64-pc-linux-gnu/nios2-elf/lib/libc.a(lib_a-memset.o)
 .text.memset   0x0000000000006a10      0x128 /home/nathan/Documents/Misc/quartus-free/pkg/quartus-free/opt/altera/18.1/nios2eds/bin/gnu/H-x86_64-pc-linux-gnu/bin/../lib/gcc/nios2-elf/5.3.0/../../../../../H-x86_64-pc-linux-gnu/nios2-elf/lib/libc.a(lib_a-memset.o)
                0x0000000000006a10                memset
 .text          0x0000000000006b38        0x0 /home/nathan/Documents/Misc/quartus-free/pkg/quartus-free/opt/altera/18.1/nios2eds/bin/gnu/H-x86_64-pc-linux-gnu/bin/../lib/gcc/nios2-elf/5.3.0/../../../../../H-x86_64-pc-linux-gnu/nios2-elf/lib/libc.a(lib_a-mprec.o)
 .text._Balloc  0x0000000000006b38       0xa8 /home/nathan/Documents/Misc/quartus-free/pkg/quartus-free/opt/altera/18.1/nios2eds/bin/gnu/H-x86_64-pc-linux-gnu/bin/../lib/gcc/nios2-elf/5.3.0/../../../../../H-x86_64-pc-linux-gnu/nios2-elf/lib/libc.a(lib_a-mprec.o)
                0x0000000000006b38                _Balloc
 .text._Bfree   0x0000000000006be0       0x28 /home/nathan/Documents/Misc/quartus-free/pkg/quartus-free/opt/altera/18.1/nios2eds/bin/gnu/H-x86_64-pc-linux-gnu/bin/../lib/gcc/nios2-elf/5.3.0/../../../../../H-x86_64-pc-linux-gnu/nios2-elf/lib/libc.a(lib_a-mprec.o)
                0x0000000000006be0                _Bfree
 .text.__multadd
                0x0000000000006c08      0x120 /home/nathan/Documents/Misc/quartus-free/pkg/quartus-free/opt/altera/18.1/nios2eds/bin/gnu/H-x86_64-pc-linux-gnu/bin/../lib/gcc/nios2-elf/5.3.0/../../../../../H-x86_64-pc-linux-gnu/nios2-elf/lib/libc.a(lib_a-mprec.o)
                0x0000000000006c08                __multadd
 .text.__s2b    0x0000000000006d28      0x104 /home/nathan/Documents/Misc/quartus-free/pkg/quartus-free/opt/altera/18.1/nios2eds/bin/gnu/H-x86_64-pc-linux-gnu/bin/../lib/gcc/nios2-elf/5.3.0/../../../../../H-x86_64-pc-linux-gnu/nios2-elf/lib/libc.a(lib_a-mprec.o)
                0x0000000000006d28                __s2b
 .text.__hi0bits
                0x0000000000006e2c       0x68 /home/nathan/Documents/Misc/quartus-free/pkg/quartus-free/opt/altera/18.1/nios2eds/bin/gnu/H-x86_64-pc-linux-gnu/bin/../lib/gcc/nios2-elf/5.3.0/../../../../../H-x86_64-pc-linux-gnu/nios2-elf/lib/libc.a(lib_a-mprec.o)
                0x0000000000006e2c                __hi0bits
 .text.__lo0bits
                0x0000000000006e94       0xb0 /home/nathan/Documents/Misc/quartus-free/pkg/quartus-free/opt/altera/18.1/nios2eds/bin/gnu/H-x86_64-pc-linux-gnu/bin/../lib/gcc/nios2-elf/5.3.0/../../../../../H-x86_64-pc-linux-gnu/nios2-elf/lib/libc.a(lib_a-mprec.o)
                0x0000000000006e94                __lo0bits
 .text.__i2b    0x0000000000006f44       0x3c /home/nathan/Documents/Misc/quartus-free/pkg/quartus-free/opt/altera/18.1/nios2eds/bin/gnu/H-x86_64-pc-linux-gnu/bin/../lib/gcc/nios2-elf/5.3.0/../../../../../H-x86_64-pc-linux-gnu/nios2-elf/lib/libc.a(lib_a-mprec.o)
                0x0000000000006f44                __i2b
 .text.__multiply
                0x0000000000006f80      0x1f8 /home/nathan/Documents/Misc/quartus-free/pkg/quartus-free/opt/altera/18.1/nios2eds/bin/gnu/H-x86_64-pc-linux-gnu/bin/../lib/gcc/nios2-elf/5.3.0/../../../../../H-x86_64-pc-linux-gnu/nios2-elf/lib/libc.a(lib_a-mprec.o)
                0x0000000000006f80                __multiply
 .text.__pow5mult
                0x0000000000007178      0x140 /home/nathan/Documents/Misc/quartus-free/pkg/quartus-free/opt/altera/18.1/nios2eds/bin/gnu/H-x86_64-pc-linux-gnu/bin/../lib/gcc/nios2-elf/5.3.0/../../../../../H-x86_64-pc-linux-gnu/nios2-elf/lib/libc.a(lib_a-mprec.o)
                0x0000000000007178                __pow5mult
 .text.__lshift
                0x00000000000072b8      0x148 /home/nathan/Documents/Misc/quartus-free/pkg/quartus-free/opt/altera/18.1/nios2eds/bin/gnu/H-x86_64-pc-linux-gnu/bin/../lib/gcc/nios2-elf/5.3.0/../../../../../H-x86_64-pc-linux-gnu/nios2-elf/lib/libc.a(lib_a-mprec.o)
                0x00000000000072b8                __lshift
 .text.__mcmp   0x0000000000007400       0x60 /home/nathan/Documents/Misc/quartus-free/pkg/quartus-free/opt/altera/18.1/nios2eds/bin/gnu/H-x86_64-pc-linux-gnu/bin/../lib/gcc/nios2-elf/5.3.0/../../../../../H-x86_64-pc-linux-gnu/nios2-elf/lib/libc.a(lib_a-mprec.o)
                0x0000000000007400                __mcmp
 .text.__mdiff  0x0000000000007460      0x1fc /home/nathan/Documents/Misc/quartus-free/pkg/quartus-free/opt/altera/18.1/nios2eds/bin/gnu/H-x86_64-pc-linux-gnu/bin/../lib/gcc/nios2-elf/5.3.0/../../../../../H-x86_64-pc-linux-gnu/nios2-elf/lib/libc.a(lib_a-mprec.o)
                0x0000000000007460                __mdiff
 .text.__ulp    0x000000000000765c       0x64 /home/nathan/Documents/Misc/quartus-free/pkg/quartus-free/opt/altera/18.1/nios2eds/bin/gnu/H-x86_64-pc-linux-gnu/bin/../lib/gcc/nios2-elf/5.3.0/../../../../../H-x86_64-pc-linux-gnu/nios2-elf/lib/libc.a(lib_a-mprec.o)
                0x000000000000765c                __ulp
 .text.__b2d    0x00000000000076c0      0x10c /home/nathan/Documents/Misc/quartus-free/pkg/quartus-free/opt/altera/18.1/nios2eds/bin/gnu/H-x86_64-pc-linux-gnu/bin/../lib/gcc/nios2-elf/5.3.0/../../../../../H-x86_64-pc-linux-gnu/nios2-elf/lib/libc.a(lib_a-mprec.o)
                0x00000000000076c0                __b2d
 .text.__d2b    0x00000000000077cc      0x14c /home/nathan/Documents/Misc/quartus-free/pkg/quartus-free/opt/altera/18.1/nios2eds/bin/gnu/H-x86_64-pc-linux-gnu/bin/../lib/gcc/nios2-elf/5.3.0/../../../../../H-x86_64-pc-linux-gnu/nios2-elf/lib/libc.a(lib_a-mprec.o)
                0x00000000000077cc                __d2b
 .text.__ratio  0x0000000000007918       0xa4 /home/nathan/Documents/Misc/quartus-free/pkg/quartus-free/opt/altera/18.1/nios2eds/bin/gnu/H-x86_64-pc-linux-gnu/bin/../lib/gcc/nios2-elf/5.3.0/../../../../../H-x86_64-pc-linux-gnu/nios2-elf/lib/libc.a(lib_a-mprec.o)
                0x0000000000007918                __ratio
 .text._mprec_log10
                0x00000000000079bc       0x74 /home/nathan/Documents/Misc/quartus-free/pkg/quartus-free/opt/altera/18.1/nios2eds/bin/gnu/H-x86_64-pc-linux-gnu/bin/../lib/gcc/nios2-elf/5.3.0/../../../../../H-x86_64-pc-linux-gnu/nios2-elf/lib/libc.a(lib_a-mprec.o)
                0x00000000000079bc                _mprec_log10
 .text.__copybits
                0x0000000000007a30       0x78 /home/nathan/Documents/Misc/quartus-free/pkg/quartus-free/opt/altera/18.1/nios2eds/bin/gnu/H-x86_64-pc-linux-gnu/bin/../lib/gcc/nios2-elf/5.3.0/../../../../../H-x86_64-pc-linux-gnu/nios2-elf/lib/libc.a(lib_a-mprec.o)
                0x0000000000007a30                __copybits
 .text.__any_on
                0x0000000000007aa8       0x8c /home/nathan/Documents/Misc/quartus-free/pkg/quartus-free/opt/altera/18.1/nios2eds/bin/gnu/H-x86_64-pc-linux-gnu/bin/../lib/gcc/nios2-elf/5.3.0/../../../../../H-x86_64-pc-linux-gnu/nios2-elf/lib/libc.a(lib_a-mprec.o)
                0x0000000000007aa8                __any_on
 .text          0x0000000000007b34        0x0 /home/nathan/Documents/Misc/quartus-free/pkg/quartus-free/opt/altera/18.1/nios2eds/bin/gnu/H-x86_64-pc-linux-gnu/bin/../lib/gcc/nios2-elf/5.3.0/../../../../../H-x86_64-pc-linux-gnu/nios2-elf/lib/libc.a(lib_a-reallocr.o)
 .text._realloc_r
                0x0000000000007b34      0x564 /home/nathan/Documents/Misc/quartus-free/pkg/quartus-free/opt/altera/18.1/nios2eds/bin/gnu/H-x86_64-pc-linux-gnu/bin/../lib/gcc/nios2-elf/5.3.0/../../../../../H-x86_64-pc-linux-gnu/nios2-elf/lib/libc.a(lib_a-reallocr.o)
                0x0000000000007b34                _realloc_r
 .text          0x0000000000008098        0x0 /home/nathan/Documents/Misc/quartus-free/pkg/quartus-free/opt/altera/18.1/nios2eds/bin/gnu/H-x86_64-pc-linux-gnu/bin/../lib/gcc/nios2-elf/5.3.0/../../../../../H-x86_64-pc-linux-gnu/nios2-elf/lib/libc.a(lib_a-s_fpclassify.o)
 .text.__fpclassifyd
                0x0000000000008098       0x74 /home/nathan/Documents/Misc/quartus-free/pkg/quartus-free/opt/altera/18.1/nios2eds/bin/gnu/H-x86_64-pc-linux-gnu/bin/../lib/gcc/nios2-elf/5.3.0/../../../../../H-x86_64-pc-linux-gnu/nios2-elf/lib/libc.a(lib_a-s_fpclassify.o)
                0x0000000000008098                __fpclassifyd
 .text          0x000000000000810c        0x0 /home/nathan/Documents/Misc/quartus-free/pkg/quartus-free/opt/altera/18.1/nios2eds/bin/gnu/H-x86_64-pc-linux-gnu/bin/../lib/gcc/nios2-elf/5.3.0/../../../../../H-x86_64-pc-linux-gnu/nios2-elf/lib/libc.a(lib_a-stdio.o)
 .text.__sread  0x000000000000810c       0x54 /home/nathan/Documents/Misc/quartus-free/pkg/quartus-free/opt/altera/18.1/nios2eds/bin/gnu/H-x86_64-pc-linux-gnu/bin/../lib/gcc/nios2-elf/5.3.0/../../../../../H-x86_64-pc-linux-gnu/nios2-elf/lib/libc.a(lib_a-stdio.o)
                0x000000000000810c                __sread
 .text.__seofread
                0x0000000000008160        0x8 /home/nathan/Documents/Misc/quartus-free/pkg/quartus-free/opt/altera/18.1/nios2eds/bin/gnu/H-x86_64-pc-linux-gnu/bin/../lib/gcc/nios2-elf/5.3.0/../../../../../H-x86_64-pc-linux-gnu/nios2-elf/lib/libc.a(lib_a-stdio.o)
                0x0000000000008160                __seofread
 .text.__swrite
                0x0000000000008168       0x7c /home/nathan/Documents/Misc/quartus-free/pkg/quartus-free/opt/altera/18.1/nios2eds/bin/gnu/H-x86_64-pc-linux-gnu/bin/../lib/gcc/nios2-elf/5.3.0/../../../../../H-x86_64-pc-linux-gnu/nios2-elf/lib/libc.a(lib_a-stdio.o)
                0x0000000000008168                __swrite
 .text.__sseek  0x00000000000081e4       0x5c /home/nathan/Documents/Misc/quartus-free/pkg/quartus-free/opt/altera/18.1/nios2eds/bin/gnu/H-x86_64-pc-linux-gnu/bin/../lib/gcc/nios2-elf/5.3.0/../../../../../H-x86_64-pc-linux-gnu/nios2-elf/lib/libc.a(lib_a-stdio.o)
                0x00000000000081e4                __sseek
 .text.__sclose
                0x0000000000008240        0x8 /home/nathan/Documents/Misc/quartus-free/pkg/quartus-free/opt/altera/18.1/nios2eds/bin/gnu/H-x86_64-pc-linux-gnu/bin/../lib/gcc/nios2-elf/5.3.0/../../../../../H-x86_64-pc-linux-gnu/nios2-elf/lib/libc.a(lib_a-stdio.o)
                0x0000000000008240                __sclose
 .text          0x0000000000008248        0x0 /home/nathan/Documents/Misc/quartus-free/pkg/quartus-free/opt/altera/18.1/nios2eds/bin/gnu/H-x86_64-pc-linux-gnu/bin/../lib/gcc/nios2-elf/5.3.0/../../../../../H-x86_64-pc-linux-gnu/nios2-elf/lib/libc.a(lib_a-strcmp.o)
 .text.strcmp   0x0000000000008248       0xdc /home/nathan/Documents/Misc/quartus-free/pkg/quartus-free/opt/altera/18.1/nios2eds/bin/gnu/H-x86_64-pc-linux-gnu/bin/../lib/gcc/nios2-elf/5.3.0/../../../../../H-x86_64-pc-linux-gnu/nios2-elf/lib/libc.a(lib_a-strcmp.o)
                0x0000000000008248                strcmp
 .text          0x0000000000008324        0x0 /home/nathan/Documents/Misc/quartus-free/pkg/quartus-free/opt/altera/18.1/nios2eds/bin/gnu/H-x86_64-pc-linux-gnu/bin/../lib/gcc/nios2-elf/5.3.0/../../../../../H-x86_64-pc-linux-gnu/nios2-elf/lib/libc.a(lib_a-vfiprintf.o)
 .text.__sprint_r.part.0
                0x0000000000008324       0xfc /home/nathan/Documents/Misc/quartus-free/pkg/quartus-free/opt/altera/18.1/nios2eds/bin/gnu/H-x86_64-pc-linux-gnu/bin/../lib/gcc/nios2-elf/5.3.0/../../../../../H-x86_64-pc-linux-gnu/nios2-elf/lib/libc.a(lib_a-vfiprintf.o)
 .text.__sprint_r
                0x0000000000008420       0x18 /home/nathan/Documents/Misc/quartus-free/pkg/quartus-free/opt/altera/18.1/nios2eds/bin/gnu/H-x86_64-pc-linux-gnu/bin/../lib/gcc/nios2-elf/5.3.0/../../../../../H-x86_64-pc-linux-gnu/nios2-elf/lib/libc.a(lib_a-vfiprintf.o)
                0x0000000000008420                __sprint_r
 .text.___vfiprintf_internal_r
                0x0000000000008438     0x145c /home/nathan/Documents/Misc/quartus-free/pkg/quartus-free/opt/altera/18.1/nios2eds/bin/gnu/H-x86_64-pc-linux-gnu/bin/../lib/gcc/nios2-elf/5.3.0/../../../../../H-x86_64-pc-linux-gnu/nios2-elf/lib/libc.a(lib_a-vfiprintf.o)
                0x0000000000008438                ___vfiprintf_internal_r
 .text.__vfiprintf_internal
                0x0000000000009894       0x1c /home/nathan/Documents/Misc/quartus-free/pkg/quartus-free/opt/altera/18.1/nios2eds/bin/gnu/H-x86_64-pc-linux-gnu/bin/../lib/gcc/nios2-elf/5.3.0/../../../../../H-x86_64-pc-linux-gnu/nios2-elf/lib/libc.a(lib_a-vfiprintf.o)
                0x0000000000009894                __vfiprintf_internal
 .text.__sbprintf
                0x00000000000098b0       0xbc /home/nathan/Documents/Misc/quartus-free/pkg/quartus-free/opt/altera/18.1/nios2eds/bin/gnu/H-x86_64-pc-linux-gnu/bin/../lib/gcc/nios2-elf/5.3.0/../../../../../H-x86_64-pc-linux-gnu/nios2-elf/lib/libc.a(lib_a-vfiprintf.o)
 .text          0x000000000000996c        0x0 /home/nathan/Documents/Misc/quartus-free/pkg/quartus-free/opt/altera/18.1/nios2eds/bin/gnu/H-x86_64-pc-linux-gnu/bin/../lib/gcc/nios2-elf/5.3.0/../../../../../H-x86_64-pc-linux-gnu/nios2-elf/lib/libc.a(lib_a-writer.o)
 .text._write_r
                0x000000000000996c       0x60 /home/nathan/Documents/Misc/quartus-free/pkg/quartus-free/opt/altera/18.1/nios2eds/bin/gnu/H-x86_64-pc-linux-gnu/bin/../lib/gcc/nios2-elf/5.3.0/../../../../../H-x86_64-pc-linux-gnu/nios2-elf/lib/libc.a(lib_a-writer.o)
                0x000000000000996c                _write_r
 .text          0x00000000000099cc        0x0 /home/nathan/Documents/Misc/quartus-free/pkg/quartus-free/opt/altera/18.1/nios2eds/bin/gnu/H-x86_64-pc-linux-gnu/bin/../lib/gcc/nios2-elf/5.3.0/../../../../../H-x86_64-pc-linux-gnu/nios2-elf/lib/libc.a(closer.o)
 .text._close_r
                0x00000000000099cc       0x54 /home/nathan/Documents/Misc/quartus-free/pkg/quartus-free/opt/altera/18.1/nios2eds/bin/gnu/H-x86_64-pc-linux-gnu/bin/../lib/gcc/nios2-elf/5.3.0/../../../../../H-x86_64-pc-linux-gnu/nios2-elf/lib/libc.a(closer.o)
                0x00000000000099cc                _close_r
 .text          0x0000000000009a20        0x0 /home/nathan/Documents/Misc/quartus-free/pkg/quartus-free/opt/altera/18.1/nios2eds/bin/gnu/H-x86_64-pc-linux-gnu/bin/../lib/gcc/nios2-elf/5.3.0/../../../../../H-x86_64-pc-linux-gnu/nios2-elf/lib/libc.a(lib_a-callocr.o)
 .text._calloc_r
                0x0000000000009a20       0xc4 /home/nathan/Documents/Misc/quartus-free/pkg/quartus-free/opt/altera/18.1/nios2eds/bin/gnu/H-x86_64-pc-linux-gnu/bin/../lib/gcc/nios2-elf/5.3.0/../../../../../H-x86_64-pc-linux-gnu/nios2-elf/lib/libc.a(lib_a-callocr.o)
                0x0000000000009a20                _calloc_r
 .text          0x0000000000009ae4        0x0 /home/nathan/Documents/Misc/quartus-free/pkg/quartus-free/opt/altera/18.1/nios2eds/bin/gnu/H-x86_64-pc-linux-gnu/bin/../lib/gcc/nios2-elf/5.3.0/../../../../../H-x86_64-pc-linux-gnu/nios2-elf/lib/libc.a(lib_a-fclose.o)
 .text._fclose_r
                0x0000000000009ae4       0xf0 /home/nathan/Documents/Misc/quartus-free/pkg/quartus-free/opt/altera/18.1/nios2eds/bin/gnu/H-x86_64-pc-linux-gnu/bin/../lib/gcc/nios2-elf/5.3.0/../../../../../H-x86_64-pc-linux-gnu/nios2-elf/lib/libc.a(lib_a-fclose.o)
                0x0000000000009ae4                _fclose_r
 .text.fclose   0x0000000000009bd4       0x14 /home/nathan/Documents/Misc/quartus-free/pkg/quartus-free/opt/altera/18.1/nios2eds/bin/gnu/H-x86_64-pc-linux-gnu/bin/../lib/gcc/nios2-elf/5.3.0/../../../../../H-x86_64-pc-linux-gnu/nios2-elf/lib/libc.a(lib_a-fclose.o)
                0x0000000000009bd4                fclose
 .text          0x0000000000009be8        0x0 /home/nathan/Documents/Misc/quartus-free/pkg/quartus-free/opt/altera/18.1/nios2eds/bin/gnu/H-x86_64-pc-linux-gnu/bin/../lib/gcc/nios2-elf/5.3.0/../../../../../H-x86_64-pc-linux-gnu/nios2-elf/lib/libc.a(lib_a-fputwc.o)
 .text.__fputwc
                0x0000000000009be8      0x164 /home/nathan/Documents/Misc/quartus-free/pkg/quartus-free/opt/altera/18.1/nios2eds/bin/gnu/H-x86_64-pc-linux-gnu/bin/../lib/gcc/nios2-elf/5.3.0/../../../../../H-x86_64-pc-linux-gnu/nios2-elf/lib/libc.a(lib_a-fputwc.o)
                0x0000000000009be8                __fputwc
 .text._fputwc_r
                0x0000000000009d4c       0x24 /home/nathan/Documents/Misc/quartus-free/pkg/quartus-free/opt/altera/18.1/nios2eds/bin/gnu/H-x86_64-pc-linux-gnu/bin/../lib/gcc/nios2-elf/5.3.0/../../../../../H-x86_64-pc-linux-gnu/nios2-elf/lib/libc.a(lib_a-fputwc.o)
                0x0000000000009d4c                _fputwc_r
 .text.fputwc   0x0000000000009d70       0x80 /home/nathan/Documents/Misc/quartus-free/pkg/quartus-free/opt/altera/18.1/nios2eds/bin/gnu/H-x86_64-pc-linux-gnu/bin/../lib/gcc/nios2-elf/5.3.0/../../../../../H-x86_64-pc-linux-gnu/nios2-elf/lib/libc.a(lib_a-fputwc.o)
                0x0000000000009d70                fputwc
 .text          0x0000000000009df0        0x0 /home/nathan/Documents/Misc/quartus-free/pkg/quartus-free/opt/altera/18.1/nios2eds/bin/gnu/H-x86_64-pc-linux-gnu/bin/../lib/gcc/nios2-elf/5.3.0/../../../../../H-x86_64-pc-linux-gnu/nios2-elf/lib/libc.a(lib_a-fstatr.o)
 .text._fstat_r
                0x0000000000009df0       0x5c /home/nathan/Documents/Misc/quartus-free/pkg/quartus-free/opt/altera/18.1/nios2eds/bin/gnu/H-x86_64-pc-linux-gnu/bin/../lib/gcc/nios2-elf/5.3.0/../../../../../H-x86_64-pc-linux-gnu/nios2-elf/lib/libc.a(lib_a-fstatr.o)
                0x0000000000009df0                _fstat_r
 .text          0x0000000000009e4c        0x0 /home/nathan/Documents/Misc/quartus-free/pkg/quartus-free/opt/altera/18.1/nios2eds/bin/gnu/H-x86_64-pc-linux-gnu/bin/../lib/gcc/nios2-elf/5.3.0/../../../../../H-x86_64-pc-linux-gnu/nios2-elf/lib/libc.a(lib_a-isattyr.o)
 .text._isatty_r
                0x0000000000009e4c       0x54 /home/nathan/Documents/Misc/quartus-free/pkg/quartus-free/opt/altera/18.1/nios2eds/bin/gnu/H-x86_64-pc-linux-gnu/bin/../lib/gcc/nios2-elf/5.3.0/../../../../../H-x86_64-pc-linux-gnu/nios2-elf/lib/libc.a(lib_a-isattyr.o)
                0x0000000000009e4c                _isatty_r
 .text          0x0000000000009ea0        0x0 /home/nathan/Documents/Misc/quartus-free/pkg/quartus-free/opt/altera/18.1/nios2eds/bin/gnu/H-x86_64-pc-linux-gnu/bin/../lib/gcc/nios2-elf/5.3.0/../../../../../H-x86_64-pc-linux-gnu/nios2-elf/lib/libc.a(lib_a-lseekr.o)
 .text._lseek_r
                0x0000000000009ea0       0x60 /home/nathan/Documents/Misc/quartus-free/pkg/quartus-free/opt/altera/18.1/nios2eds/bin/gnu/H-x86_64-pc-linux-gnu/bin/../lib/gcc/nios2-elf/5.3.0/../../../../../H-x86_64-pc-linux-gnu/nios2-elf/lib/libc.a(lib_a-lseekr.o)
                0x0000000000009ea0                _lseek_r
 .text          0x0000000000009f00        0x0 /home/nathan/Documents/Misc/quartus-free/pkg/quartus-free/opt/altera/18.1/nios2eds/bin/gnu/H-x86_64-pc-linux-gnu/bin/../lib/gcc/nios2-elf/5.3.0/../../../../../H-x86_64-pc-linux-gnu/nios2-elf/lib/libc.a(lib_a-readr.o)
 .text._read_r  0x0000000000009f00       0x60 /home/nathan/Documents/Misc/quartus-free/pkg/quartus-free/opt/altera/18.1/nios2eds/bin/gnu/H-x86_64-pc-linux-gnu/bin/../lib/gcc/nios2-elf/5.3.0/../../../../../H-x86_64-pc-linux-gnu/nios2-elf/lib/libc.a(lib_a-readr.o)
                0x0000000000009f00                _read_r
 .text          0x0000000000009f60        0x0 /home/nathan/Documents/Misc/quartus-free/pkg/quartus-free/opt/altera/18.1/nios2eds/bin/gnu/H-x86_64-pc-linux-gnu/bin/../lib/gcc/nios2-elf/5.3.0/../../../../../H-x86_64-pc-linux-gnu/nios2-elf/lib/libc.a(lib_a-wbuf.o)
 .text.__swbuf_r
                0x0000000000009f60      0x140 /home/nathan/Documents/Misc/quartus-free/pkg/quartus-free/opt/altera/18.1/nios2eds/bin/gnu/H-x86_64-pc-linux-gnu/bin/../lib/gcc/nios2-elf/5.3.0/../../../../../H-x86_64-pc-linux-gnu/nios2-elf/lib/libc.a(lib_a-wbuf.o)
                0x0000000000009f60                __swbuf_r
 .text.__swbuf  0x000000000000a0a0       0x18 /home/nathan/Documents/Misc/quartus-free/pkg/quartus-free/opt/altera/18.1/nios2eds/bin/gnu/H-x86_64-pc-linux-gnu/bin/../lib/gcc/nios2-elf/5.3.0/../../../../../H-x86_64-pc-linux-gnu/nios2-elf/lib/libc.a(lib_a-wbuf.o)
                0x000000000000a0a0                __swbuf
 .text          0x000000000000a0b8        0x0 /home/nathan/Documents/Misc/quartus-free/pkg/quartus-free/opt/altera/18.1/nios2eds/bin/gnu/H-x86_64-pc-linux-gnu/bin/../lib/gcc/nios2-elf/5.3.0/../../../../../H-x86_64-pc-linux-gnu/nios2-elf/lib/libc.a(lib_a-wcrtomb.o)
 .text._wcrtomb_r
                0x000000000000a0b8       0x9c /home/nathan/Documents/Misc/quartus-free/pkg/quartus-free/opt/altera/18.1/nios2eds/bin/gnu/H-x86_64-pc-linux-gnu/bin/../lib/gcc/nios2-elf/5.3.0/../../../../../H-x86_64-pc-linux-gnu/nios2-elf/lib/libc.a(lib_a-wcrtomb.o)
                0x000000000000a0b8                _wcrtomb_r
 .text.wcrtomb  0x000000000000a154       0xc0 /home/nathan/Documents/Misc/quartus-free/pkg/quartus-free/opt/altera/18.1/nios2eds/bin/gnu/H-x86_64-pc-linux-gnu/bin/../lib/gcc/nios2-elf/5.3.0/../../../../../H-x86_64-pc-linux-gnu/nios2-elf/lib/libc.a(lib_a-wcrtomb.o)
                0x000000000000a154                wcrtomb
 .text          0x000000000000a214        0x0 /home/nathan/Documents/Misc/quartus-free/pkg/quartus-free/opt/altera/18.1/nios2eds/bin/gnu/H-x86_64-pc-linux-gnu/bin/../lib/gcc/nios2-elf/5.3.0/../../../../../H-x86_64-pc-linux-gnu/nios2-elf/lib/libc.a(lib_a-wctomb_r.o)
 .text.__ascii_wctomb
                0x000000000000a214       0x30 /home/nathan/Documents/Misc/quartus-free/pkg/quartus-free/opt/altera/18.1/nios2eds/bin/gnu/H-x86_64-pc-linux-gnu/bin/../lib/gcc/nios2-elf/5.3.0/../../../../../H-x86_64-pc-linux-gnu/nios2-elf/lib/libc.a(lib_a-wctomb_r.o)
                0x000000000000a214                __ascii_wctomb
 .text._wctomb_r
                0x000000000000a244       0x5c /home/nathan/Documents/Misc/quartus-free/pkg/quartus-free/opt/altera/18.1/nios2eds/bin/gnu/H-x86_64-pc-linux-gnu/bin/../lib/gcc/nios2-elf/5.3.0/../../../../../H-x86_64-pc-linux-gnu/nios2-elf/lib/libc.a(lib_a-wctomb_r.o)
                0x000000000000a244                _wctomb_r
 .text          0x000000000000a2a0      0x578 /home/nathan/Documents/Misc/quartus-free/pkg/quartus-free/opt/altera/18.1/nios2eds/bin/gnu/H-x86_64-pc-linux-gnu/bin/../lib/gcc/nios2-elf/5.3.0/libgcc.a(_udivdi3.o)
                0x000000000000a2a0                __udivdi3
 .text          0x000000000000a818      0x538 /home/nathan/Documents/Misc/quartus-free/pkg/quartus-free/opt/altera/18.1/nios2eds/bin/gnu/H-x86_64-pc-linux-gnu/bin/../lib/gcc/nios2-elf/5.3.0/libgcc.a(_umoddi3.o)
                0x000000000000a818                __umoddi3
 .text          0x000000000000ad50      0x8ac /home/nathan/Documents/Misc/quartus-free/pkg/quartus-free/opt/altera/18.1/nios2eds/bin/gnu/H-x86_64-pc-linux-gnu/bin/../lib/gcc/nios2-elf/5.3.0/libgcc.a(adddf3.o)
                0x000000000000ad50                __adddf3
 .text          0x000000000000b5fc      0x8e8 /home/nathan/Documents/Misc/quartus-free/pkg/quartus-free/opt/altera/18.1/nios2eds/bin/gnu/H-x86_64-pc-linux-gnu/bin/../lib/gcc/nios2-elf/5.3.0/libgcc.a(divdf3.o)
                0x000000000000b5fc                __divdf3
 .text          0x000000000000bee4       0x88 /home/nathan/Documents/Misc/quartus-free/pkg/quartus-free/opt/altera/18.1/nios2eds/bin/gnu/H-x86_64-pc-linux-gnu/bin/../lib/gcc/nios2-elf/5.3.0/libgcc.a(eqdf2.o)
                0x000000000000bee4                __eqdf2
                0x000000000000bee4                __nedf2
 .text          0x000000000000bf6c       0xdc /home/nathan/Documents/Misc/quartus-free/pkg/quartus-free/opt/altera/18.1/nios2eds/bin/gnu/H-x86_64-pc-linux-gnu/bin/../lib/gcc/nios2-elf/5.3.0/libgcc.a(gedf2.o)
                0x000000000000bf6c                __gtdf2
                0x000000000000bf6c                __gedf2
 .text          0x000000000000c048       0xf4 /home/nathan/Documents/Misc/quartus-free/pkg/quartus-free/opt/altera/18.1/nios2eds/bin/gnu/H-x86_64-pc-linux-gnu/bin/../lib/gcc/nios2-elf/5.3.0/libgcc.a(ledf2.o)
                0x000000000000c048                __ltdf2
                0x000000000000c048                __ledf2
 .text          0x000000000000c13c      0x718 /home/nathan/Documents/Misc/quartus-free/pkg/quartus-free/opt/altera/18.1/nios2eds/bin/gnu/H-x86_64-pc-linux-gnu/bin/../lib/gcc/nios2-elf/5.3.0/libgcc.a(muldf3.o)
                0x000000000000c13c                __muldf3
 .text          0x000000000000c854      0x8fc /home/nathan/Documents/Misc/quartus-free/pkg/quartus-free/opt/altera/18.1/nios2eds/bin/gnu/H-x86_64-pc-linux-gnu/bin/../lib/gcc/nios2-elf/5.3.0/libgcc.a(subdf3.o)
                0x000000000000c854                __subdf3
 .text          0x000000000000d150       0x80 /home/nathan/Documents/Misc/quartus-free/pkg/quartus-free/opt/altera/18.1/nios2eds/bin/gnu/H-x86_64-pc-linux-gnu/bin/../lib/gcc/nios2-elf/5.3.0/libgcc.a(fixdfsi.o)
                0x000000000000d150                __fixdfsi
 .text          0x000000000000d1d0       0xdc /home/nathan/Documents/Misc/quartus-free/pkg/quartus-free/opt/altera/18.1/nios2eds/bin/gnu/H-x86_64-pc-linux-gnu/bin/../lib/gcc/nios2-elf/5.3.0/libgcc.a(floatsidf.o)
                0x000000000000d1d0                __floatsidf
 .text          0x000000000000d2ac       0xa8 /home/nathan/Documents/Misc/quartus-free/pkg/quartus-free/opt/altera/18.1/nios2eds/bin/gnu/H-x86_64-pc-linux-gnu/bin/../lib/gcc/nios2-elf/5.3.0/libgcc.a(floatunsidf.o)
                0x000000000000d2ac                __floatunsidf
 .text          0x000000000000d354        0x0 /home/nathan/Documents/Misc/quartus-free/pkg/quartus-free/opt/altera/18.1/nios2eds/bin/gnu/H-x86_64-pc-linux-gnu/bin/../lib/gcc/nios2-elf/5.3.0/libgcc.a(_clz.o)
 .text          0x000000000000d354       0x64 /home/nathan/Documents/Misc/quartus-free/pkg/quartus-free/opt/altera/18.1/nios2eds/bin/gnu/H-x86_64-pc-linux-gnu/bin/../lib/gcc/nios2-elf/5.3.0/libgcc.a(_clzsi2.o)
                0x000000000000d354                __clzsi2
 .text          0x000000000000d3b8      0x10c /home/nathan/Documents/Cours/EPFL_RTES_CS476/Code/mini_project_v2/sw/mini_project_v3_bsp//libucosii_bsp.a(alt_close.o)
                0x000000000000d3f4                close
 .text          0x000000000000d4c4       0x2c /home/nathan/Documents/Cours/EPFL_RTES_CS476/Code/mini_project_v2/sw/mini_project_v3_bsp//libucosii_bsp.a(alt_dev.o)
 .text          0x000000000000d4f0        0x0 /home/nathan/Documents/Cours/EPFL_RTES_CS476/Code/mini_project_v2/sw/mini_project_v3_bsp//libucosii_bsp.a(alt_errno.o)
 .text          0x000000000000d4f0       0xec /home/nathan/Documents/Cours/EPFL_RTES_CS476/Code/mini_project_v2/sw/mini_project_v3_bsp//libucosii_bsp.a(alt_fstat.o)
                0x000000000000d52c                fstat
 .text          0x000000000000d5dc       0xe0 /home/nathan/Documents/Cours/EPFL_RTES_CS476/Code/mini_project_v2/sw/mini_project_v3_bsp//libucosii_bsp.a(alt_isatty.o)
                0x000000000000d618                isatty
 .text          0x000000000000d6bc       0xec /home/nathan/Documents/Cours/EPFL_RTES_CS476/Code/mini_project_v2/sw/mini_project_v3_bsp//libucosii_bsp.a(alt_load.o)
                0x000000000000d724                alt_load
 .text          0x000000000000d7a8      0x110 /home/nathan/Documents/Cours/EPFL_RTES_CS476/Code/mini_project_v2/sw/mini_project_v3_bsp//libucosii_bsp.a(alt_lseek.o)
                0x000000000000d7e4                lseek
 .text          0x000000000000d8b8       0xbc /home/nathan/Documents/Cours/EPFL_RTES_CS476/Code/mini_project_v2/sw/mini_project_v3_bsp//libucosii_bsp.a(alt_main.o)
                0x000000000000d8b8                alt_main
 .text          0x000000000000d974      0x138 /home/nathan/Documents/Cours/EPFL_RTES_CS476/Code/mini_project_v2/sw/mini_project_v3_bsp//libucosii_bsp.a(alt_read.o)
                0x000000000000d9b0                read
 .text          0x000000000000daac       0x64 /home/nathan/Documents/Cours/EPFL_RTES_CS476/Code/mini_project_v2/sw/mini_project_v3_bsp//libucosii_bsp.a(alt_release_fd.o)
                0x000000000000daac                alt_release_fd
 .text          0x000000000000db10       0xb0 /home/nathan/Documents/Cours/EPFL_RTES_CS476/Code/mini_project_v2/sw/mini_project_v3_bsp//libucosii_bsp.a(alt_sbrk.o)
                0x000000000000db10                sbrk
 .text          0x000000000000dbc0      0x134 /home/nathan/Documents/Cours/EPFL_RTES_CS476/Code/mini_project_v2/sw/mini_project_v3_bsp//libucosii_bsp.a(alt_write.o)
                0x000000000000dbfc                write
 .text          0x000000000000dcf4      0x124 /home/nathan/Documents/Cours/EPFL_RTES_CS476/Code/mini_project_v2/sw/mini_project_v3_bsp//libucosii_bsp.a(alt_env_lock.o)
                0x000000000000dcf4                __env_lock
                0x000000000000ddb8                __env_unlock
 .text          0x000000000000de18      0x1ec /home/nathan/Documents/Cours/EPFL_RTES_CS476/Code/mini_project_v2/sw/mini_project_v3_bsp//libucosii_bsp.a(alt_malloc_lock.o)
                0x000000000000de18                __malloc_lock
                0x000000000000df38                __malloc_unlock
 .text          0x000000000000e004     0x2014 /home/nathan/Documents/Cours/EPFL_RTES_CS476/Code/mini_project_v2/sw/mini_project_v3_bsp//libucosii_bsp.a(os_core.o)
                0x000000000000e004                OSEventNameGet
                0x000000000000e124                OSEventNameSet
                0x000000000000e264                OSEventPendMulti
                0x000000000000e874                OSInit
                0x000000000000e8cc                OSIntEnter
                0x000000000000e918                OSIntExit
                0x000000000000ea10                OSSchedLock
                0x000000000000ea9c                OSSchedUnlock
                0x000000000000eb78                OSStart
                0x000000000000ebe8                OSStatInit
                0x000000000000ec98                OSTimeTick
                0x000000000000eeb8                OSVersion
                0x000000000000eed8                OS_Dummy
                0x000000000000eef8                OS_EventTaskRdy
                0x000000000000f090                OS_EventTaskWait
                0x000000000000f1a0                OS_EventTaskWaitMulti
                0x000000000000f2f0                OS_EventTaskRemove
                0x000000000000f3a8                OS_EventTaskRemoveMulti
                0x000000000000f4a8                OS_EventWaitListInit
                0x000000000000f888                OS_MemClr
                0x000000000000f8dc                OS_MemCopy
                0x000000000000f944                OS_Sched
                0x000000000000fa88                OS_StrCopy
                0x000000000000fafc                OS_StrLen
                0x000000000000fb50                OS_TaskIdle
                0x000000000000fbac                OS_TaskStat
                0x000000000000fc78                OS_TaskStatStkChk
                0x000000000000fd44                OS_TCBInit
 .text          0x0000000000010018      0x190 /home/nathan/Documents/Cours/EPFL_RTES_CS476/Code/mini_project_v2/sw/mini_project_v3_bsp//libucosii_bsp.a(os_dbg.o)
                0x0000000000010018                OSDebugInit
 .text          0x00000000000101a8     0x1714 /home/nathan/Documents/Cours/EPFL_RTES_CS476/Code/mini_project_v2/sw/mini_project_v3_bsp//libucosii_bsp.a(os_flag.o)
                0x00000000000101a8                OSFlagAccept
                0x00000000000104b0                OSFlagCreate
                0x00000000000105b8                OSFlagDel
                0x0000000000010800                OSFlagNameGet
                0x0000000000010928                OSFlagNameSet
                0x0000000000010a74                OSFlagPend
                0x000000000001102c                OSFlagPendGetFlagsRdy
                0x000000000001108c                OSFlagPost
                0x0000000000011420                OSFlagQuery
                0x0000000000011644                OS_FlagInit
                0x0000000000011818                OS_FlagUnlink
 .text          0x00000000000118bc      0x754 /home/nathan/Documents/Cours/EPFL_RTES_CS476/Code/mini_project_v2/sw/mini_project_v3_bsp//libucosii_bsp.a(os_mem.o)
                0x00000000000118bc                OSMemCreate
                0x0000000000011a90                OSMemGet
                0x0000000000011b80                OSMemNameGet
                0x0000000000011c70                OSMemNameSet
                0x0000000000011d84                OSMemPut
                0x0000000000011e5c                OSMemQuery
                0x0000000000011f44                OS_MemInit
 .text          0x0000000000012010     0x1104 /home/nathan/Documents/Cours/EPFL_RTES_CS476/Code/mini_project_v2/sw/mini_project_v3_bsp//libucosii_bsp.a(os_q.o)
                0x0000000000012010                OSQAccept
                0x0000000000012150                OSQCreate
                0x00000000000122fc                OSQDel
                0x000000000001257c                OSQFlush
                0x0000000000012634                OSQPend
                0x00000000000128c0                OSQPendAbort
                0x0000000000012a2c                OSQPost
                0x0000000000012b94                OSQPostFront
                0x0000000000012d04                OSQPostOpt
                0x0000000000012f10                OSQQuery
                0x000000000001306c                OS_QInit
 .text          0x0000000000013114      0xa60 /home/nathan/Documents/Cours/EPFL_RTES_CS476/Code/mini_project_v2/sw/mini_project_v3_bsp//libucosii_bsp.a(os_sem.o)
                0x0000000000013114                OSSemAccept
                0x00000000000131c4                OSSemCreate
                0x000000000001329c                OSSemDel
                0x00000000000134dc                OSSemPend
                0x00000000000136e8                OSSemPendAbort
                0x0000000000013854                OSSemPost
                0x0000000000013964                OSSemQuery
                0x0000000000013a74                OSSemSet
 .text          0x0000000000013b74     0x176c /home/nathan/Documents/Cours/EPFL_RTES_CS476/Code/mini_project_v2/sw/mini_project_v3_bsp//libucosii_bsp.a(os_task.o)
                0x0000000000013b74                OSTaskChangePrio
                0x0000000000014064                OSTaskCreate
                0x0000000000014210                OSTaskCreateExt
                0x00000000000143f4                OSTaskDel
                0x0000000000014738                OSTaskDelReq
                0x0000000000014888                OSTaskNameGet
                0x0000000000014a20                OSTaskNameSet
                0x0000000000014bd4                OSTaskResume
                0x0000000000014da8                OSTaskStkChk
                0x0000000000014f68                OSTaskSuspend
                0x000000000001514c                OSTaskQuery
                0x0000000000015270                OS_TaskStkClr
 .text          0x00000000000152e0      0x4e8 /home/nathan/Documents/Cours/EPFL_RTES_CS476/Code/mini_project_v2/sw/mini_project_v3_bsp//libucosii_bsp.a(os_time.o)
                0x00000000000152e0                OSTimeDly
                0x00000000000153e4                OSTimeDlyHMSM
                0x0000000000015538                OSTimeDlyResume
                0x000000000001570c                OSTimeGet
                0x0000000000015768                OSTimeSet
 .text          0x00000000000157c8       0xe0 /home/nathan/Documents/Cours/EPFL_RTES_CS476/Code/mini_project_v2/sw/mini_project_v3_bsp//libucosii_bsp.a(alt_sys_init.o)
                0x00000000000157fc                alt_irq_init
                0x0000000000015834                alt_sys_init
 .text          0x00000000000158a8      0x164 /home/nathan/Documents/Cours/EPFL_RTES_CS476/Code/mini_project_v2/sw/mini_project_v3_bsp//libucosii_bsp.a(altera_avalon_jtag_uart_fd.o)
                0x00000000000158a8                altera_avalon_jtag_uart_read_fd
                0x0000000000015908                altera_avalon_jtag_uart_write_fd
                0x0000000000015968                altera_avalon_jtag_uart_close_fd
                0x00000000000159b8                altera_avalon_jtag_uart_ioctl_fd
 .text          0x0000000000015a0c      0x558 /home/nathan/Documents/Cours/EPFL_RTES_CS476/Code/mini_project_v2/sw/mini_project_v3_bsp//libucosii_bsp.a(altera_avalon_jtag_uart_init.o)
                0x0000000000015a0c                altera_avalon_jtag_uart_init
                0x0000000000015efc                altera_avalon_jtag_uart_close
 .text          0x0000000000015f64       0xf0 /home/nathan/Documents/Cours/EPFL_RTES_CS476/Code/mini_project_v2/sw/mini_project_v3_bsp//libucosii_bsp.a(altera_avalon_jtag_uart_ioctl.o)
                0x0000000000015f64                altera_avalon_jtag_uart_ioctl
 .text          0x0000000000016054      0x2bc /home/nathan/Documents/Cours/EPFL_RTES_CS476/Code/mini_project_v2/sw/mini_project_v3_bsp//libucosii_bsp.a(altera_avalon_jtag_uart_read.o)
                0x0000000000016054                altera_avalon_jtag_uart_read
 .text          0x0000000000016310      0x2c4 /home/nathan/Documents/Cours/EPFL_RTES_CS476/Code/mini_project_v2/sw/mini_project_v3_bsp//libucosii_bsp.a(altera_avalon_jtag_uart_write.o)
                0x0000000000016310                altera_avalon_jtag_uart_write
 .text          0x00000000000165d4       0xf4 /home/nathan/Documents/Cours/EPFL_RTES_CS476/Code/mini_project_v2/sw/mini_project_v3_bsp//libucosii_bsp.a(altera_avalon_timer_sc.o)
                0x000000000001664c                alt_avalon_timer_sc_init
 .text          0x00000000000166c8      0x12c /home/nathan/Documents/Cours/EPFL_RTES_CS476/Code/mini_project_v2/sw/mini_project_v3_bsp//libucosii_bsp.a(alt_alarm_start.o)
                0x00000000000166c8                alt_alarm_start
 .text          0x00000000000167f4       0x20 /home/nathan/Documents/Cours/EPFL_RTES_CS476/Code/mini_project_v2/sw/mini_project_v3_bsp//libucosii_bsp.a(alt_dcache_flush_all.o)
                0x00000000000167f4                alt_dcache_flush_all
 .text          0x0000000000016814       0xe0 /home/nathan/Documents/Cours/EPFL_RTES_CS476/Code/mini_project_v2/sw/mini_project_v3_bsp//libucosii_bsp.a(alt_dev_llist_insert.o)
                0x0000000000016850                alt_dev_llist_insert
 .text          0x00000000000168f4       0x60 /home/nathan/Documents/Cours/EPFL_RTES_CS476/Code/mini_project_v2/sw/mini_project_v3_bsp//libucosii_bsp.a(alt_do_ctors.o)
                0x00000000000168f4                _do_ctors
 .text          0x0000000000016954       0x60 /home/nathan/Documents/Cours/EPFL_RTES_CS476/Code/mini_project_v2/sw/mini_project_v3_bsp//libucosii_bsp.a(alt_do_dtors.o)
                0x0000000000016954                _do_dtors
 .text          0x00000000000169b4       0x20 /home/nathan/Documents/Cours/EPFL_RTES_CS476/Code/mini_project_v2/sw/mini_project_v3_bsp//libucosii_bsp.a(alt_icache_flush_all.o)
                0x00000000000169b4                alt_icache_flush_all
 .text          0x00000000000169d4      0x1b0 /home/nathan/Documents/Cours/EPFL_RTES_CS476/Code/mini_project_v2/sw/mini_project_v3_bsp//libucosii_bsp.a(alt_iic.o)
                0x00000000000169d4                alt_ic_isr_register
                0x0000000000016a24                alt_ic_irq_enable
                0x0000000000016aac                alt_ic_irq_disable
                0x0000000000016b38                alt_ic_irq_enabled
 .text          0x0000000000016b84       0xf0 /home/nathan/Documents/Cours/EPFL_RTES_CS476/Code/mini_project_v2/sw/mini_project_v3_bsp//libucosii_bsp.a(alt_iic_isr_register.o)
                0x0000000000016b84                alt_iic_isr_register
 .text          0x0000000000016c74      0x140 /home/nathan/Documents/Cours/EPFL_RTES_CS476/Code/mini_project_v2/sw/mini_project_v3_bsp//libucosii_bsp.a(alt_io_redirect.o)
                0x0000000000016d38                alt_io_redirect
 .text          0x0000000000016db4        0x0 /home/nathan/Documents/Cours/EPFL_RTES_CS476/Code/mini_project_v2/sw/mini_project_v3_bsp//libucosii_bsp.a(alt_irq_entry.o)
 .text          0x0000000000016db4        0x0 /home/nathan/Documents/Cours/EPFL_RTES_CS476/Code/mini_project_v2/sw/mini_project_v3_bsp//libucosii_bsp.a(alt_irq_handler.o)
 .text          0x0000000000016db4        0x0 /home/nathan/Documents/Cours/EPFL_RTES_CS476/Code/mini_project_v2/sw/mini_project_v3_bsp//libucosii_bsp.a(alt_irq_vars.o)
 .text          0x0000000000016db4      0x254 /home/nathan/Documents/Cours/EPFL_RTES_CS476/Code/mini_project_v2/sw/mini_project_v3_bsp//libucosii_bsp.a(alt_open.o)
                0x0000000000016eb4                open
 .text          0x0000000000017008      0x1a4 /home/nathan/Documents/Cours/EPFL_RTES_CS476/Code/mini_project_v2/sw/mini_project_v3_bsp//libucosii_bsp.a(alt_tick.o)
                0x0000000000017008                alt_alarm_stop
                0x00000000000170a4                alt_tick
 .text          0x00000000000171ac       0x24 /home/nathan/Documents/Cours/EPFL_RTES_CS476/Code/mini_project_v2/sw/mini_project_v3_bsp//libucosii_bsp.a(altera_nios2_gen2_irq.o)
                0x00000000000171ac                altera_nios2_gen2_irq_init
 .text          0x00000000000171d0       0xd0 /home/nathan/Documents/Cours/EPFL_RTES_CS476/Code/mini_project_v2/sw/mini_project_v3_bsp//libucosii_bsp.a(os_cpu_a.o)
                0x00000000000171d0                OSCtxSw
                0x00000000000171d0                OSIntCtxSw
                0x000000000001725c                OSStartHighRdy
                0x000000000001727c                OSStartTsk
 .text          0x00000000000172a0      0x288 /home/nathan/Documents/Cours/EPFL_RTES_CS476/Code/mini_project_v2/sw/mini_project_v3_bsp//libucosii_bsp.a(os_cpu_c.o)
                0x00000000000172a0                OSTaskStkInit
                0x00000000000173fc                OSTaskCreateHook
                0x0000000000017420                OSTaskDelHook
                0x0000000000017444                OSTaskSwHook
                0x0000000000017464                OSTaskStatHook
                0x0000000000017484                OSTimeTickHook
                0x00000000000174a4                OSInitHookBegin
                0x00000000000174c4                OSInitHookEnd
                0x00000000000174e4                OSTaskIdleHook
                0x0000000000017504                OSTCBInitHook
 .text          0x0000000000017528        0x0 /home/nathan/Documents/Cours/EPFL_RTES_CS476/Code/mini_project_v2/sw/mini_project_v3_bsp//libucosii_bsp.a(alt_exception_entry.o)
 .text          0x0000000000017528       0x90 /home/nathan/Documents/Cours/EPFL_RTES_CS476/Code/mini_project_v2/sw/mini_project_v3_bsp//libucosii_bsp.a(alt_find_dev.o)
                0x0000000000017528                alt_find_dev
 .text          0x00000000000175b8      0x108 /home/nathan/Documents/Cours/EPFL_RTES_CS476/Code/mini_project_v2/sw/mini_project_v3_bsp//libucosii_bsp.a(alt_find_file.o)
                0x00000000000175b8                alt_find_file
 .text          0x00000000000176c0       0xdc /home/nathan/Documents/Cours/EPFL_RTES_CS476/Code/mini_project_v2/sw/mini_project_v3_bsp//libucosii_bsp.a(alt_get_fd.o)
                0x00000000000176c0                alt_get_fd
 .text          0x000000000001779c       0x9c /home/nathan/Documents/Cours/EPFL_RTES_CS476/Code/mini_project_v2/sw/mini_project_v3_bsp//libucosii_bsp.a(alt_instruction_exception_entry.o)
                0x000000000001779c                alt_exception_cause_generated_bad_addr
 .text          0x0000000000017838        0x0 /home/nathan/Documents/Misc/quartus-free/pkg/quartus-free/opt/altera/18.1/nios2eds/bin/gnu/H-x86_64-pc-linux-gnu/bin/../lib/gcc/nios2-elf/5.3.0/../../../../../H-x86_64-pc-linux-gnu/nios2-elf/lib/libc.a(lib_a-atexit.o)
 .text.atexit   0x0000000000017838       0x14 /home/nathan/Documents/Misc/quartus-free/pkg/quartus-free/opt/altera/18.1/nios2eds/bin/gnu/H-x86_64-pc-linux-gnu/bin/../lib/gcc/nios2-elf/5.3.0/../../../../../H-x86_64-pc-linux-gnu/nios2-elf/lib/libc.a(lib_a-atexit.o)
                0x0000000000017838                atexit
 .text          0x000000000001784c        0x0 /home/nathan/Documents/Misc/quartus-free/pkg/quartus-free/opt/altera/18.1/nios2eds/bin/gnu/H-x86_64-pc-linux-gnu/bin/../lib/gcc/nios2-elf/5.3.0/../../../../../H-x86_64-pc-linux-gnu/nios2-elf/lib/libc.a(lib_a-exit.o)
 .text.exit     0x000000000001784c       0x38 /home/nathan/Documents/Misc/quartus-free/pkg/quartus-free/opt/altera/18.1/nios2eds/bin/gnu/H-x86_64-pc-linux-gnu/bin/../lib/gcc/nios2-elf/5.3.0/../../../../../H-x86_64-pc-linux-gnu/nios2-elf/lib/libc.a(lib_a-exit.o)
                0x000000000001784c                exit
 .text          0x0000000000017884        0x0 /home/nathan/Documents/Misc/quartus-free/pkg/quartus-free/opt/altera/18.1/nios2eds/bin/gnu/H-x86_64-pc-linux-gnu/bin/../lib/gcc/nios2-elf/5.3.0/../../../../../H-x86_64-pc-linux-gnu/nios2-elf/lib/libc.a(lib_a-memcmp.o)
 .text.memcmp   0x0000000000017884       0x7c /home/nathan/Documents/Misc/quartus-free/pkg/quartus-free/opt/altera/18.1/nios2eds/bin/gnu/H-x86_64-pc-linux-gnu/bin/../lib/gcc/nios2-elf/5.3.0/../../../../../H-x86_64-pc-linux-gnu/nios2-elf/lib/libc.a(lib_a-memcmp.o)
                0x0000000000017884                memcmp
 .text          0x0000000000017900        0x0 /home/nathan/Documents/Misc/quartus-free/pkg/quartus-free/opt/altera/18.1/nios2eds/bin/gnu/H-x86_64-pc-linux-gnu/bin/../lib/gcc/nios2-elf/5.3.0/../../../../../H-x86_64-pc-linux-gnu/nios2-elf/lib/libc.a(lib_a-__atexit.o)
 .text.__register_exitproc
                0x0000000000017900      0x118 /home/nathan/Documents/Misc/quartus-free/pkg/quartus-free/opt/altera/18.1/nios2eds/bin/gnu/H-x86_64-pc-linux-gnu/bin/../lib/gcc/nios2-elf/5.3.0/../../../../../H-x86_64-pc-linux-gnu/nios2-elf/lib/libc.a(lib_a-__atexit.o)
                0x0000000000017900                __register_exitproc
 .text          0x0000000000017a18        0x0 /home/nathan/Documents/Misc/quartus-free/pkg/quartus-free/opt/altera/18.1/nios2eds/bin/gnu/H-x86_64-pc-linux-gnu/bin/../lib/gcc/nios2-elf/5.3.0/../../../../../H-x86_64-pc-linux-gnu/nios2-elf/lib/libc.a(lib_a-__call_atexit.o)
 .text.__call_exitprocs
                0x0000000000017a18      0x180 /home/nathan/Documents/Misc/quartus-free/pkg/quartus-free/opt/altera/18.1/nios2eds/bin/gnu/H-x86_64-pc-linux-gnu/bin/../lib/gcc/nios2-elf/5.3.0/../../../../../H-x86_64-pc-linux-gnu/nios2-elf/lib/libc.a(lib_a-__call_atexit.o)
                0x0000000000017a18                __call_exitprocs
 .text          0x0000000000017b98       0x34 /home/nathan/Documents/Cours/EPFL_RTES_CS476/Code/mini_project_v2/sw/mini_project_v3_bsp//libucosii_bsp.a(alt_exit.o)
                0x0000000000017b98                _exit
 *(.gnu.warning.*)
 *(.fini)
                [!provide]                        PROVIDE (__etext, ABSOLUTE (.))
                [!provide]                        PROVIDE (_etext, ABSOLUTE (.))
                [!provide]                        PROVIDE (etext, ABSOLUTE (.))
 *(.eh_frame_hdr)
                0x0000000000017bcc                . = ALIGN (0x4)
                [!provide]                        PROVIDE (__preinit_array_start, ABSOLUTE (.))
 *(.preinit_array)
                [!provide]                        PROVIDE (__preinit_array_end, ABSOLUTE (.))
                [!provide]                        PROVIDE (__init_array_start, ABSOLUTE (.))
 *(.init_array)
                [!provide]                        PROVIDE (__init_array_end, ABSOLUTE (.))
                [!provide]                        PROVIDE (__fini_array_start, ABSOLUTE (.))
 *(.fini_array)
                [!provide]                        PROVIDE (__fini_array_end, ABSOLUTE (.))
 *(.eh_frame)
 *(.gcc_except_table .gcc_except_table.*)
 *(.dynamic)
                0x0000000000017bcc                PROVIDE (__CTOR_LIST__, ABSOLUTE (.))
 *(.ctors)
 *(SORT(.ctors.*))
                0x0000000000017bcc                PROVIDE (__CTOR_END__, ABSOLUTE (.))
                0x0000000000017bcc                PROVIDE (__DTOR_LIST__, ABSOLUTE (.))
 *(.dtors)
 *(SORT(.dtors.*))
                0x0000000000017bcc                PROVIDE (__DTOR_END__, ABSOLUTE (.))
 *(.jcr)
                0x0000000000017bcc                . = ALIGN (0x4)

.rodata         0x0000000000017bcc      0x544
                0x0000000000017bcc                PROVIDE (__ram_rodata_start, ABSOLUTE (.))
                0x0000000000017bcc                . = ALIGN (0x4)
 *(.rodata .rodata.* .gnu.linkonce.r.*)
 .rodata        0x0000000000017bcc      0x120 obj/default/mini_project_with_fake_camera.o
                0x0000000000017bcc                map
 .rodata.str1.4
                0x0000000000017cec        0x2 /home/nathan/Documents/Misc/quartus-free/pkg/quartus-free/opt/altera/18.1/nios2eds/bin/gnu/H-x86_64-pc-linux-gnu/bin/../lib/gcc/nios2-elf/5.3.0/../../../../../H-x86_64-pc-linux-gnu/nios2-elf/lib/libc.a(lib_a-puts.o)
 *fill*         0x0000000000017cee        0x2 
 .rodata.str1.4
                0x0000000000017cf0       0x42 /home/nathan/Documents/Misc/quartus-free/pkg/quartus-free/opt/altera/18.1/nios2eds/bin/gnu/H-x86_64-pc-linux-gnu/bin/../lib/gcc/nios2-elf/5.3.0/../../../../../H-x86_64-pc-linux-gnu/nios2-elf/lib/libc.a(lib_a-vfprintf.o)
 .rodata.zeroes.4404
                0x0000000000017d32       0x10 /home/nathan/Documents/Misc/quartus-free/pkg/quartus-free/opt/altera/18.1/nios2eds/bin/gnu/H-x86_64-pc-linux-gnu/bin/../lib/gcc/nios2-elf/5.3.0/../../../../../H-x86_64-pc-linux-gnu/nios2-elf/lib/libc.a(lib_a-vfprintf.o)
 .rodata.blanks.4403
                0x0000000000017d42       0x10 /home/nathan/Documents/Misc/quartus-free/pkg/quartus-free/opt/altera/18.1/nios2eds/bin/gnu/H-x86_64-pc-linux-gnu/bin/../lib/gcc/nios2-elf/5.3.0/../../../../../H-x86_64-pc-linux-gnu/nios2-elf/lib/libc.a(lib_a-vfprintf.o)
 *fill*         0x0000000000017d52        0x2 
 .rodata.str1.4
                0x0000000000017d54       0x10 /home/nathan/Documents/Misc/quartus-free/pkg/quartus-free/opt/altera/18.1/nios2eds/bin/gnu/H-x86_64-pc-linux-gnu/bin/../lib/gcc/nios2-elf/5.3.0/../../../../../H-x86_64-pc-linux-gnu/nios2-elf/lib/libc.a(lib_a-dtoa.o)
                                         0x12 (size before relaxing)
 .rodata.str1.4
                0x0000000000017d64        0x2 /home/nathan/Documents/Misc/quartus-free/pkg/quartus-free/opt/altera/18.1/nios2eds/bin/gnu/H-x86_64-pc-linux-gnu/bin/../lib/gcc/nios2-elf/5.3.0/../../../../../H-x86_64-pc-linux-gnu/nios2-elf/lib/libc.a(lib_a-impure.o)
 *fill*         0x0000000000017d66        0x2 
 .rodata.str1.4
                0x0000000000017d68        0xc /home/nathan/Documents/Misc/quartus-free/pkg/quartus-free/opt/altera/18.1/nios2eds/bin/gnu/H-x86_64-pc-linux-gnu/bin/../lib/gcc/nios2-elf/5.3.0/../../../../../H-x86_64-pc-linux-gnu/nios2-elf/lib/libc.a(lib_a-locale.o)
                                         0x12 (size before relaxing)
 .rodata.p05.2768
                0x0000000000017d74        0xc /home/nathan/Documents/Misc/quartus-free/pkg/quartus-free/opt/altera/18.1/nios2eds/bin/gnu/H-x86_64-pc-linux-gnu/bin/../lib/gcc/nios2-elf/5.3.0/../../../../../H-x86_64-pc-linux-gnu/nios2-elf/lib/libc.a(lib_a-mprec.o)
 .rodata.__mprec_tinytens
                0x0000000000017d80       0x28 /home/nathan/Documents/Misc/quartus-free/pkg/quartus-free/opt/altera/18.1/nios2eds/bin/gnu/H-x86_64-pc-linux-gnu/bin/../lib/gcc/nios2-elf/5.3.0/../../../../../H-x86_64-pc-linux-gnu/nios2-elf/lib/libc.a(lib_a-mprec.o)
                0x0000000000017d80                __mprec_tinytens
 .rodata.__mprec_bigtens
                0x0000000000017da8       0x28 /home/nathan/Documents/Misc/quartus-free/pkg/quartus-free/opt/altera/18.1/nios2eds/bin/gnu/H-x86_64-pc-linux-gnu/bin/../lib/gcc/nios2-elf/5.3.0/../../../../../H-x86_64-pc-linux-gnu/nios2-elf/lib/libc.a(lib_a-mprec.o)
                0x0000000000017da8                __mprec_bigtens
 .rodata.__mprec_tens
                0x0000000000017dd0       0xc8 /home/nathan/Documents/Misc/quartus-free/pkg/quartus-free/opt/altera/18.1/nios2eds/bin/gnu/H-x86_64-pc-linux-gnu/bin/../lib/gcc/nios2-elf/5.3.0/../../../../../H-x86_64-pc-linux-gnu/nios2-elf/lib/libc.a(lib_a-mprec.o)
                0x0000000000017dd0                __mprec_tens
 .rodata.str1.4
                0x0000000000017e98       0x2f /home/nathan/Documents/Misc/quartus-free/pkg/quartus-free/opt/altera/18.1/nios2eds/bin/gnu/H-x86_64-pc-linux-gnu/bin/../lib/gcc/nios2-elf/5.3.0/../../../../../H-x86_64-pc-linux-gnu/nios2-elf/lib/libc.a(lib_a-vfiprintf.o)
 .rodata.zeroes.4349
                0x0000000000017e98       0x10 /home/nathan/Documents/Misc/quartus-free/pkg/quartus-free/opt/altera/18.1/nios2eds/bin/gnu/H-x86_64-pc-linux-gnu/bin/../lib/gcc/nios2-elf/5.3.0/../../../../../H-x86_64-pc-linux-gnu/nios2-elf/lib/libc.a(lib_a-vfiprintf.o)
 .rodata.blanks.4348
                0x0000000000017ea8       0x10 /home/nathan/Documents/Misc/quartus-free/pkg/quartus-free/opt/altera/18.1/nios2eds/bin/gnu/H-x86_64-pc-linux-gnu/bin/../lib/gcc/nios2-elf/5.3.0/../../../../../H-x86_64-pc-linux-gnu/nios2-elf/lib/libc.a(lib_a-vfiprintf.o)
 .rodata        0x0000000000017eb8      0x100 /home/nathan/Documents/Misc/quartus-free/pkg/quartus-free/opt/altera/18.1/nios2eds/bin/gnu/H-x86_64-pc-linux-gnu/bin/../lib/gcc/nios2-elf/5.3.0/libgcc.a(_clz.o)
                0x0000000000017eb8                __clz_tab
 .rodata        0x0000000000017fb8        0xa /home/nathan/Documents/Cours/EPFL_RTES_CS476/Code/mini_project_v2/sw/mini_project_v3_bsp//libucosii_bsp.a(alt_dev.o)
 *fill*         0x0000000000017fc2        0x2 
 .rodata        0x0000000000017fc4       0x11 /home/nathan/Documents/Cours/EPFL_RTES_CS476/Code/mini_project_v2/sw/mini_project_v3_bsp//libucosii_bsp.a(alt_main.o)
 *fill*         0x0000000000017fd5        0x3 
 .rodata        0x0000000000017fd8      0x11e /home/nathan/Documents/Cours/EPFL_RTES_CS476/Code/mini_project_v2/sw/mini_project_v3_bsp//libucosii_bsp.a(os_core.o)
                0x0000000000017fd8                OSUnMapTbl
 *fill*         0x00000000000180f6        0x2 
 .rodata        0x00000000000180f8       0x11 /home/nathan/Documents/Cours/EPFL_RTES_CS476/Code/mini_project_v2/sw/mini_project_v3_bsp//libucosii_bsp.a(alt_sys_init.o)
 *fill*         0x0000000000018109        0x3 
 .rodata        0x000000000001810c        0x2 /home/nathan/Documents/Cours/EPFL_RTES_CS476/Code/mini_project_v2/sw/mini_project_v3_bsp//libucosii_bsp.a(os_cpu_c.o)
 *(.rodata1)
                0x0000000000018110                . = ALIGN (0x4)
 *fill*         0x000000000001810e        0x2 
                0x0000000000018110                PROVIDE (__ram_rodata_end, ABSOLUTE (.))
                0x0000000000017bcc                PROVIDE (__flash_rodata_start, LOADADDR (.rodata))

.rwdata         0x0000000000018110     0x1b74 load address 0x0000000000019c84
                0x0000000000018110                PROVIDE (__ram_rwdata_start, ABSOLUTE (.))
                0x0000000000018110                . = ALIGN (0x4)
 *(.got.plt)
 *(.got)
 *(.data1)
 *(.data .data.* .gnu.linkonce.d.*)
 .data          0x0000000000018110        0x0 /home/nathan/Documents/Cours/EPFL_RTES_CS476/Code/mini_project_v2/sw/mini_project_v3_bsp//obj/HAL/src/crt0.o
 .data          0x0000000000018110        0x0 obj/default/mini_project_with_fake_camera.o
 .data          0x0000000000018110        0x0 /home/nathan/Documents/Misc/quartus-free/pkg/quartus-free/opt/altera/18.1/nios2eds/bin/gnu/H-x86_64-pc-linux-gnu/bin/../lib/gcc/nios2-elf/5.3.0/libgcc.a(lib2-divmod.o)
 .data          0x0000000000018110        0x0 /home/nathan/Documents/Misc/quartus-free/pkg/quartus-free/opt/altera/18.1/nios2eds/bin/gnu/H-x86_64-pc-linux-gnu/bin/../lib/gcc/nios2-elf/5.3.0/../../../../../H-x86_64-pc-linux-gnu/nios2-elf/lib/libc.a(lib_a-malloc.o)
 .data          0x0000000000018110        0x0 /home/nathan/Documents/Misc/quartus-free/pkg/quartus-free/opt/altera/18.1/nios2eds/bin/gnu/H-x86_64-pc-linux-gnu/bin/../lib/gcc/nios2-elf/5.3.0/../../../../../H-x86_64-pc-linux-gnu/nios2-elf/lib/libc.a(lib_a-mallocr.o)
 .data.__malloc_av_
                0x0000000000018110      0x408 /home/nathan/Documents/Misc/quartus-free/pkg/quartus-free/opt/altera/18.1/nios2eds/bin/gnu/H-x86_64-pc-linux-gnu/bin/../lib/gcc/nios2-elf/5.3.0/../../../../../H-x86_64-pc-linux-gnu/nios2-elf/lib/libc.a(lib_a-mallocr.o)
                0x0000000000018110                __malloc_av_
 .data          0x0000000000018518        0x0 /home/nathan/Documents/Misc/quartus-free/pkg/quartus-free/opt/altera/18.1/nios2eds/bin/gnu/H-x86_64-pc-linux-gnu/bin/../lib/gcc/nios2-elf/5.3.0/../../../../../H-x86_64-pc-linux-gnu/nios2-elf/lib/libc.a(lib_a-printf.o)
 .data          0x0000000000018518        0x0 /home/nathan/Documents/Misc/quartus-free/pkg/quartus-free/opt/altera/18.1/nios2eds/bin/gnu/H-x86_64-pc-linux-gnu/bin/../lib/gcc/nios2-elf/5.3.0/../../../../../H-x86_64-pc-linux-gnu/nios2-elf/lib/libc.a(lib_a-puts.o)
 .data          0x0000000000018518        0x0 /home/nathan/Documents/Misc/quartus-free/pkg/quartus-free/opt/altera/18.1/nios2eds/bin/gnu/H-x86_64-pc-linux-gnu/bin/../lib/gcc/nios2-elf/5.3.0/../../../../../H-x86_64-pc-linux-gnu/nios2-elf/lib/libc.a(lib_a-sbrkr.o)
 .data          0x0000000000018518        0x0 /home/nathan/Documents/Misc/quartus-free/pkg/quartus-free/opt/altera/18.1/nios2eds/bin/gnu/H-x86_64-pc-linux-gnu/bin/../lib/gcc/nios2-elf/5.3.0/../../../../../H-x86_64-pc-linux-gnu/nios2-elf/lib/libc.a(lib_a-strlen.o)
 .data          0x0000000000018518        0x0 /home/nathan/Documents/Misc/quartus-free/pkg/quartus-free/opt/altera/18.1/nios2eds/bin/gnu/H-x86_64-pc-linux-gnu/bin/../lib/gcc/nios2-elf/5.3.0/../../../../../H-x86_64-pc-linux-gnu/nios2-elf/lib/libc.a(lib_a-vfprintf.o)
 .data          0x0000000000018518        0x0 /home/nathan/Documents/Misc/quartus-free/pkg/quartus-free/opt/altera/18.1/nios2eds/bin/gnu/H-x86_64-pc-linux-gnu/bin/../lib/gcc/nios2-elf/5.3.0/../../../../../H-x86_64-pc-linux-gnu/nios2-elf/lib/libc.a(lib_a-wsetup.o)
 .data          0x0000000000018518        0x0 /home/nathan/Documents/Misc/quartus-free/pkg/quartus-free/opt/altera/18.1/nios2eds/bin/gnu/H-x86_64-pc-linux-gnu/bin/../lib/gcc/nios2-elf/5.3.0/../../../../../H-x86_64-pc-linux-gnu/nios2-elf/lib/libc.a(lib_a-dtoa.o)
 .data          0x0000000000018518        0x0 /home/nathan/Documents/Misc/quartus-free/pkg/quartus-free/opt/altera/18.1/nios2eds/bin/gnu/H-x86_64-pc-linux-gnu/bin/../lib/gcc/nios2-elf/5.3.0/../../../../../H-x86_64-pc-linux-gnu/nios2-elf/lib/libc.a(lib_a-fflush.o)
 .data          0x0000000000018518        0x0 /home/nathan/Documents/Misc/quartus-free/pkg/quartus-free/opt/altera/18.1/nios2eds/bin/gnu/H-x86_64-pc-linux-gnu/bin/../lib/gcc/nios2-elf/5.3.0/../../../../../H-x86_64-pc-linux-gnu/nios2-elf/lib/libc.a(lib_a-findfp.o)
 .data          0x0000000000018518        0x0 /home/nathan/Documents/Misc/quartus-free/pkg/quartus-free/opt/altera/18.1/nios2eds/bin/gnu/H-x86_64-pc-linux-gnu/bin/../lib/gcc/nios2-elf/5.3.0/../../../../../H-x86_64-pc-linux-gnu/nios2-elf/lib/libc.a(lib_a-freer.o)
 .data          0x0000000000018518        0x0 /home/nathan/Documents/Misc/quartus-free/pkg/quartus-free/opt/altera/18.1/nios2eds/bin/gnu/H-x86_64-pc-linux-gnu/bin/../lib/gcc/nios2-elf/5.3.0/../../../../../H-x86_64-pc-linux-gnu/nios2-elf/lib/libc.a(lib_a-fvwrite.o)
 .data          0x0000000000018518        0x0 /home/nathan/Documents/Misc/quartus-free/pkg/quartus-free/opt/altera/18.1/nios2eds/bin/gnu/H-x86_64-pc-linux-gnu/bin/../lib/gcc/nios2-elf/5.3.0/../../../../../H-x86_64-pc-linux-gnu/nios2-elf/lib/libc.a(lib_a-fwalk.o)
 .data          0x0000000000018518        0x0 /home/nathan/Documents/Misc/quartus-free/pkg/quartus-free/opt/altera/18.1/nios2eds/bin/gnu/H-x86_64-pc-linux-gnu/bin/../lib/gcc/nios2-elf/5.3.0/../../../../../H-x86_64-pc-linux-gnu/nios2-elf/lib/libc.a(lib_a-impure.o)
 .data.impure_data
                0x0000000000018518      0x424 /home/nathan/Documents/Misc/quartus-free/pkg/quartus-free/opt/altera/18.1/nios2eds/bin/gnu/H-x86_64-pc-linux-gnu/bin/../lib/gcc/nios2-elf/5.3.0/../../../../../H-x86_64-pc-linux-gnu/nios2-elf/lib/libc.a(lib_a-impure.o)
 .data          0x000000000001893c        0x0 /home/nathan/Documents/Misc/quartus-free/pkg/quartus-free/opt/altera/18.1/nios2eds/bin/gnu/H-x86_64-pc-linux-gnu/bin/../lib/gcc/nios2-elf/5.3.0/../../../../../H-x86_64-pc-linux-gnu/nios2-elf/lib/libc.a(lib_a-int_errno.o)
 .data          0x000000000001893c        0x0 /home/nathan/Documents/Misc/quartus-free/pkg/quartus-free/opt/altera/18.1/nios2eds/bin/gnu/H-x86_64-pc-linux-gnu/bin/../lib/gcc/nios2-elf/5.3.0/../../../../../H-x86_64-pc-linux-gnu/nios2-elf/lib/libc.a(lib_a-locale.o)
 .data.lc_message_charset
                0x000000000001893c       0x20 /home/nathan/Documents/Misc/quartus-free/pkg/quartus-free/opt/altera/18.1/nios2eds/bin/gnu/H-x86_64-pc-linux-gnu/bin/../lib/gcc/nios2-elf/5.3.0/../../../../../H-x86_64-pc-linux-gnu/nios2-elf/lib/libc.a(lib_a-locale.o)
 .data.lc_ctype_charset
                0x000000000001895c       0x20 /home/nathan/Documents/Misc/quartus-free/pkg/quartus-free/opt/altera/18.1/nios2eds/bin/gnu/H-x86_64-pc-linux-gnu/bin/../lib/gcc/nios2-elf/5.3.0/../../../../../H-x86_64-pc-linux-gnu/nios2-elf/lib/libc.a(lib_a-locale.o)
 .data.lconv    0x000000000001897c       0x38 /home/nathan/Documents/Misc/quartus-free/pkg/quartus-free/opt/altera/18.1/nios2eds/bin/gnu/H-x86_64-pc-linux-gnu/bin/../lib/gcc/nios2-elf/5.3.0/../../../../../H-x86_64-pc-linux-gnu/nios2-elf/lib/libc.a(lib_a-locale.o)
 .data          0x00000000000189b4        0x0 /home/nathan/Documents/Misc/quartus-free/pkg/quartus-free/opt/altera/18.1/nios2eds/bin/gnu/H-x86_64-pc-linux-gnu/bin/../lib/gcc/nios2-elf/5.3.0/../../../../../H-x86_64-pc-linux-gnu/nios2-elf/lib/libc.a(lib_a-makebuf.o)
 .data          0x00000000000189b4        0x0 /home/nathan/Documents/Misc/quartus-free/pkg/quartus-free/opt/altera/18.1/nios2eds/bin/gnu/H-x86_64-pc-linux-gnu/bin/../lib/gcc/nios2-elf/5.3.0/../../../../../H-x86_64-pc-linux-gnu/nios2-elf/lib/libc.a(lib_a-memchr.o)
 .data          0x00000000000189b4        0x0 /home/nathan/Documents/Misc/quartus-free/pkg/quartus-free/opt/altera/18.1/nios2eds/bin/gnu/H-x86_64-pc-linux-gnu/bin/../lib/gcc/nios2-elf/5.3.0/../../../../../H-x86_64-pc-linux-gnu/nios2-elf/lib/libc.a(lib_a-memcpy.o)
 .data          0x00000000000189b4        0x0 /home/nathan/Documents/Misc/quartus-free/pkg/quartus-free/opt/altera/18.1/nios2eds/bin/gnu/H-x86_64-pc-linux-gnu/bin/../lib/gcc/nios2-elf/5.3.0/../../../../../H-x86_64-pc-linux-gnu/nios2-elf/lib/libc.a(lib_a-memmove.o)
 .data          0x00000000000189b4        0x0 /home/nathan/Documents/Misc/quartus-free/pkg/quartus-free/opt/altera/18.1/nios2eds/bin/gnu/H-x86_64-pc-linux-gnu/bin/../lib/gcc/nios2-elf/5.3.0/../../../../../H-x86_64-pc-linux-gnu/nios2-elf/lib/libc.a(lib_a-memset.o)
 .data          0x00000000000189b4        0x0 /home/nathan/Documents/Misc/quartus-free/pkg/quartus-free/opt/altera/18.1/nios2eds/bin/gnu/H-x86_64-pc-linux-gnu/bin/../lib/gcc/nios2-elf/5.3.0/../../../../../H-x86_64-pc-linux-gnu/nios2-elf/lib/libc.a(lib_a-mprec.o)
 .data          0x00000000000189b4        0x0 /home/nathan/Documents/Misc/quartus-free/pkg/quartus-free/opt/altera/18.1/nios2eds/bin/gnu/H-x86_64-pc-linux-gnu/bin/../lib/gcc/nios2-elf/5.3.0/../../../../../H-x86_64-pc-linux-gnu/nios2-elf/lib/libc.a(lib_a-reallocr.o)
 .data          0x00000000000189b4        0x0 /home/nathan/Documents/Misc/quartus-free/pkg/quartus-free/opt/altera/18.1/nios2eds/bin/gnu/H-x86_64-pc-linux-gnu/bin/../lib/gcc/nios2-elf/5.3.0/../../../../../H-x86_64-pc-linux-gnu/nios2-elf/lib/libc.a(lib_a-s_fpclassify.o)
 .data          0x00000000000189b4        0x0 /home/nathan/Documents/Misc/quartus-free/pkg/quartus-free/opt/altera/18.1/nios2eds/bin/gnu/H-x86_64-pc-linux-gnu/bin/../lib/gcc/nios2-elf/5.3.0/../../../../../H-x86_64-pc-linux-gnu/nios2-elf/lib/libc.a(lib_a-stdio.o)