Archive member included to satisfy reference by file (symbol)

/home/tugdual/intelFPGA_lite/18.1/nios2eds/bin/gnu/H-x86_64-pc-linux-gnu/bin/../lib/gcc/nios2-elf/5.3.0/../../../../../H-x86_64-pc-linux-gnu/nios2-elf/lib/libc.a(lib_a-printf.o)
                              obj/default/hello_world.o (printf)
/home/tugdual/intelFPGA_lite/18.1/nios2eds/bin/gnu/H-x86_64-pc-linux-gnu/bin/../lib/gcc/nios2-elf/5.3.0/../../../../../H-x86_64-pc-linux-gnu/nios2-elf/lib/libc.a(lib_a-putchar.o)
                              obj/default/hello_world.o (putchar)
/home/tugdual/intelFPGA_lite/18.1/nios2eds/bin/gnu/H-x86_64-pc-linux-gnu/bin/../lib/gcc/nios2-elf/5.3.0/../../../../../H-x86_64-pc-linux-gnu/nios2-elf/lib/libc.a(lib_a-vfprintf.o)
                              /home/tugdual/intelFPGA_lite/18.1/nios2eds/bin/gnu/H-x86_64-pc-linux-gnu/bin/../lib/gcc/nios2-elf/5.3.0/../../../../../H-x86_64-pc-linux-gnu/nios2-elf/lib/libc.a(lib_a-printf.o) (___vfprintf_internal_r)
/home/tugdual/intelFPGA_lite/18.1/nios2eds/bin/gnu/H-x86_64-pc-linux-gnu/bin/../lib/gcc/nios2-elf/5.3.0/../../../../../H-x86_64-pc-linux-gnu/nios2-elf/lib/libc.a(lib_a-wsetup.o)
                              /home/tugdual/intelFPGA_lite/18.1/nios2eds/bin/gnu/H-x86_64-pc-linux-gnu/bin/../lib/gcc/nios2-elf/5.3.0/../../../../../H-x86_64-pc-linux-gnu/nios2-elf/lib/libc.a(lib_a-vfprintf.o) (__swsetup_r)
/home/tugdual/intelFPGA_lite/18.1/nios2eds/bin/gnu/H-x86_64-pc-linux-gnu/bin/../lib/gcc/nios2-elf/5.3.0/../../../../../H-x86_64-pc-linux-gnu/nios2-elf/lib/libc.a(lib_a-dtoa.o)
                              /home/tugdual/intelFPGA_lite/18.1/nios2eds/bin/gnu/H-x86_64-pc-linux-gnu/bin/../lib/gcc/nios2-elf/5.3.0/../../../../../H-x86_64-pc-linux-gnu/nios2-elf/lib/libc.a(lib_a-vfprintf.o) (_dtoa_r)
/home/tugdual/intelFPGA_lite/18.1/nios2eds/bin/gnu/H-x86_64-pc-linux-gnu/bin/../lib/gcc/nios2-elf/5.3.0/../../../../../H-x86_64-pc-linux-gnu/nios2-elf/lib/libc.a(lib_a-fflush.o)
                              /home/tugdual/intelFPGA_lite/18.1/nios2eds/bin/gnu/H-x86_64-pc-linux-gnu/bin/../lib/gcc/nios2-elf/5.3.0/../../../../../H-x86_64-pc-linux-gnu/nios2-elf/lib/libc.a(lib_a-vfprintf.o) (_fflush_r)
/home/tugdual/intelFPGA_lite/18.1/nios2eds/bin/gnu/H-x86_64-pc-linux-gnu/bin/../lib/gcc/nios2-elf/5.3.0/../../../../../H-x86_64-pc-linux-gnu/nios2-elf/lib/libc.a(lib_a-findfp.o)
                              /home/tugdual/intelFPGA_lite/18.1/nios2eds/bin/gnu/H-x86_64-pc-linux-gnu/bin/../lib/gcc/nios2-elf/5.3.0/../../../../../H-x86_64-pc-linux-gnu/nios2-elf/lib/libc.a(lib_a-vfprintf.o) (__sinit)
/home/tugdual/intelFPGA_lite/18.1/nios2eds/bin/gnu/H-x86_64-pc-linux-gnu/bin/../lib/gcc/nios2-elf/5.3.0/../../../../../H-x86_64-pc-linux-gnu/nios2-elf/lib/libc.a(lib_a-freer.o)
                              /home/tugdual/intelFPGA_lite/18.1/nios2eds/bin/gnu/H-x86_64-pc-linux-gnu/bin/../lib/gcc/nios2-elf/5.3.0/../../../../../H-x86_64-pc-linux-gnu/nios2-elf/lib/libc.a(lib_a-wsetup.o) (_free_r)
/home/tugdual/intelFPGA_lite/18.1/nios2eds/bin/gnu/H-x86_64-pc-linux-gnu/bin/../lib/gcc/nios2-elf/5.3.0/../../../../../H-x86_64-pc-linux-gnu/nios2-elf/lib/libc.a(lib_a-fwalk.o)
                              /home/tugdual/intelFPGA_lite/18.1/nios2eds/bin/gnu/H-x86_64-pc-linux-gnu/bin/../lib/gcc/nios2-elf/5.3.0/../../../../../H-x86_64-pc-linux-gnu/nios2-elf/lib/libc.a(lib_a-findfp.o) (_fwalk)
/home/tugdual/intelFPGA_lite/18.1/nios2eds/bin/gnu/H-x86_64-pc-linux-gnu/bin/../lib/gcc/nios2-elf/5.3.0/../../../../../H-x86_64-pc-linux-gnu/nios2-elf/lib/libc.a(lib_a-impure.o)
                              /home/tugdual/intelFPGA_lite/18.1/nios2eds/bin/gnu/H-x86_64-pc-linux-gnu/bin/../lib/gcc/nios2-elf/5.3.0/../../../../../H-x86_64-pc-linux-gnu/nios2-elf/lib/libc.a(lib_a-fflush.o) (_global_impure_ptr)
/home/tugdual/intelFPGA_lite/18.1/nios2eds/bin/gnu/H-x86_64-pc-linux-gnu/bin/../lib/gcc/nios2-elf/5.3.0/../../../../../H-x86_64-pc-linux-gnu/nios2-elf/lib/libc.a(lib_a-locale.o)
                              /home/tugdual/intelFPGA_lite/18.1/nios2eds/bin/gnu/H-x86_64-pc-linux-gnu/bin/../lib/gcc/nios2-elf/5.3.0/../../../../../H-x86_64-pc-linux-gnu/nios2-elf/lib/libc.a(lib_a-vfprintf.o) (_localeconv_r)
/home/tugdual/intelFPGA_lite/18.1/nios2eds/bin/gnu/H-x86_64-pc-linux-gnu/bin/../lib/gcc/nios2-elf/5.3.0/../../../../../H-x86_64-pc-linux-gnu/nios2-elf/lib/libc.a(lib_a-makebuf.o)
                              /home/tugdual/intelFPGA_lite/18.1/nios2eds/bin/gnu/H-x86_64-pc-linux-gnu/bin/../lib/gcc/nios2-elf/5.3.0/../../../../../H-x86_64-pc-linux-gnu/nios2-elf/lib/libc.a(lib_a-wsetup.o) (__smakebuf_r)
/home/tugdual/intelFPGA_lite/18.1/nios2eds/bin/gnu/H-x86_64-pc-linux-gnu/bin/../lib/gcc/nios2-elf/5.3.0/../../../../../H-x86_64-pc-linux-gnu/nios2-elf/lib/libc.a(lib_a-mallocr.o)
                              /home/tugdual/intelFPGA_lite/18.1/nios2eds/bin/gnu/H-x86_64-pc-linux-gnu/bin/../lib/gcc/nios2-elf/5.3.0/../../../../../H-x86_64-pc-linux-gnu/nios2-elf/lib/libc.a(lib_a-findfp.o) (_malloc_r)
[...]
Memory Configuration

Name             Origin             Length             Attributes
reset            0x0000000000040000 0x0000000000000020
onchip_memory2_0 0x0000000000040020 0x000000000003ffe0
*default*        0x0000000000000000 0xffffffffffffffff

Linker script and memory map

LOAD /home/tugdual/Documents/EPFL/RTES/Rapport/RTES/lab2_bsp//obj/HAL/src/crt0.o
LOAD obj/default/hello_world.o
LOAD /home/tugdual/intelFPGA_lite/18.1/nios2eds/bin/gnu/H-x86_64-pc-linux-gnu/bin/../lib/gcc/nios2-elf/5.3.0/../../../../../H-x86_64-pc-linux-gnu/nios2-elf/lib/libstdc++.a
LOAD /home/tugdual/intelFPGA_lite/18.1/nios2eds/bin/gnu/H-x86_64-pc-linux-gnu/bin/../lib/gcc/nios2-elf/5.3.0/../../../../../H-x86_64-pc-linux-gnu/nios2-elf/lib/libm.a
LOAD /home/tugdual/intelFPGA_lite/18.1/nios2eds/bin/gnu/H-x86_64-pc-linux-gnu/bin/../lib/gcc/nios2-elf/5.3.0/libgcc.a
START GROUP
LOAD /home/tugdual/intelFPGA_lite/18.1/nios2eds/bin/gnu/H-x86_64-pc-linux-gnu/bin/../lib/gcc/nios2-elf/5.3.0/../../../../../H-x86_64-pc-linux-gnu/nios2-elf/lib/libc.a
LOAD /home/tugdual/intelFPGA_lite/18.1/nios2eds/bin/gnu/H-x86_64-pc-linux-gnu/bin/../lib/gcc/nios2-elf/5.3.0/libgcc.a
LOAD /home/tugdual/Documents/EPFL/RTES/Rapport/RTES/lab2_bsp//libhal_bsp.a
LOAD /home/tugdual/intelFPGA_lite/18.1/nios2eds/bin/gnu/H-x86_64-pc-linux-gnu/bin/../lib/gcc/nios2-elf/5.3.0/../../../../../H-x86_64-pc-linux-gnu/nios2-elf/lib/libm.a
END GROUP
LOAD /home/tugdual/intelFPGA_lite/18.1/nios2eds/bin/gnu/H-x86_64-pc-linux-gnu/bin/../lib/gcc/nios2-elf/5.3.0/libgcc.a
                0x0000000000040000                __alt_mem_onchip_memory2_0 = 0x40000

.entry          0x0000000000040000       0x20
 *(.entry)
 .entry         0x0000000000040000       0x20 /home/tugdual/Documents/EPFL/RTES/Rapport/RTES/lab2_bsp//obj/HAL/src/crt0.o
                0x0000000000040000                __reset

.exceptions     0x0000000000040020      0x224
                0x0000000000040020                PROVIDE (__ram_exceptions_start, ABSOLUTE (.))
                0x0000000000040020                . = ALIGN (0x20)
 *(.irq)
 *(.exceptions.entry.label)
 .exceptions.entry.label
                0x0000000000040020        0x0 /home/tugdual/Documents/EPFL/RTES/Rapport/RTES/lab2_bsp//libhal_bsp.a(alt_irq_entry.o)
                0x0000000000040020                alt_irq_entry
 .exceptions.entry.label
                0x0000000000040020        0x0 /home/tugdual/Documents/EPFL/RTES/Rapport/RTES/lab2_bsp//libhal_bsp.a(alt_exception_entry.o)
                0x0000000000040020                alt_exception
 *(.exceptions.entry.user)
 *(.exceptions.entry.ecc_fatal)
 *(.exceptions.entry)
 .exceptions.entry
                0x0000000000040020       0x54 /home/tugdual/Documents/EPFL/RTES/Rapport/RTES/lab2_bsp//libhal_bsp.a(alt_exception_entry.o)
 *(.exceptions.irqtest.user)
 *(.exceptions.irqtest)
 .exceptions.irqtest
                0x0000000000040074       0x10 /home/tugdual/Documents/EPFL/RTES/Rapport/RTES/lab2_bsp//libhal_bsp.a(alt_irq_entry.o)
 *(.exceptions.irqhandler.user)
 *(.exceptions.irqhandler)
 .exceptions.irqhandler
                0x0000000000040084        0x4 /home/tugdual/Documents/EPFL/RTES/Rapport/RTES/lab2_bsp//libhal_bsp.a(alt_irq_entry.o)
 *(.exceptions.irqreturn.user)
 *(.exceptions.irqreturn)
 .exceptions.irqreturn
                0x0000000000040088        0x4 /home/tugdual/Documents/EPFL/RTES/Rapport/RTES/lab2_bsp//libhal_bsp.a(alt_irq_entry.o)
 *(.exceptions.notirq.label)
 .exceptions.notirq.label
                0x000000000004008c        0x0 /home/tugdual/Documents/EPFL/RTES/Rapport/RTES/lab2_bsp//libhal_bsp.a(alt_irq_entry.o)
 *(.exceptions.notirq.user)
 *(.exceptions.notirq)
 .exceptions.notirq
                0x000000000004008c        0x8 /home/tugdual/Documents/EPFL/RTES/Rapport/RTES/lab2_bsp//libhal_bsp.a(alt_exception_entry.o)
 *(.exceptions.soft.user)
 *(.exceptions.soft)
 *(.exceptions.unknown.user)
 *(.exceptions.unknown)
 .exceptions.unknown
                0x0000000000040094       0x14 /home/tugdual/Documents/EPFL/RTES/Rapport/RTES/lab2_bsp//libhal_bsp.a(alt_exception_entry.o)
 *(.exceptions.exit.label)
 .exceptions.exit.label
                0x00000000000400a8        0x0 /home/tugdual/Documents/EPFL/RTES/Rapport/RTES/lab2_bsp//libhal_bsp.a(alt_irq_entry.o)
 .exceptions.exit.label
                0x00000000000400a8        0x0 /home/tugdual/Documents/EPFL/RTES/Rapport/RTES/lab2_bsp//libhal_bsp.a(alt_exception_entry.o)
 *(.exceptions.exit.user)
 *(.exceptions.exit)
 .exceptions.exit
                0x00000000000400a8       0x54 /home/tugdual/Documents/EPFL/RTES/Rapport/RTES/lab2_bsp//libhal_bsp.a(alt_exception_entry.o)
 *(.exceptions)
 .exceptions    0x00000000000400fc       0xd4 /home/tugdual/Documents/EPFL/RTES/Rapport/RTES/lab2_bsp//libhal_bsp.a(alt_irq_handler.o)
                0x00000000000400fc                alt_irq_handler
 .exceptions    0x00000000000401d0       0x74 /home/tugdual/Documents/EPFL/RTES/Rapport/RTES/lab2_bsp//libhal_bsp.a(alt_instruction_exception_entry.o)
                0x00000000000401d0                alt_instruction_exception_entry
                0x0000000000040244                PROVIDE (__ram_exceptions_end, ABSOLUTE (.))
                0x0000000000040020                PROVIDE (__flash_exceptions_start, LOADADDR (.exceptions))

.text           0x0000000000040244     0xf7f0
                [!provide]                        PROVIDE (stext, ABSOLUTE (.))
 *(.interp)
 *(.hash)
 *(.dynsym)
 *(.dynstr)
 *(.gnu.version)
 *(.gnu.version_d)
 *(.gnu.version_r)
 *(.rel.init)
 *(.rela.init)
 *(.rel.text .rel.text.* .rel.gnu.linkonce.t.*)
 *(.rela.text .rela.text.* .rela.gnu.linkonce.t.*)
 *(.rel.fini)
 *(.rela.fini)
 *(.rel.rodata .rel.rodata.* .rel.gnu.linkonce.r.*)
 *(.rela.rodata .rela.rodata.* .rela.gnu.linkonce.r.*)
 *(.rel.data .rel.data.* .rel.gnu.linkonce.d.*)
 *(.rela.data .rela.data.* .rela.gnu.linkonce.d.*)
 *(.rel.tdata .rel.tdata.* .rel.gnu.linkonce.td.*)
 *(.rela.tdata .rela.tdata.* .rela.gnu.linkonce.td.*)
 *(.rel.tbss .rel.tbss.* .rel.gnu.linkonce.tb.*)
 *(.rela.tbss .rela.tbss.* .rela.gnu.linkonce.tb.*)
 *(.rel.ctors)
 *(.rela.ctors)
 *(.rel.dtors)
 *(.rela.dtors)
 *(.rel.got)
 *(.rela.got)
 *(.rel.sdata .rel.sdata.* .rel.gnu.linkonce.s.*)
 *(.rela.sdata .rela.sdata.* .rela.gnu.linkonce.s.*)
 *(.rel.sbss .rel.sbss.* .rel.gnu.linkonce.sb.*)
 *(.rela.sbss .rela.sbss.* .rela.gnu.linkonce.sb.*)
 *(.rel.sdata2 .rel.sdata2.* .rel.gnu.linkonce.s2.*)
 *(.rela.sdata2 .rela.sdata2.* .rela.gnu.linkonce.s2.*)
 *(.rel.sbss2 .rel.sbss2.* .rel.gnu.linkonce.sb2.*)
 *(.rela.sbss2 .rela.sbss2.* .rela.gnu.linkonce.sb2.*)
 *(.rel.bss .rel.bss.* .rel.gnu.linkonce.b.*)
 *(.rela.bss .rela.bss.* .rela.gnu.linkonce.b.*)
 *(.rel.plt)
 *(.rela.plt)
 *(.rel.dyn)
 *(.init)
 *(.plt)
 *(.text .stub .text.* .gnu.linkonce.t.*)
 .text          0x0000000000040244       0x4c /home/tugdual/Documents/EPFL/RTES/Rapport/RTES/lab2_bsp//obj/HAL/src/crt0.o
                0x0000000000040244                _start
 .text          0x0000000000040290      0x194 obj/default/hello_world.o
                0x0000000000040290                main
 .text          0x0000000000040424        0x0 /home/tugdual/intelFPGA_lite/18.1/nios2eds/bin/gnu/H-x86_64-pc-linux-gnu/bin/../lib/gcc/nios2-elf/5.3.0/../../../../../H-x86_64-pc-linux-gnu/nios2-elf/lib/libc.a(lib_a-printf.o)
 .text._printf_r
                0x0000000000040424       0x30 /home/tugdual/intelFPGA_lite/18.1/nios2eds/bin/gnu/H-x86_64-pc-linux-gnu/bin/../lib/gcc/nios2-elf/5.3.0/../../../../../H-x86_64-pc-linux-gnu/nios2-elf/lib/libc.a(lib_a-printf.o)
                0x0000000000040424                _printf_r
 .text.printf   0x0000000000040454       0x3c /home/tugdual/intelFPGA_lite/18.1/nios2eds/bin/gnu/H-x86_64-pc-linux-gnu/bin/../lib/gcc/nios2-elf/5.3.0/../../../../../H-x86_64-pc-linux-gnu/nios2-elf/lib/libc.a(lib_a-printf.o)
                0x0000000000040454                printf
 .text          0x0000000000040490        0x0 /home/tugdual/intelFPGA_lite/18.1/nios2eds/bin/gnu/H-x86_64-pc-linux-gnu/bin/../lib/gcc/nios2-elf/5.3.0/../../../../../H-x86_64-pc-linux-gnu/nios2-elf/lib/libc.a(lib_a-putchar.o)
 .text._putchar_r
                0x0000000000040490        0x8 /home/tugdual/intelFPGA_lite/18.1/nios2eds/bin/gnu/H-x86_64-pc-linux-gnu/bin/../lib/gcc/nios2-elf/5.3.0/../../../../../H-x86_64-pc-linux-gnu/nios2-elf/lib/libc.a(lib_a-putchar.o)
                0x0000000000040490                _putchar_r
 .text.putchar  0x0000000000040498       0x18 /home/tugdual/intelFPGA_lite/18.1/nios2eds/bin/gnu/H-x86_64-pc-linux-gnu/bin/../lib/gcc/nios2-elf/5.3.0/../../../../../H-x86_64-pc-linux-gnu/nios2-elf/lib/libc.a(lib_a-putchar.o)
                0x0000000000040498                putchar
 .text          0x00000000000404b0        0x0 /home/tugdual/intelFPGA_lite/18.1/nios2eds/bin/gnu/H-x86_64-pc-linux-gnu/bin/../lib/gcc/nios2-elf/5.3.0/../../../../../H-x86_64-pc-linux-gnu/nios2-elf/lib/libc.a(lib_a-vfprintf.o)
 .text.___vfprintf_internal_r
                0x00000000000404b0     0x21f8 /home/tugdual/intelFPGA_lite/18.1/nios2eds/bin/gnu/H-x86_64-pc-linux-gnu/bin/../lib/gcc/nios2-elf/5.3.0/../../../../../H-x86_64-pc-linux-gnu/nios2-elf/lib/libc.a(lib_a-vfprintf.o)
                0x00000000000404b0                ___vfprintf_internal_r
 .text.__vfprintf_internal
                0x00000000000426a8       0x1c /home/tugdual/intelFPGA_lite/18.1/nios2eds/bin/gnu/H-x86_64-pc-linux-gnu/bin/../lib/gcc/nios2-elf/5.3.0/../../../../../H-x86_64-pc-linux-gnu/nios2-elf/lib/libc.a(lib_a-vfprintf.o)
                0x00000000000426a8                __vfprintf_internal
 .text.__sbprintf
                0x00000000000426c4       0xbc /home/tugdual/intelFPGA_lite/18.1/nios2eds/bin/gnu/H-x86_64-pc-linux-gnu/bin/../lib/gcc/nios2-elf/5.3.0/../../../../../H-x86_64-pc-linux-gnu/nios2-elf/lib/libc.a(lib_a-vfprintf.o)
 .text          0x0000000000042780        0x0 /home/tugdual/intelFPGA_lite/18.1/nios2eds/bin/gnu/H-x86_64-pc-linux-gnu/bin/../lib/gcc/nios2-elf/5.3.0/../../../../../H-x86_64-pc-linux-gnu/nios2-elf/lib/libc.a(lib_a-wsetup.o)
 .text.__swsetup_r
                0x0000000000042780      0x154 /home/tugdual/intelFPGA_lite/18.1/nios2eds/bin/gnu/H-x86_64-pc-linux-gnu/bin/../lib/gcc/nios2-elf/5.3.0/../../../../../H-x86_64-pc-linux-gnu/nios2-elf/lib/libc.a(lib_a-wsetup.o)
                0x0000000000042780                __swsetup_r
 .text          0x00000000000428d4        0x0 /home/tugdual/intelFPGA_lite/18.1/nios2eds/bin/gnu/H-x86_64-pc-linux-gnu/bin/../lib/gcc/nios2-elf/5.3.0/../../../../../H-x86_64-pc-linux-gnu/nios2-elf/lib/libc.a(lib_a-dtoa.o)
 .text.quorem   0x00000000000428d4      0x200 /home/tugdual/intelFPGA_lite/18.1/nios2eds/bin/gnu/H-x86_64-pc-linux-gnu/bin/../lib/gcc/nios2-elf/5.3.0/../../../../../H-x86_64-pc-linux-gnu/nios2-elf/lib/libc.a(lib_a-dtoa.o)
 .text._dtoa_r  0x0000000000042ad4     0x1688 /home/tugdual/intelFPGA_lite/18.1/nios2eds/bin/gnu/H-x86_64-pc-linux-gnu/bin/../lib/gcc/nios2-elf/5.3.0/../../../../../H-x86_64-pc-linux-gnu/nios2-elf/lib/libc.a(lib_a-dtoa.o)
                0x0000000000042ad4                _dtoa_r
 .text          0x000000000004415c        0x0 /home/tugdual/intelFPGA_lite/18.1/nios2eds/bin/gnu/H-x86_64-pc-linux-gnu/bin/../lib/gcc/nios2-elf/5.3.0/../../../../../H-x86_64-pc-linux-gnu/nios2-elf/lib/libc.a(lib_a-fflush.o)
 .text.__sflush_r
                0x000000000004415c      0x21c /home/tugdual/intelFPGA_lite/18.1/nios2eds/bin/gnu/H-x86_64-pc-linux-gnu/bin/../lib/gcc/nios2-elf/5.3.0/../../../../../H-x86_64-pc-linux-gnu/nios2-elf/lib/libc.a(lib_a-fflush.o)
                0x000000000004415c                __sflush_r
 .text._fflush_r
                0x0000000000044378       0x5c /home/tugdual/intelFPGA_lite/18.1/nios2eds/bin/gnu/H-x86_64-pc-linux-gnu/bin/../lib/gcc/nios2-elf/5.3.0/../../../../../H-x86_64-pc-linux-gnu/nios2-elf/lib/libc.a(lib_a-fflush.o)
                0x0000000000044378                _fflush_r
 .text.fflush   0x00000000000443d4       0x30 /home/tugdual/intelFPGA_lite/18.1/nios2eds/bin/gnu/H-x86_64-pc-linux-gnu/bin/../lib/gcc/nios2-elf/5.3.0/../../../../../H-x86_64-pc-linux-gnu/nios2-elf/lib/libc.a(lib_a-fflush.o)
                0x00000000000443d4                fflush
 .text          0x0000000000044404        0x0 /home/tugdual/intelFPGA_lite/18.1/nios2eds/bin/gnu/H-x86_64-pc-linux-gnu/bin/../lib/gcc/nios2-elf/5.3.0/../../../../../H-x86_64-pc-linux-gnu/nios2-elf/lib/libc.a(lib_a-findfp.o)
 .text.__fp_unlock
                0x0000000000044404        0x8 /home/tugdual/intelFPGA_lite/18.1/nios2eds/bin/gnu/H-x86_64-pc-linux-gnu/bin/../lib/gcc/nios2-elf/5.3.0/../../../../../H-x86_64-pc-linux-gnu/nios2-elf/lib/libc.a(lib_a-findfp.o)
 .text._cleanup_r
                0x000000000004440c        0xc /home/tugdual/intelFPGA_lite/18.1/nios2eds/bin/gnu/H-x86_64-pc-linux-gnu/bin/../lib/gcc/nios2-elf/5.3.0/../../../../../H-x86_64-pc-linux-gnu/nios2-elf/lib/libc.a(lib_a-findfp.o)
                0x000000000004440c                _cleanup_r
 .text.__sinit.part.1
                0x0000000000044418      0x19c /home/tugdual/intelFPGA_lite/18.1/nios2eds/bin/gnu/H-x86_64-pc-linux-gnu/bin/../lib/gcc/nios2-elf/5.3.0/../../../../../H-x86_64-pc-linux-gnu/nios2-elf/lib/libc.a(lib_a-findfp.o)
 .text.__fp_lock
                0x00000000000445b4        0x8 /home/tugdual/intelFPGA_lite/18.1/nios2eds/bin/gnu/H-x86_64-pc-linux-gnu/bin/../lib/gcc/nios2-elf/5.3.0/../../../../../H-x86_64-pc-linux-gnu/nios2-elf/lib/libc.a(lib_a-findfp.o)
 .text.__sfmoreglue
                0x00000000000445bc       0x68 /home/tugdual/intelFPGA_lite/18.1/nios2eds/bin/gnu/H-x86_64-pc-linux-gnu/bin/../lib/gcc/nios2-elf/5.3.0/../../../../../H-x86_64-pc-linux-gnu/nios2-elf/lib/libc.a(lib_a-findfp.o)
                0x00000000000445bc                __sfmoreglue
 .text.__sfp    0x0000000000044624      0x118 /home/tugdual/intelFPGA_lite/18.1/nios2eds/bin/gnu/H-x86_64-pc-linux-gnu/bin/../lib/gcc/nios2-elf/5.3.0/../../../../../H-x86_64-pc-linux-gnu/nios2-elf/lib/libc.a(lib_a-findfp.o)
                0x0000000000044624                __sfp
 .text._cleanup
                0x000000000004473c       0x18 /home/tugdual/intelFPGA_lite/18.1/nios2eds/bin/gnu/H-x86_64-pc-linux-gnu/bin/../lib/gcc/nios2-elf/5.3.0/../../../../../H-x86_64-pc-linux-gnu/nios2-elf/lib/libc.a(lib_a-findfp.o)
                0x000000000004473c                _cleanup
 .text.__sinit  0x0000000000044754       0x10 /home/tugdual/intelFPGA_lite/18.1/nios2eds/bin/gnu/H-x86_64-pc-linux-gnu/bin/../lib/gcc/nios2-elf/5.3.0/../../../../../H-x86_64-pc-linux-gnu/nios2-elf/lib/libc.a(lib_a-findfp.o)
                0x0000000000044754                __sinit
 .text.__sfp_lock_acquire
                0x0000000000044764        0x4 /home/tugdual/intelFPGA_lite/18.1/nios2eds/bin/gnu/H-x86_64-pc-linux-gnu/bin/../lib/gcc/nios2-elf/5.3.0/../../../../../H-x86_64-pc-linux-gnu/nios2-elf/lib/libc.a(lib_a-findfp.o)
                0x0000000000044764                __sfp_lock_acquire
 .text.__sfp_lock_release
                0x0000000000044768        0x4 /home/tugdual/intelFPGA_lite/18.1/nios2eds/bin/gnu/H-x86_64-pc-linux-gnu/bin/../lib/gcc/nios2-elf/5.3.0/../../../../../H-x86_64-pc-linux-gnu/nios2-elf/lib/libc.a(lib_a-findfp.o)
                0x0000000000044768                __sfp_lock_release
 .text.__sinit_lock_acquire
                0x000000000004476c        0x4 /home/tugdual/intelFPGA_lite/18.1/nios2eds/bin/gnu/H-x86_64-pc-linux-gnu/bin/../lib/gcc/nios2-elf/5.3.0/../../../../../H-x86_64-pc-linux-gnu/nios2-elf/lib/libc.a(lib_a-findfp.o)
                0x000000000004476c                __sinit_lock_acquire
 .text.__sinit_lock_release
                0x0000000000044770        0x4 /home/tugdual/intelFPGA_lite/18.1/nios2eds/bin/gnu/H-x86_64-pc-linux-gnu/bin/../lib/gcc/nios2-elf/5.3.0/../../../../../H-x86_64-pc-linux-gnu/nios2-elf/lib/libc.a(lib_a-findfp.o)
                0x0000000000044770                __sinit_lock_release
 .text.__fp_lock_all
                0x0000000000044774       0x18 /home/tugdual/intelFPGA_lite/18.1/nios2eds/bin/gnu/H-x86_64-pc-linux-gnu/bin/../lib/gcc/nios2-elf/5.3.0/../../../../../H-x86_64-pc-linux-gnu/nios2-elf/lib/libc.a(lib_a-findfp.o)
                0x0000000000044774                __fp_lock_all
 .text.__fp_unlock_all
                0x000000000004478c       0x18 /home/tugdual/intelFPGA_lite/18.1/nios2eds/bin/gnu/H-x86_64-pc-linux-gnu/bin/../lib/gcc/nios2-elf/5.3.0/../../../../../H-x86_64-pc-linux-gnu/nios2-elf/lib/libc.a(lib_a-findfp.o)
                0x000000000004478c                __fp_unlock_all
 .text          0x00000000000447a4        0x0 /home/tugdual/intelFPGA_lite/18.1/nios2eds/bin/gnu/H-x86_64-pc-linux-gnu/bin/../lib/gcc/nios2-elf/5.3.0/../../../../../H-x86_64-pc-linux-gnu/nios2-elf/lib/libc.a(lib_a-freer.o)
 .text._malloc_trim_r
                0x00000000000447a4      0x124 /home/tugdual/intelFPGA_lite/18.1/nios2eds/bin/gnu/H-x86_64-pc-linux-gnu/bin/../lib/gcc/nios2-elf/5.3.0/../../../../../H-x86_64-pc-linux-gnu/nios2-elf/lib/libc.a(lib_a-freer.o)
                0x00000000000447a4                _malloc_trim_r
 .text._free_r  0x00000000000448c8      0x310 /home/tugdual/intelFPGA_lite/18.1/nios2eds/bin/gnu/H-x86_64-pc-linux-gnu/bin/../lib/gcc/nios2-elf/5.3.0/../../../../../H-x86_64-pc-linux-gnu/nios2-elf/lib/libc.a(lib_a-freer.o)
                0x00000000000448c8                _free_r
 .text          0x0000000000044bd8        0x0 /home/tugdual/intelFPGA_lite/18.1/nios2eds/bin/gnu/H-x86_64-pc-linux-gnu/bin/../lib/gcc/nios2-elf/5.3.0/../../../../../H-x86_64-pc-linux-gnu/nios2-elf/lib/libc.a(lib_a-fwalk.o)
 .text._fwalk   0x0000000000044bd8       0xc4 /home/tugdual/intelFPGA_lite/18.1/nios2eds/bin/gnu/H-x86_64-pc-linux-gnu/bin/../lib/gcc/nios2-elf/5.3.0/../../../../../H-x86_64-pc-linux-gnu/nios2-elf/lib/libc.a(lib_a-fwalk.o)
                0x0000000000044bd8                _fwalk
 .text._fwalk_reent
                0x0000000000044c9c       0xc4 /home/tugdual/intelFPGA_lite/18.1/nios2eds/bin/gnu/H-x86_64-pc-linux-gnu/bin/../lib/gcc/nios2-elf/5.3.0/../../../../../H-x86_64-pc-linux-gnu/nios2-elf/lib/libc.a(lib_a-fwalk.o)
                0x0000000000044c9c                _fwalk_reent
 .text          0x0000000000044d60        0x0 /home/tugdual/intelFPGA_lite/18.1/nios2eds/bin/gnu/H-x86_64-pc-linux-gnu/bin/../lib/gcc/nios2-elf/5.3.0/../../../../../H-x86_64-pc-linux-gnu/nios2-elf/lib/libc.a(lib_a-impure.o)
 .text          0x0000000000044d60        0x0 /home/tugdual/intelFPGA_lite/18.1/nios2eds/bin/gnu/H-x86_64-pc-linux-gnu/bin/../lib/gcc/nios2-elf/5.3.0/../../../../../H-x86_64-pc-linux-gnu/nios2-elf/lib/libc.a(lib_a-locale.o)
 .text._setlocale_r
                0x0000000000044d60       0x7c /home/tugdual/intelFPGA_lite/18.1/nios2eds/bin/gnu/H-x86_64-pc-linux-gnu/bin/../lib/gcc/nios2-elf/5.3.0/../../../../../H-x86_64-pc-linux-gnu/nios2-elf/lib/libc.a(lib_a-locale.o)
                0x0000000000044d60                _setlocale_r
 .text.__locale_charset
                0x0000000000044ddc        0xc /home/tugdual/intelFPGA_lite/18.1/nios2eds/bin/gnu/H-x86_64-pc-linux-gnu/bin/../lib/gcc/nios2-elf/5.3.0/../../../../../H-x86_64-pc-linux-gnu/nios2-elf/lib/libc.a(lib_a-locale.o)
                0x0000000000044ddc                __locale_charset
 .text.__locale_mb_cur_max
                0x0000000000044de8       0x10 /home/tugdual/intelFPGA_lite/18.1/nios2eds/bin/gnu/H-x86_64-pc-linux-gnu/bin/../lib/gcc/nios2-elf/5.3.0/../../../../../H-x86_64-pc-linux-gnu/nios2-elf/lib/libc.a(lib_a-locale.o)
                0x0000000000044de8                __locale_mb_cur_max
 .text.__locale_msgcharset
                0x0000000000044df8        0xc /home/tugdual/intelFPGA_lite/18.1/nios2eds/bin/gnu/H-x86_64-pc-linux-gnu/bin/../lib/gcc/nios2-elf/5.3.0/../../../../../H-x86_64-pc-linux-gnu/nios2-elf/lib/libc.a(lib_a-locale.o)
                0x0000000000044df8                __locale_msgcharset
 .text.__locale_cjk_lang
                0x0000000000044e04        0x8 /home/tugdual/intelFPGA_lite/18.1/nios2eds/bin/gnu/H-x86_64-pc-linux-gnu/bin/../lib/gcc/nios2-elf/5.3.0/../../../../../H-x86_64-pc-linux-gnu/nios2-elf/lib/libc.a(lib_a-locale.o)
                0x0000000000044e04                __locale_cjk_lang
 .text._localeconv_r
                0x0000000000044e0c        0xc /home/tugdual/intelFPGA_lite/18.1/nios2eds/bin/gnu/H-x86_64-pc-linux-gnu/bin/../lib/gcc/nios2-elf/5.3.0/../../../../../H-x86_64-pc-linux-gnu/nios2-elf/lib/libc.a(lib_a-locale.o)
                0x0000000000044e0c                _localeconv_r
 .text.setlocale
                0x0000000000044e18       0x18 /home/tugdual/intelFPGA_lite/18.1/nios2eds/bin/gnu/H-x86_64-pc-linux-gnu/bin/../lib/gcc/nios2-elf/5.3.0/../../../../../H-x86_64-pc-linux-gnu/nios2-elf/lib/libc.a(lib_a-locale.o)
                0x0000000000044e18                setlocale
 .text.localeconv
                0x0000000000044e30        0xc /home/tugdual/intelFPGA_lite/18.1/nios2eds/bin/gnu/H-x86_64-pc-linux-gnu/bin/../lib/gcc/nios2-elf/5.3.0/../../../../../H-x86_64-pc-linux-gnu/nios2-elf/lib/libc.a(lib_a-locale.o)
                0x0000000000044e30                localeconv
 .text          0x0000000000044e3c        0x0 /home/tugdual/intelFPGA_lite/18.1/nios2eds/bin/gnu/H-x86_64-pc-linux-gnu/bin/../lib/gcc/nios2-elf/5.3.0/../../../../../H-x86_64-pc-linux-gnu/nios2-elf/lib/libc.a(lib_a-makebuf.o)
 .text.__smakebuf_r
                0x0000000000044e3c      0x1bc /home/tugdual/intelFPGA_lite/18.1/nios2eds/bin/gnu/H-x86_64-pc-linux-gnu/bin/../lib/gcc/nios2-elf/5.3.0/../../../../../H-x86_64-pc-linux-gnu/nios2-elf/lib/libc.a(lib_a-makebuf.o)
                0x0000000000044e3c                __smakebuf_r
 .text          0x0000000000044ff8        0x0 /home/tugdual/intelFPGA_lite/18.1/nios2eds/bin/gnu/H-x86_64-pc-linux-gnu/bin/../lib/gcc/nios2-elf/5.3.0/../../../../../H-x86_64-pc-linux-gnu/nios2-elf/lib/libc.a(lib_a-mallocr.o)
 .text._malloc_r
                0x0000000000044ff8      0x80c /home/tugdual/intelFPGA_lite/18.1/nios2eds/bin/gnu/H-x86_64-pc-linux-gnu/bin/../lib/gcc/nios2-elf/5.3.0/../../../../../H-x86_64-pc-linux-gnu/nios2-elf/lib/libc.a(lib_a-mallocr.o)
                0x0000000000044ff8                _malloc_r
 .text          0x0000000000045804        0x0 /home/tugdual/intelFPGA_lite/18.1/nios2eds/bin/gnu/H-x86_64-pc-linux-gnu/bin/../lib/gcc/nios2-elf/5.3.0/../../../../../H-x86_64-pc-linux-gnu/nios2-elf/lib/libc.a(lib_a-memchr.o)
 .text.memchr   0x0000000000045804       0xe4 /home/tugdual/intelFPGA_lite/18.1/nios2eds/bin/gnu/H-x86_64-pc-linux-gnu/bin/../lib/gcc/nios2-elf/5.3.0/../../../../../H-x86_64-pc-linux-gnu/nios2-elf/lib/libc.a(lib_a-memchr.o)
                0x0000000000045804                memchr
 .text          0x00000000000458e8        0x0 /home/tugdual/intelFPGA_lite/18.1/nios2eds/bin/gnu/H-x86_64-pc-linux-gnu/bin/../lib/gcc/nios2-elf/5.3.0/../../../../../H-x86_64-pc-linux-gnu/nios2-elf/lib/libc.a(lib_a-memcpy.o)
 .text.memcpy   0x00000000000458e8      0x148 /home/tugdual/intelFPGA_lite/18.1/nios2eds/bin/gnu/H-x86_64-pc-linux-gnu/bin/../lib/gcc/nios2-elf/5.3.0/../../../../../H-x86_64-pc-linux-gnu/nios2-elf/lib/libc.a(lib_a-memcpy.o)
                0x00000000000458e8                memcpy
 .text          0x0000000000045a30        0x0 /home/tugdual/intelFPGA_lite/18.1/nios2eds/bin/gnu/H-x86_64-pc-linux-gnu/bin/../lib/gcc/nios2-elf/5.3.0/../../../../../H-x86_64-pc-linux-gnu/nios2-elf/lib/libc.a(lib_a-memset.o)
 .text.memset   0x0000000000045a30      0x128 /home/tugdual/intelFPGA_lite/18.1/nios2eds/bin/gnu/H-x86_64-pc-linux-gnu/bin/../lib/gcc/nios2-elf/5.3.0/../../../../../H-x86_64-pc-linux-gnu/nios2-elf/lib/libc.a(lib_a-memset.o)
                0x0000000000045a30                memset
 .text          0x0000000000045b58        0x0 /home/tugdual/intelFPGA_lite/18.1/nios2eds/bin/gnu/H-x86_64-pc-linux-gnu/bin/../lib/gcc/nios2-elf/5.3.0/../../../../../H-x86_64-pc-linux-gnu/nios2-elf/lib/libc.a(lib_a-mprec.o)
 .text._Balloc  0x0000000000045b58       0xa8 /home/tugdual/intelFPGA_lite/18.1/nios2eds/bin/gnu/H-x86_64-pc-linux-gnu/bin/../lib/gcc/nios2-elf/5.3.0/../../../../../H-x86_64-pc-linux-gnu/nios2-elf/lib/libc.a(lib_a-mprec.o)
                0x0000000000045b58                _Balloc
 .text._Bfree   0x0000000000045c00       0x28 /home/tugdual/intelFPGA_lite/18.1/nios2eds/bin/gnu/H-x86_64-pc-linux-gnu/bin/../lib/gcc/nios2-elf/5.3.0/../../../../../H-x86_64-pc-linux-gnu/nios2-elf/lib/libc.a(lib_a-mprec.o)
                0x0000000000045c00                _Bfree
 .text.__multadd
                0x0000000000045c28      0x120 /home/tugdual/intelFPGA_lite/18.1/nios2eds/bin/gnu/H-x86_64-pc-linux-gnu/bin/../lib/gcc/nios2-elf/5.3.0/../../../../../H-x86_64-pc-linux-gnu/nios2-elf/lib/libc.a(lib_a-mprec.o)
                0x0000000000045c28                __multadd
 .text.__s2b    0x0000000000045d48      0x104 /home/tugdual/intelFPGA_lite/18.1/nios2eds/bin/gnu/H-x86_64-pc-linux-gnu/bin/../lib/gcc/nios2-elf/5.3.0/../../../../../H-x86_64-pc-linux-gnu/nios2-elf/lib/libc.a(lib_a-mprec.o)
                0x0000000000045d48                __s2b
 .text.__hi0bits
                0x0000000000045e4c       0x68 /home/tugdual/intelFPGA_lite/18.1/nios2eds/bin/gnu/H-x86_64-pc-linux-gnu/bin/../lib/gcc/nios2-elf/5.3.0/../../../../../H-x86_64-pc-linux-gnu/nios2-elf/lib/libc.a(lib_a-mprec.o)
                0x0000000000045e4c                __hi0bits
 .text.__lo0bits
                0x0000000000045eb4       0xb0 /home/tugdual/intelFPGA_lite/18.1/nios2eds/bin/gnu/H-x86_64-pc-linux-gnu/bin/../lib/gcc/nios2-elf/5.3.0/../../../../../H-x86_64-pc-linux-gnu/nios2-elf/lib/libc.a(lib_a-mprec.o)
                0x0000000000045eb4                __lo0bits
 .text.__i2b    0x0000000000045f64       0x3c /home/tugdual/intelFPGA_lite/18.1/nios2eds/bin/gnu/H-x86_64-pc-linux-gnu/bin/../lib/gcc/nios2-elf/5.3.0/../../../../../H-x86_64-pc-linux-gnu/nios2-elf/lib/libc.a(lib_a-mprec.o)
                0x0000000000045f64                __i2b
 .text.__multiply
                0x0000000000045fa0      0x1f8 /home/tugdual/intelFPGA_lite/18.1/nios2eds/bin/gnu/H-x86_64-pc-linux-gnu/bin/../lib/gcc/nios2-elf/5.3.0/../../../../../H-x86_64-pc-linux-gnu/nios2-elf/lib/libc.a(lib_a-mprec.o)
                0x0000000000045fa0                __multiply
 .text.__pow5mult
                0x0000000000046198      0x140 /home/tugdual/intelFPGA_lite/18.1/nios2eds/bin/gnu/H-x86_64-pc-linux-gnu/bin/../lib/gcc/nios2-elf/5.3.0/../../../../../H-x86_64-pc-linux-gnu/nios2-elf/lib/libc.a(lib_a-mprec.o)
                0x0000000000046198                __pow5mult
 .text.__lshift
                0x00000000000462d8      0x148 /home/tugdual/intelFPGA_lite/18.1/nios2eds/bin/gnu/H-x86_64-pc-linux-gnu/bin/../lib/gcc/nios2-elf/5.3.0/../../../../../H-x86_64-pc-linux-gnu/nios2-elf/lib/libc.a(lib_a-mprec.o)
                0x00000000000462d8                __lshift
 .text.__mcmp   0x0000000000046420       0x60 /home/tugdual/intelFPGA_lite/18.1/nios2eds/bin/gnu/H-x86_64-pc-linux-gnu/bin/../lib/gcc/nios2-elf/5.3.0/../../../../../H-x86_64-pc-linux-gnu/nios2-elf/lib/libc.a(lib_a-mprec.o)
                0x0000000000046420                __mcmp
 .text.__mdiff  0x0000000000046480      0x1fc /home/tugdual/intelFPGA_lite/18.1/nios2eds/bin/gnu/H-x86_64-pc-linux-gnu/bin/../lib/gcc/nios2-elf/5.3.0/../../../../../H-x86_64-pc-linux-gnu/nios2-elf/lib/libc.a(lib_a-mprec.o)
                0x0000000000046480                __mdiff
 .text.__ulp    0x000000000004667c       0x64 /home/tugdual/intelFPGA_lite/18.1/nios2eds/bin/gnu/H-x86_64-pc-linux-gnu/bin/../lib/gcc/nios2-elf/5.3.0/../../../../../H-x86_64-pc-linux-gnu/nios2-elf/lib/libc.a(lib_a-mprec.o)
                0x000000000004667c                __ulp
 .text.__b2d    0x00000000000466e0      0x10c /home/tugdual/intelFPGA_lite/18.1/nios2eds/bin/gnu/H-x86_64-pc-linux-gnu/bin/../lib/gcc/nios2-elf/5.3.0/../../../../../H-x86_64-pc-linux-gnu/nios2-elf/lib/libc.a(lib_a-mprec.o)
                0x00000000000466e0                __b2d
 .text.__d2b    0x00000000000467ec      0x14c /home/tugdual/intelFPGA_lite/18.1/nios2eds/bin/gnu/H-x86_64-pc-linux-gnu/bin/../lib/gcc/nios2-elf/5.3.0/../../../../../H-x86_64-pc-linux-gnu/nios2-elf/lib/libc.a(lib_a-mprec.o)
                0x00000000000467ec                __d2b
 .text.__ratio  0x0000000000046938       0xa4 /home/tugdual/intelFPGA_lite/18.1/nios2eds/bin/gnu/H-x86_64-pc-linux-gnu/bin/../lib/gcc/nios2-elf/5.3.0/../../../../../H-x86_64-pc-linux-gnu/nios2-elf/lib/libc.a(lib_a-mprec.o)
                0x0000000000046938                __ratio
 .text._mprec_log10
                0x00000000000469dc       0x74 /home/tugdual/intelFPGA_lite/18.1/nios2eds/bin/gnu/H-x86_64-pc-linux-gnu/bin/../lib/gcc/nios2-elf/5.3.0/../../../../../H-x86_64-pc-linux-gnu/nios2-elf/lib/libc.a(lib_a-mprec.o)
                0x00000000000469dc                _mprec_log10
 .text.__copybits
                0x0000000000046a50       0x78 /home/tugdual/intelFPGA_lite/18.1/nios2eds/bin/gnu/H-x86_64-pc-linux-gnu/bin/../lib/gcc/nios2-elf/5.3.0/../../../../../H-x86_64-pc-linux-gnu/nios2-elf/lib/libc.a(lib_a-mprec.o)
                0x0000000000046a50                __copybits
 .text.__any_on
                0x0000000000046ac8       0x8c /home/tugdual/intelFPGA_lite/18.1/nios2eds/bin/gnu/H-x86_64-pc-linux-gnu/bin/../lib/gcc/nios2-elf/5.3.0/../../../../../H-x86_64-pc-linux-gnu/nios2-elf/lib/libc.a(lib_a-mprec.o)
                0x0000000000046ac8                __any_on
 .text          0x0000000000046b54        0x0 /home/tugdual/intelFPGA_lite/18.1/nios2eds/bin/gnu/H-x86_64-pc-linux-gnu/bin/../lib/gcc/nios2-elf/5.3.0/../../../../../H-x86_64-pc-linux-gnu/nios2-elf/lib/libc.a(lib_a-putc.o)
 .text._putc_r  0x0000000000046b54       0xa0 /home/tugdual/intelFPGA_lite/18.1/nios2eds/bin/gnu/H-x86_64-pc-linux-gnu/bin/../lib/gcc/nios2-elf/5.3.0/../../../../../H-x86_64-pc-linux-gnu/nios2-elf/lib/libc.a(lib_a-putc.o)
                0x0000000000046b54                _putc_r
 .text.putc     0x0000000000046bf4       0xc8 /home/tugdual/intelFPGA_lite/18.1/nios2eds/bin/gnu/H-x86_64-pc-linux-gnu/bin/../lib/gcc/nios2-elf/5.3.0/../../../../../H-x86_64-pc-linux-gnu/nios2-elf/lib/libc.a(lib_a-putc.o)
                0x0000000000046bf4                putc
 .text          0x0000000000046cbc        0x0 /home/tugdual/intelFPGA_lite/18.1/nios2eds/bin/gnu/H-x86_64-pc-linux-gnu/bin/../lib/gcc/nios2-elf/5.3.0/../../../../../H-x86_64-pc-linux-gnu/nios2-elf/lib/libc.a(lib_a-s_fpclassify.o)
 .text.__fpclassifyd
                0x0000000000046cbc       0x74 /home/tugdual/intelFPGA_lite/18.1/nios2eds/bin/gnu/H-x86_64-pc-linux-gnu/bin/../lib/gcc/nios2-elf/5.3.0/../../../../../H-x86_64-pc-linux-gnu/nios2-elf/lib/libc.a(lib_a-s_fpclassify.o)
                0x0000000000046cbc                __fpclassifyd
 .text          0x0000000000046d30        0x0 /home/tugdual/intelFPGA_lite/18.1/nios2eds/bin/gnu/H-x86_64-pc-linux-gnu/bin/../lib/gcc/nios2-elf/5.3.0/../../../../../H-x86_64-pc-linux-gnu/nios2-elf/lib/libc.a(lib_a-sbrkr.o)
 .text._sbrk_r  0x0000000000046d30       0x54 /home/tugdual/intelFPGA_lite/18.1/nios2eds/bin/gnu/H-x86_64-pc-linux-gnu/bin/../lib/gcc/nios2-elf/5.3.0/../../../../../H-x86_64-pc-linux-gnu/nios2-elf/lib/libc.a(lib_a-sbrkr.o)
                0x0000000000046d30                _sbrk_r
 .text          0x0000000000046d84        0x0 /home/tugdual/intelFPGA_lite/18.1/nios2eds/bin/gnu/H-x86_64-pc-linux-gnu/bin/../lib/gcc/nios2-elf/5.3.0/../../../../../H-x86_64-pc-linux-gnu/nios2-elf/lib/libc.a(lib_a-stdio.o)
 .text.__sread  0x0000000000046d84       0x54 /home/tugdual/intelFPGA_lite/18.1/nios2eds/bin/gnu/H-x86_64-pc-linux-gnu/bin/../lib/gcc/nios2-elf/5.3.0/../../../../../H-x86_64-pc-linux-gnu/nios2-elf/lib/libc.a(lib_a-stdio.o)
                0x0000000000046d84                __sread
 .text.__seofread
                0x0000000000046dd8        0x8 /home/tugdual/intelFPGA_lite/18.1/nios2eds/bin/gnu/H-x86_64-pc-linux-gnu/bin/../lib/gcc/nios2-elf/5.3.0/../../../../../H-x86_64-pc-linux-gnu/nios2-elf/lib/libc.a(lib_a-stdio.o)
                0x0000000000046dd8                __seofread
 .text.__swrite
                0x0000000000046de0       0x7c /home/tugdual/intelFPGA_lite/18.1/nios2eds/bin/gnu/H-x86_64-pc-linux-gnu/bin/../lib/gcc/nios2-elf/5.3.0/../../../../../H-x86_64-pc-linux-gnu/nios2-elf/lib/libc.a(lib_a-stdio.o)
                0x0000000000046de0                __swrite
 .text.__sseek  0x0000000000046e5c       0x5c /home/tugdual/intelFPGA_lite/18.1/nios2eds/bin/gnu/H-x86_64-pc-linux-gnu/bin/../lib/gcc/nios2-elf/5.3.0/../../../../../H-x86_64-pc-linux-gnu/nios2-elf/lib/libc.a(lib_a-stdio.o)
                0x0000000000046e5c                __sseek
 .text.__sclose
                0x0000000000046eb8        0x8 /home/tugdual/intelFPGA_lite/18.1/nios2eds/bin/gnu/H-x86_64-pc-linux-gnu/bin/../lib/gcc/nios2-elf/5.3.0/../../../../../H-x86_64-pc-linux-gnu/nios2-elf/lib/libc.a(lib_a-stdio.o)
                0x0000000000046eb8                __sclose
 .text          0x0000000000046ec0        0x0 /home/tugdual/intelFPGA_lite/18.1/nios2eds/bin/gnu/H-x86_64-pc-linux-gnu/bin/../lib/gcc/nios2-elf/5.3.0/../../../../../H-x86_64-pc-linux-gnu/nios2-elf/lib/libc.a(lib_a-strcmp.o)
 .text.strcmp   0x0000000000046ec0       0xdc /home/tugdual/intelFPGA_lite/18.1/nios2eds/bin/gnu/H-x86_64-pc-linux-gnu/bin/../lib/gcc/nios2-elf/5.3.0/../../../../../H-x86_64-pc-linux-gnu/nios2-elf/lib/libc.a(lib_a-strcmp.o)
                0x0000000000046ec0                strcmp
 .text          0x0000000000046f9c        0x0 /home/tugdual/intelFPGA_lite/18.1/nios2eds/bin/gnu/H-x86_64-pc-linux-gnu/bin/../lib/gcc/nios2-elf/5.3.0/../../../../../H-x86_64-pc-linux-gnu/nios2-elf/lib/libc.a(lib_a-strlen.o)
 .text.strlen   0x0000000000046f9c       0x98 /home/tugdual/intelFPGA_lite/18.1/nios2eds/bin/gnu/H-x86_64-pc-linux-gnu/bin/../lib/gcc/nios2-elf/5.3.0/../../../../../H-x86_64-pc-linux-gnu/nios2-elf/lib/libc.a(lib_a-strlen.o)
                0x0000000000046f9c                strlen
 .text          0x0000000000047034        0x0 /home/tugdual/intelFPGA_lite/18.1/nios2eds/bin/gnu/H-x86_64-pc-linux-gnu/bin/../lib/gcc/nios2-elf/5.3.0/../../../../../H-x86_64-pc-linux-gnu/nios2-elf/lib/libc.a(lib_a-vfiprintf.o)
 .text.__sprint_r.part.0
                0x0000000000047034       0xfc /home/tugdual/intelFPGA_lite/18.1/nios2eds/bin/gnu/H-x86_64-pc-linux-gnu/bin/../lib/gcc/nios2-elf/5.3.0/../../../../../H-x86_64-pc-linux-gnu/nios2-elf/lib/libc.a(lib_a-vfiprintf.o)
 .text.__sprint_r
                0x0000000000047130       0x18 /home/tugdual/intelFPGA_lite/18.1/nios2eds/bin/gnu/H-x86_64-pc-linux-gnu/bin/../lib/gcc/nios2-elf/5.3.0/../../../../../H-x86_64-pc-linux-gnu/nios2-elf/lib/libc.a(lib_a-vfiprintf.o)
                0x0000000000047130                __sprint_r
 .text.___vfiprintf_internal_r
                0x0000000000047148     0x145c /home/tugdual/intelFPGA_lite/18.1/nios2eds/bin/gnu/H-x86_64-pc-linux-gnu/bin/../lib/gcc/nios2-elf/5.3.0/../../../../../H-x86_64-pc-linux-gnu/nios2-elf/lib/libc.a(lib_a-vfiprintf.o)
                0x0000000000047148                ___vfiprintf_internal_r
 .text.__vfiprintf_internal
                0x00000000000485a4       0x1c /home/tugdual/intelFPGA_lite/18.1/nios2eds/bin/gnu/H-x86_64-pc-linux-gnu/bin/../lib/gcc/nios2-elf/5.3.0/../../../../../H-x86_64-pc-linux-gnu/nios2-elf/lib/libc.a(lib_a-vfiprintf.o)
                0x00000000000485a4                __vfiprintf_internal
 .text.__sbprintf
                0x00000000000485c0       0xbc /home/tugdual/intelFPGA_lite/18.1/nios2eds/bin/gnu/H-x86_64-pc-linux-gnu/bin/../lib/gcc/nios2-elf/5.3.0/../../../../../H-x86_64-pc-linux-gnu/nios2-elf/lib/libc.a(lib_a-vfiprintf.o)
 .text          0x000000000004867c        0x0 /home/tugdual/intelFPGA_lite/18.1/nios2eds/bin/gnu/H-x86_64-pc-linux-gnu/bin/../lib/gcc/nios2-elf/5.3.0/../../../../../H-x86_64-pc-linux-gnu/nios2-elf/lib/libc.a(lib_a-wbuf.o)
 .text.__swbuf_r
                0x000000000004867c      0x140 /home/tugdual/intelFPGA_lite/18.1/nios2eds/bin/gnu/H-x86_64-pc-linux-gnu/bin/../lib/gcc/nios2-elf/5.3.0/../../../../../H-x86_64-pc-linux-gnu/nios2-elf/lib/libc.a(lib_a-wbuf.o)
                0x000000000004867c                __swbuf_r
 .text.__swbuf  0x00000000000487bc       0x18 /home/tugdual/intelFPGA_lite/18.1/nios2eds/bin/gnu/H-x86_64-pc-linux-gnu/bin/../lib/gcc/nios2-elf/5.3.0/../../../../../H-x86_64-pc-linux-gnu/nios2-elf/lib/libc.a(lib_a-wbuf.o)
                0x00000000000487bc                __swbuf
 .text          0x00000000000487d4        0x0 /home/tugdual/intelFPGA_lite/18.1/nios2eds/bin/gnu/H-x86_64-pc-linux-gnu/bin/../lib/gcc/nios2-elf/5.3.0/../../../../../H-x86_64-pc-linux-gnu/nios2-elf/lib/libc.a(lib_a-writer.o)
 .text._write_r
                0x00000000000487d4       0x60 /home/tugdual/intelFPGA_lite/18.1/nios2eds/bin/gnu/H-x86_64-pc-linux-gnu/bin/../lib/gcc/nios2-elf/5.3.0/../../../../../H-x86_64-pc-linux-gnu/nios2-elf/lib/libc.a(lib_a-writer.o)
                0x00000000000487d4                _write_r
 .text          0x0000000000048834        0x0 /home/tugdual/intelFPGA_lite/18.1/nios2eds/bin/gnu/H-x86_64-pc-linux-gnu/bin/../lib/gcc/nios2-elf/5.3.0/../../../../../H-x86_64-pc-linux-gnu/nios2-elf/lib/libc.a(closer.o)
 .text._close_r
                0x0000000000048834       0x54 /home/tugdual/intelFPGA_lite/18.1/nios2eds/bin/gnu/H-x86_64-pc-linux-gnu/bin/../lib/gcc/nios2-elf/5.3.0/../../../../../H-x86_64-pc-linux-gnu/nios2-elf/lib/libc.a(closer.o)
                0x0000000000048834                _close_r
 .text          0x0000000000048888        0x0 /home/tugdual/intelFPGA_lite/18.1/nios2eds/bin/gnu/H-x86_64-pc-linux-gnu/bin/../lib/gcc/nios2-elf/5.3.0/../../../../../H-x86_64-pc-linux-gnu/nios2-elf/lib/libc.a(lib_a-callocr.o)
 .text._calloc_r
                0x0000000000048888       0xc4 /home/tugdual/intelFPGA_lite/18.1/nios2eds/bin/gnu/H-x86_64-pc-linux-gnu/bin/../lib/gcc/nios2-elf/5.3.0/../../../../../H-x86_64-pc-linux-gnu/nios2-elf/lib/libc.a(lib_a-callocr.o)
                0x0000000000048888                _calloc_r
 .text          0x000000000004894c        0x0 /home/tugdual/intelFPGA_lite/18.1/nios2eds/bin/gnu/H-x86_64-pc-linux-gnu/bin/../lib/gcc/nios2-elf/5.3.0/../../../../../H-x86_64-pc-linux-gnu/nios2-elf/lib/libc.a(lib_a-fclose.o)
 .text._fclose_r
                0x000000000004894c       0xf0 /home/tugdual/intelFPGA_lite/18.1/nios2eds/bin/gnu/H-x86_64-pc-linux-gnu/bin/../lib/gcc/nios2-elf/5.3.0/../../../../../H-x86_64-pc-linux-gnu/nios2-elf/lib/libc.a(lib_a-fclose.o)
                0x000000000004894c                _fclose_r
 .text.fclose   0x0000000000048a3c       0x14 /home/tugdual/intelFPGA_lite/18.1/nios2eds/bin/gnu/H-x86_64-pc-linux-gnu/bin/../lib/gcc/nios2-elf/5.3.0/../../../../../H-x86_64-pc-linux-gnu/nios2-elf/lib/libc.a(lib_a-fclose.o)
                0x0000000000048a3c                fclose
 .text          0x0000000000048a50        0x0 /home/tugdual/intelFPGA_lite/18.1/nios2eds/bin/gnu/H-x86_64-pc-linux-gnu/bin/../lib/gcc/nios2-elf/5.3.0/../../../../../H-x86_64-pc-linux-gnu/nios2-elf/lib/libc.a(lib_a-fputwc.o)
 .text.__fputwc
                0x0000000000048a50      0x164 /home/tugdual/intelFPGA_lite/18.1/nios2eds/bin/gnu/H-x86_64-pc-linux-gnu/bin/../lib/gcc/nios2-elf/5.3.0/../../../../../H-x86_64-pc-linux-gnu/nios2-elf/lib/libc.a(lib_a-fputwc.o)
                0x0000000000048a50                __fputwc
 .text._fputwc_r
                0x0000000000048bb4       0x24 /home/tugdual/intelFPGA_lite/18.1/nios2eds/bin/gnu/H-x86_64-pc-linux-gnu/bin/../lib/gcc/nios2-elf/5.3.0/../../../../../H-x86_64-pc-linux-gnu/nios2-elf/lib/libc.a(lib_a-fputwc.o)
                0x0000000000048bb4                _fputwc_r
 .text.fputwc   0x0000000000048bd8       0x80 /home/tugdual/intelFPGA_lite/18.1/nios2eds/bin/gnu/H-x86_64-pc-linux-gnu/bin/../lib/gcc/nios2-elf/5.3.0/../../../../../H-x86_64-pc-linux-gnu/nios2-elf/lib/libc.a(lib_a-fputwc.o)
                0x0000000000048bd8                fputwc
 .text          0x0000000000048c58        0x0 /home/tugdual/intelFPGA_lite/18.1/nios2eds/bin/gnu/H-x86_64-pc-linux-gnu/bin/../lib/gcc/nios2-elf/5.3.0/../../../../../H-x86_64-pc-linux-gnu/nios2-elf/lib/libc.a(lib_a-fstatr.o)
 .text._fstat_r
                0x0000000000048c58       0x5c /home/tugdual/intelFPGA_lite/18.1/nios2eds/bin/gnu/H-x86_64-pc-linux-gnu/bin/../lib/gcc/nios2-elf/5.3.0/../../../../../H-x86_64-pc-linux-gnu/nios2-elf/lib/libc.a(lib_a-fstatr.o)
                0x0000000000048c58                _fstat_r
 .text          0x0000000000048cb4        0x0 /home/tugdual/intelFPGA_lite/18.1/nios2eds/bin/gnu/H-x86_64-pc-linux-gnu/bin/../lib/gcc/nios2-elf/5.3.0/../../../../../H-x86_64-pc-linux-gnu/nios2-elf/lib/libc.a(lib_a-fvwrite.o)
 .text.__sfvwrite_r
                0x0000000000048cb4      0x4bc /home/tugdual/intelFPGA_lite/18.1/nios2eds/bin/gnu/H-x86_64-pc-linux-gnu/bin/../lib/gcc/nios2-elf/5.3.0/../../../../../H-x86_64-pc-linux-gnu/nios2-elf/lib/libc.a(lib_a-fvwrite.o)
                0x0000000000048cb4                __sfvwrite_r
 .text          0x0000000000049170        0x0 /home/tugdual/intelFPGA_lite/18.1/nios2eds/bin/gnu/H-x86_64-pc-linux-gnu/bin/../lib/gcc/nios2-elf/5.3.0/../../../../../H-x86_64-pc-linux-gnu/nios2-elf/lib/libc.a(lib_a-int_errno.o)
 .text          0x0000000000049170        0x0 /home/tugdual/intelFPGA_lite/18.1/nios2eds/bin/gnu/H-x86_64-pc-linux-gnu/bin/../lib/gcc/nios2-elf/5.3.0/../../../../../H-x86_64-pc-linux-gnu/nios2-elf/lib/libc.a(lib_a-isattyr.o)
 .text._isatty_r
                0x0000000000049170       0x54 /home/tugdual/intelFPGA_lite/18.1/nios2eds/bin/gnu/H-x86_64-pc-linux-gnu/bin/../lib/gcc/nios2-elf/5.3.0/../../../../../H-x86_64-pc-linux-gnu/nios2-elf/lib/libc.a(lib_a-isattyr.o)
                0x0000000000049170                _isatty_r
 .text          0x00000000000491c4        0x0 /home/tugdual/intelFPGA_lite/18.1/nios2eds/bin/gnu/H-x86_64-pc-linux-gnu/bin/../lib/gcc/nios2-elf/5.3.0/../../../../../H-x86_64-pc-linux-gnu/nios2-elf/lib/libc.a(lib_a-lseekr.o)
 .text._lseek_r
                0x00000000000491c4       0x60 /home/tugdual/intelFPGA_lite/18.1/nios2eds/bin/gnu/H-x86_64-pc-linux-gnu/bin/../lib/gcc/nios2-elf/5.3.0/../../../../../H-x86_64-pc-linux-gnu/nios2-elf/lib/libc.a(lib_a-lseekr.o)
                0x00000000000491c4                _lseek_r
 .text          0x0000000000049224        0x0 /home/tugdual/intelFPGA_lite/18.1/nios2eds/bin/gnu/H-x86_64-pc-linux-gnu/bin/../lib/gcc/nios2-elf/5.3.0/../../../../../H-x86_64-pc-linux-gnu/nios2-elf/lib/libc.a(lib_a-memmove.o)
 .text.memmove  0x0000000000049224      0x15c /home/tugdual/intelFPGA_lite/18.1/nios2eds/bin/gnu/H-x86_64-pc-linux-gnu/bin/../lib/gcc/nios2-elf/5.3.0/../../../../../H-x86_64-pc-linux-gnu/nios2-elf/lib/libc.a(lib_a-memmove.o)
                0x0000000000049224                memmove
 .text          0x0000000000049380        0x0 /home/tugdual/intelFPGA_lite/18.1/nios2eds/bin/gnu/H-x86_64-pc-linux-gnu/bin/../lib/gcc/nios2-elf/5.3.0/../../../../../H-x86_64-pc-linux-gnu/nios2-elf/lib/libc.a(lib_a-readr.o)
 .text._read_r  0x0000000000049380       0x60 /home/tugdual/intelFPGA_lite/18.1/nios2eds/bin/gnu/H-x86_64-pc-linux-gnu/bin/../lib/gcc/nios2-elf/5.3.0/../../../../../H-x86_64-pc-linux-gnu/nios2-elf/lib/libc.a(lib_a-readr.o)
                0x0000000000049380                _read_r
 .text          0x00000000000493e0        0x0 /home/tugdual/intelFPGA_lite/18.1/nios2eds/bin/gnu/H-x86_64-pc-linux-gnu/bin/../lib/gcc/nios2-elf/5.3.0/../../../../../H-x86_64-pc-linux-gnu/nios2-elf/lib/libc.a(lib_a-reallocr.o)
 .text._realloc_r
                0x00000000000493e0      0x564 /home/tugdual/intelFPGA_lite/18.1/nios2eds/bin/gnu/H-x86_64-pc-linux-gnu/bin/../lib/gcc/nios2-elf/5.3.0/../../../../../H-x86_64-pc-linux-gnu/nios2-elf/lib/libc.a(lib_a-reallocr.o)
                0x00000000000493e0                _realloc_r
 .text          0x0000000000049944        0x0 /home/tugdual/intelFPGA_lite/18.1/nios2eds/bin/gnu/H-x86_64-pc-linux-gnu/bin/../lib/gcc/nios2-elf/5.3.0/../../../../../H-x86_64-pc-linux-gnu/nios2-elf/lib/libc.a(lib_a-wcrtomb.o)
 .text._wcrtomb_r
                0x0000000000049944       0x9c /home/tugdual/intelFPGA_lite/18.1/nios2eds/bin/gnu/H-x86_64-pc-linux-gnu/bin/../lib/gcc/nios2-elf/5.3.0/../../../../../H-x86_64-pc-linux-gnu/nios2-elf/lib/libc.a(lib_a-wcrtomb.o)
                0x0000000000049944                _wcrtomb_r
 .text.wcrtomb  0x00000000000499e0       0xc0 /home/tugdual/intelFPGA_lite/18.1/nios2eds/bin/gnu/H-x86_64-pc-linux-gnu/bin/../lib/gcc/nios2-elf/5.3.0/../../../../../H-x86_64-pc-linux-gnu/nios2-elf/lib/libc.a(lib_a-wcrtomb.o)
                0x00000000000499e0                wcrtomb
 .text          0x0000000000049aa0        0x0 /home/tugdual/intelFPGA_lite/18.1/nios2eds/bin/gnu/H-x86_64-pc-linux-gnu/bin/../lib/gcc/nios2-elf/5.3.0/../../../../../H-x86_64-pc-linux-gnu/nios2-elf/lib/libc.a(lib_a-wctomb_r.o)
 .text.__ascii_wctomb
                0x0000000000049aa0       0x30 /home/tugdual/intelFPGA_lite/18.1/nios2eds/bin/gnu/H-x86_64-pc-linux-gnu/bin/../lib/gcc/nios2-elf/5.3.0/../../../../../H-x86_64-pc-linux-gnu/nios2-elf/lib/libc.a(lib_a-wctomb_r.o)
                0x0000000000049aa0                __ascii_wctomb
 .text._wctomb_r
                0x0000000000049ad0       0x5c /home/tugdual/intelFPGA_lite/18.1/nios2eds/bin/gnu/H-x86_64-pc-linux-gnu/bin/../lib/gcc/nios2-elf/5.3.0/../../../../../H-x86_64-pc-linux-gnu/nios2-elf/lib/libc.a(lib_a-wctomb_r.o)
                0x0000000000049ad0                _wctomb_r
 .text          0x0000000000049b2c      0x578 /home/tugdual/intelFPGA_lite/18.1/nios2eds/bin/gnu/H-x86_64-pc-linux-gnu/bin/../lib/gcc/nios2-elf/5.3.0/libgcc.a(_udivdi3.o)
                0x0000000000049b2c                __udivdi3
 .text          0x000000000004a0a4      0x538 /home/tugdual/intelFPGA_lite/18.1/nios2eds/bin/gnu/H-x86_64-pc-linux-gnu/bin/../lib/gcc/nios2-elf/5.3.0/libgcc.a(_umoddi3.o)
                0x000000000004a0a4                __umoddi3
 .text          0x000000000004a5dc      0x1b4 /home/tugdual/intelFPGA_lite/18.1/nios2eds/bin/gnu/H-x86_64-pc-linux-gnu/bin/../lib/gcc/nios2-elf/5.3.0/libgcc.a(lib2-divmod.o)
                0x000000000004a5dc                __divsi3
                0x000000000004a660                __modsi3
                0x000000000004a6d4                __udivsi3
                0x000000000004a738                __umodsi3
 .text          0x000000000004a790      0x8ac /home/tugdual/intelFPGA_lite/18.1/nios2eds/bin/gnu/H-x86_64-pc-linux-gnu/bin/../lib/gcc/nios2-elf/5.3.0/libgcc.a(adddf3.o)
                0x000000000004a790                __adddf3
 .text          0x000000000004b03c      0x8e8 /home/tugdual/intelFPGA_lite/18.1/nios2eds/bin/gnu/H-x86_64-pc-linux-gnu/bin/../lib/gcc/nios2-elf/5.3.0/libgcc.a(divdf3.o)
                0x000000000004b03c                __divdf3
 .text          0x000000000004b924       0x88 /home/tugdual/intelFPGA_lite/18.1/nios2eds/bin/gnu/H-x86_64-pc-linux-gnu/bin/../lib/gcc/nios2-elf/5.3.0/libgcc.a(eqdf2.o)
                0x000000000004b924                __eqdf2
                0x000000000004b924                __nedf2
 .text          0x000000000004b9ac       0xdc /home/tugdual/intelFPGA_lite/18.1/nios2eds/bin/gnu/H-x86_64-pc-linux-gnu/bin/../lib/gcc/nios2-elf/5.3.0/libgcc.a(gedf2.o)
                0x000000000004b9ac                __gtdf2
                0x000000000004b9ac                __gedf2
 .text          0x000000000004ba88       0xf4 /home/tugdual/intelFPGA_lite/18.1/nios2eds/bin/gnu/H-x86_64-pc-linux-gnu/bin/../lib/gcc/nios2-elf/5.3.0/libgcc.a(ledf2.o)
                0x000000000004ba88                __ltdf2
                0x000000000004ba88                __ledf2
 .text          0x000000000004bb7c      0x718 /home/tugdual/intelFPGA_lite/18.1/nios2eds/bin/gnu/H-x86_64-pc-linux-gnu/bin/../lib/gcc/nios2-elf/5.3.0/libgcc.a(muldf3.o)
                0x000000000004bb7c                __muldf3
 .text          0x000000000004c294      0x8fc /home/tugdual/intelFPGA_lite/18.1/nios2eds/bin/gnu/H-x86_64-pc-linux-gnu/bin/../lib/gcc/nios2-elf/5.3.0/libgcc.a(subdf3.o)
                0x000000000004c294                __subdf3
 .text          0x000000000004cb90       0x80 /home/tugdual/intelFPGA_lite/18.1/nios2eds/bin/gnu/H-x86_64-pc-linux-gnu/bin/../lib/gcc/nios2-elf/5.3.0/libgcc.a(fixdfsi.o)
                0x000000000004cb90                __fixdfsi
 .text          0x000000000004cc10       0xdc /home/tugdual/intelFPGA_lite/18.1/nios2eds/bin/gnu/H-x86_64-pc-linux-gnu/bin/../lib/gcc/nios2-elf/5.3.0/libgcc.a(floatsidf.o)
                0x000000000004cc10                __floatsidf
 .text          0x000000000004ccec       0xa8 /home/tugdual/intelFPGA_lite/18.1/nios2eds/bin/gnu/H-x86_64-pc-linux-gnu/bin/../lib/gcc/nios2-elf/5.3.0/libgcc.a(floatunsidf.o)
                0x000000000004ccec                __floatunsidf
 .text          0x000000000004cd94        0x0 /home/tugdual/intelFPGA_lite/18.1/nios2eds/bin/gnu/H-x86_64-pc-linux-gnu/bin/../lib/gcc/nios2-elf/5.3.0/libgcc.a(_clz.o)
 .text          0x000000000004cd94       0x64 /home/tugdual/intelFPGA_lite/18.1/nios2eds/bin/gnu/H-x86_64-pc-linux-gnu/bin/../lib/gcc/nios2-elf/5.3.0/libgcc.a(_clzsi2.o)
                0x000000000004cd94                __clzsi2
 .text          0x000000000004cdf8      0x10c /home/tugdual/Documents/EPFL/RTES/Rapport/RTES/lab2_bsp//libhal_bsp.a(alt_close.o)
                0x000000000004ce34                close
 .text          0x000000000004cf04       0x2c /home/tugdual/Documents/EPFL/RTES/Rapport/RTES/lab2_bsp//libhal_bsp.a(alt_dev.o)
 .text          0x000000000004cf30        0x0 /home/tugdual/Documents/EPFL/RTES/Rapport/RTES/lab2_bsp//libhal_bsp.a(alt_errno.o)
 .text          0x000000000004cf30       0xec /home/tugdual/Documents/EPFL/RTES/Rapport/RTES/lab2_bsp//libhal_bsp.a(alt_fstat.o)
                0x000000000004cf6c                fstat
 .text          0x000000000004d01c       0xe0 /home/tugdual/Documents/EPFL/RTES/Rapport/RTES/lab2_bsp//libhal_bsp.a(alt_isatty.o)
                0x000000000004d058                isatty
 .text          0x000000000004d0fc       0xec /home/tugdual/Documents/EPFL/RTES/Rapport/RTES/lab2_bsp//libhal_bsp.a(alt_load.o)
                0x000000000004d164                alt_load
 .text          0x000000000004d1e8      0x110 /home/tugdual/Documents/EPFL/RTES/Rapport/RTES/lab2_bsp//libhal_bsp.a(alt_lseek.o)
                0x000000000004d224                lseek
 .text          0x000000000004d2f8       0x7c /home/tugdual/Documents/EPFL/RTES/Rapport/RTES/lab2_bsp//libhal_bsp.a(alt_main.o)
                0x000000000004d2f8                alt_main
 .text          0x000000000004d374       0x48 /home/tugdual/Documents/EPFL/RTES/Rapport/RTES/lab2_bsp//libhal_bsp.a(alt_malloc_lock.o)
                0x000000000004d374                __malloc_lock
                0x000000000004d398                __malloc_unlock
 .text          0x000000000004d3bc      0x138 /home/tugdual/Documents/EPFL/RTES/Rapport/RTES/lab2_bsp//libhal_bsp.a(alt_read.o)
                0x000000000004d3f8                read
 .text          0x000000000004d4f4       0x64 /home/tugdual/Documents/EPFL/RTES/Rapport/RTES/lab2_bsp//libhal_bsp.a(alt_release_fd.o)
                0x000000000004d4f4                alt_release_fd
 .text          0x000000000004d558       0xb0 /home/tugdual/Documents/EPFL/RTES/Rapport/RTES/lab2_bsp//libhal_bsp.a(alt_sbrk.o)
                0x000000000004d558                sbrk
 .text          0x000000000004d608      0x134 /home/tugdual/Documents/EPFL/RTES/Rapport/RTES/lab2_bsp//libhal_bsp.a(alt_write.o)
                0x000000000004d644                write
 .text          0x000000000004d73c       0xdc /home/tugdual/Documents/EPFL/RTES/Rapport/RTES/lab2_bsp//libhal_bsp.a(alt_sys_init.o)
                0x000000000004d770                alt_irq_init
                0x000000000004d7a8                alt_sys_init
 .text          0x000000000004d818      0x164 /home/tugdual/Documents/EPFL/RTES/Rapport/RTES/lab2_bsp//libhal_bsp.a(altera_avalon_jtag_uart_fd.o)
                0x000000000004d818                altera_avalon_jtag_uart_read_fd
                0x000000000004d878                altera_avalon_jtag_uart_write_fd
                0x000000000004d8d8                altera_avalon_jtag_uart_close_fd
                0x000000000004d928                altera_avalon_jtag_uart_ioctl_fd
 .text          0x000000000004d97c      0x3d4 /home/tugdual/Documents/EPFL/RTES/Rapport/RTES/lab2_bsp//libhal_bsp.a(altera_avalon_jtag_uart_init.o)
                0x000000000004d97c                altera_avalon_jtag_uart_init
                0x000000000004dce8                altera_avalon_jtag_uart_close
 .text          0x000000000004dd50       0xf0 /home/tugdual/Documents/EPFL/RTES/Rapport/RTES/lab2_bsp//libhal_bsp.a(altera_avalon_jtag_uart_ioctl.o)
                0x000000000004dd50                altera_avalon_jtag_uart_ioctl
 .text          0x000000000004de40      0x21c /home/tugdual/Documents/EPFL/RTES/Rapport/RTES/lab2_bsp//libhal_bsp.a(altera_avalon_jtag_uart_read.o)
                0x000000000004de40                altera_avalon_jtag_uart_read
 .text          0x000000000004e05c      0x224 /home/tugdual/Documents/EPFL/RTES/Rapport/RTES/lab2_bsp//libhal_bsp.a(altera_avalon_jtag_uart_write.o)
                0x000000000004e05c                altera_avalon_jtag_uart_write
 .text          0x000000000004e280       0xf4 /home/tugdual/Documents/EPFL/RTES/Rapport/RTES/lab2_bsp//libhal_bsp.a(altera_avalon_timer_sc.o)
                0x000000000004e2f8                alt_avalon_timer_sc_init
 .text          0x000000000004e374      0x280 /home/tugdual/Documents/EPFL/RTES/Rapport/RTES/lab2_bsp//libhal_bsp.a(perf_print_formatted_report.o)
                0x000000000004e374                perf_print_formatted_report
 .text          0x000000000004e5f4      0x12c /home/tugdual/Documents/EPFL/RTES/Rapport/RTES/lab2_bsp//libhal_bsp.a(alt_alarm_start.o)
                0x000000000004e5f4                alt_alarm_start
 .text          0x000000000004e720       0x48 /home/tugdual/Documents/EPFL/RTES/Rapport/RTES/lab2_bsp//libhal_bsp.a(alt_dcache_flush_all.o)
                0x000000000004e720                alt_dcache_flush_all
 .text          0x000000000004e768       0xe0 /home/tugdual/Documents/EPFL/RTES/Rapport/RTES/lab2_bsp//libhal_bsp.a(alt_dev_llist_insert.o)
                0x000000000004e7a4                alt_dev_llist_insert
 .text          0x000000000004e848       0x60 /home/tugdual/Documents/EPFL/RTES/Rapport/RTES/lab2_bsp//libhal_bsp.a(alt_do_ctors.o)
                0x000000000004e848                _do_ctors
 .text          0x000000000004e8a8       0x60 /home/tugdual/Documents/EPFL/RTES/Rapport/RTES/lab2_bsp//libhal_bsp.a(alt_do_dtors.o)
                0x000000000004e8a8                _do_dtors
 .text          0x000000000004e908       0x34 /home/tugdual/Documents/EPFL/RTES/Rapport/RTES/lab2_bsp//libhal_bsp.a(alt_icache_flush_all.o)
                0x000000000004e908                alt_icache_flush_all
 .text          0x000000000004e93c      0x1b0 /home/tugdual/Documents/EPFL/RTES/Rapport/RTES/lab2_bsp//libhal_bsp.a(alt_iic.o)
                0x000000000004e93c                alt_ic_isr_register
                0x000000000004e98c                alt_ic_irq_enable
                0x000000000004ea14                alt_ic_irq_disable
                0x000000000004eaa0                alt_ic_irq_enabled
 .text          0x000000000004eaec       0xf0 /home/tugdual/Documents/EPFL/RTES/Rapport/RTES/lab2_bsp//libhal_bsp.a(alt_iic_isr_register.o)
                0x000000000004eaec                alt_iic_isr_register
 .text          0x000000000004ebdc      0x140 /home/tugdual/Documents/EPFL/RTES/Rapport/RTES/lab2_bsp//libhal_bsp.a(alt_io_redirect.o)
                0x000000000004eca0                alt_io_redirect
 .text          0x000000000004ed1c        0x0 /home/tugdual/Documents/EPFL/RTES/Rapport/RTES/lab2_bsp//libhal_bsp.a(alt_irq_entry.o)
 .text          0x000000000004ed1c        0x0 /home/tugdual/Documents/EPFL/RTES/Rapport/RTES/lab2_bsp//libhal_bsp.a(alt_irq_handler.o)
 .text          0x000000000004ed1c        0x0 /home/tugdual/Documents/EPFL/RTES/Rapport/RTES/lab2_bsp//libhal_bsp.a(alt_irq_vars.o)
 .text          0x000000000004ed1c      0x254 /home/tugdual/Documents/EPFL/RTES/Rapport/RTES/lab2_bsp//libhal_bsp.a(alt_open.o)
                0x000000000004ee1c                open
 .text          0x000000000004ef70      0x1a4 /home/tugdual/Documents/EPFL/RTES/Rapport/RTES/lab2_bsp//libhal_bsp.a(alt_tick.o)
                0x000000000004ef70                alt_alarm_stop
                0x000000000004f00c                alt_tick
 .text          0x000000000004f114       0x24 /home/tugdual/Documents/EPFL/RTES/Rapport/RTES/lab2_bsp//libhal_bsp.a(altera_nios2_gen2_irq.o)
                0x000000000004f114                altera_nios2_gen2_irq_init
 .text          0x000000000004f138      0x190 /home/tugdual/Documents/EPFL/RTES/Rapport/RTES/lab2_bsp//libhal_bsp.a(altera_avalon_performance_counter.o)
                0x000000000004f138                perf_get_section_time
                0x000000000004f1f4                perf_get_total_time
                0x000000000004f240                perf_get_num_starts
                0x000000000004f280                alt_get_performance_counter_base
                0x000000000004f2a4                alt_get_cpu_freq
 .text          0x000000000004f2c8        0x0 /home/tugdual/Documents/EPFL/RTES/Rapport/RTES/lab2_bsp//libhal_bsp.a(alt_exception_entry.o)
 .text          0x000000000004f2c8       0x90 /home/tugdual/Documents/EPFL/RTES/Rapport/RTES/lab2_bsp//libhal_bsp.a(alt_find_dev.o)
                0x000000000004f2c8                alt_find_dev
 .text          0x000000000004f358      0x108 /home/tugdual/Documents/EPFL/RTES/Rapport/RTES/lab2_bsp//libhal_bsp.a(alt_find_file.o)
                0x000000000004f358                alt_find_file
 .text          0x000000000004f460       0xa4 /home/tugdual/Documents/EPFL/RTES/Rapport/RTES/lab2_bsp//libhal_bsp.a(alt_get_fd.o)
                0x000000000004f460                alt_get_fd
 .text          0x000000000004f504       0x90 /home/tugdual/Documents/EPFL/RTES/Rapport/RTES/lab2_bsp//libhal_bsp.a(alt_icache_flush.o)
                0x000000000004f504                alt_icache_flush
 .text          0x000000000004f594       0x9c /home/tugdual/Documents/EPFL/RTES/Rapport/RTES/lab2_bsp//libhal_bsp.a(alt_instruction_exception_entry.o)
                0x000000000004f594                alt_exception_cause_generated_bad_addr
 .text          0x000000000004f630        0x0 /home/tugdual/intelFPGA_lite/18.1/nios2eds/bin/gnu/H-x86_64-pc-linux-gnu/bin/../lib/gcc/nios2-elf/5.3.0/../../../../../H-x86_64-pc-linux-gnu/nios2-elf/lib/libc.a(lib_a-atexit.o)
 .text.atexit   0x000000000004f630       0x14 /home/tugdual/intelFPGA_lite/18.1/nios2eds/bin/gnu/H-x86_64-pc-linux-gnu/bin/../lib/gcc/nios2-elf/5.3.0/../../../../../H-x86_64-pc-linux-gnu/nios2-elf/lib/libc.a(lib_a-atexit.o)
                0x000000000004f630                atexit
 .text          0x000000000004f644        0x0 /home/tugdual/intelFPGA_lite/18.1/nios2eds/bin/gnu/H-x86_64-pc-linux-gnu/bin/../lib/gcc/nios2-elf/5.3.0/../../../../../H-x86_64-pc-linux-gnu/nios2-elf/lib/libc.a(lib_a-exit.o)
 .text.exit     0x000000000004f644       0x38 /home/tugdual/intelFPGA_lite/18.1/nios2eds/bin/gnu/H-x86_64-pc-linux-gnu/bin/../lib/gcc/nios2-elf/5.3.0/../../../../../H-x86_64-pc-linux-gnu/nios2-elf/lib/libc.a(lib_a-exit.o)
                0x000000000004f644                exit
 .text          0x000000000004f67c        0x0 /home/tugdual/intelFPGA_lite/18.1/nios2eds/bin/gnu/H-x86_64-pc-linux-gnu/bin/../lib/gcc/nios2-elf/5.3.0/../../../../../H-x86_64-pc-linux-gnu/nios2-elf/lib/libc.a(lib_a-memcmp.o)
 .text.memcmp   0x000000000004f67c       0x7c /home/tugdual/intelFPGA_lite/18.1/nios2eds/bin/gnu/H-x86_64-pc-linux-gnu/bin/../lib/gcc/nios2-elf/5.3.0/../../../../../H-x86_64-pc-linux-gnu/nios2-elf/lib/libc.a(lib_a-memcmp.o)
                0x000000000004f67c                memcmp
 .text          0x000000000004f6f8        0x0 /home/tugdual/intelFPGA_lite/18.1/nios2eds/bin/gnu/H-x86_64-pc-linux-gnu/bin/../lib/gcc/nios2-elf/5.3.0/../../../../../H-x86_64-pc-linux-gnu/nios2-elf/lib/libc.a(lib_a-__atexit.o)
 .text.__register_exitproc
                0x000000000004f6f8      0x118 /home/tugdual/intelFPGA_lite/18.1/nios2eds/bin/gnu/H-x86_64-pc-linux-gnu/bin/../lib/gcc/nios2-elf/5.3.0/../../../../../H-x86_64-pc-linux-gnu/nios2-elf/lib/libc.a(lib_a-__atexit.o)
                0x000000000004f6f8                __register_exitproc
 .text          0x000000000004f810        0x0 /home/tugdual/intelFPGA_lite/18.1/nios2eds/bin/gnu/H-x86_64-pc-linux-gnu/bin/../lib/gcc/nios2-elf/5.3.0/../../../../../H-x86_64-pc-linux-gnu/nios2-elf/lib/libc.a(lib_a-__call_atexit.o)
 .text.__call_exitprocs
                0x000000000004f810      0x180 /home/tugdual/intelFPGA_lite/18.1/nios2eds/bin/gnu/H-x86_64-pc-linux-gnu/bin/../lib/gcc/nios2-elf/5.3.0/../../../../../H-x86_64-pc-linux-gnu/nios2-elf/lib/libc.a(lib_a-__call_atexit.o)
                0x000000000004f810                __call_exitprocs
 .text          0x000000000004f990       0x70 /home/tugdual/intelFPGA_lite/18.1/nios2eds/bin/gnu/H-x86_64-pc-linux-gnu/bin/../lib/gcc/nios2-elf/5.3.0/libgcc.a(_floatundidf.o)
                0x000000000004f990                __floatundidf
 .text          0x000000000004fa00       0x34 /home/tugdual/Documents/EPFL/RTES/Rapport/RTES/lab2_bsp//libhal_bsp.a(alt_exit.o)
                0x000000000004fa00                _exit
 *(.gnu.warning.*)
 *(.fini)
                [!provide]                        PROVIDE (__etext, ABSOLUTE (.))
                [!provide]                        PROVIDE (_etext, ABSOLUTE (.))
                [!provide]                        PROVIDE (etext, ABSOLUTE (.))
 *(.eh_frame_hdr)
                0x000000000004fa34                . = ALIGN (0x4)
                [!provide]                        PROVIDE (__preinit_array_start, ABSOLUTE (.))
 *(.preinit_array)
                [!provide]                        PROVIDE (__preinit_array_end, ABSOLUTE (.))
                [!provide]                        PROVIDE (__init_array_start, ABSOLUTE (.))
 *(.init_array)
                [!provide]                        PROVIDE (__init_array_end, ABSOLUTE (.))
                [!provide]                        PROVIDE (__fini_array_start, ABSOLUTE (.))
 *(.fini_array)
                [!provide]                        PROVIDE (__fini_array_end, ABSOLUTE (.))
 *(.eh_frame)
 *(.gcc_except_table .gcc_except_table.*)
 *(.dynamic)
                0x000000000004fa34                PROVIDE (__CTOR_LIST__, ABSOLUTE (.))
 *(.ctors)
 *(SORT(.ctors.*))
                0x000000000004fa34                PROVIDE (__CTOR_END__, ABSOLUTE (.))
                0x000000000004fa34                PROVIDE (__DTOR_LIST__, ABSOLUTE (.))
 *(.dtors)
 *(SORT(.dtors.*))
                0x000000000004fa34                PROVIDE (__DTOR_END__, ABSOLUTE (.))
 *(.jcr)
                0x000000000004fa34                . = ALIGN (0x4)

.rodata         0x000000000004fa34      0x414
                0x000000000004fa34                PROVIDE (__ram_rodata_start, ABSOLUTE (.))
                0x000000000004fa34                . = ALIGN (0x4)
 *(.rodata .rodata.* .gnu.linkonce.r.*)
 .rodata        0x000000000004fa34       0x18 obj/default/hello_world.o
 .rodata.str1.4
                0x000000000004fa4c       0x42 /home/tugdual/intelFPGA_lite/18.1/nios2eds/bin/gnu/H-x86_64-pc-linux-gnu/bin/../lib/gcc/nios2-elf/5.3.0/../../../../../H-x86_64-pc-linux-gnu/nios2-elf/lib/libc.a(lib_a-vfprintf.o)
 .rodata.zeroes.4404
                0x000000000004fa8e       0x10 /home/tugdual/intelFPGA_lite/18.1/nios2eds/bin/gnu/H-x86_64-pc-linux-gnu/bin/../lib/gcc/nios2-elf/5.3.0/../../../../../H-x86_64-pc-linux-gnu/nios2-elf/lib/libc.a(lib_a-vfprintf.o)
 .rodata.blanks.4403
                0x000000000004fa9e       0x10 /home/tugdual/intelFPGA_lite/18.1/nios2eds/bin/gnu/H-x86_64-pc-linux-gnu/bin/../lib/gcc/nios2-elf/5.3.0/../../../../../H-x86_64-pc-linux-gnu/nios2-elf/lib/libc.a(lib_a-vfprintf.o)
 *fill*         0x000000000004faae        0x2 
 .rodata.str1.4
                0x000000000004fab0       0x10 /home/tugdual/intelFPGA_lite/18.1/nios2eds/bin/gnu/H-x86_64-pc-linux-gnu/bin/../lib/gcc/nios2-elf/5.3.0/../../../../../H-x86_64-pc-linux-gnu/nios2-elf/lib/libc.a(lib_a-dtoa.o)
                                         0x12 (size before relaxing)
 .rodata.str1.4
                0x000000000004fac0        0x2 /home/tugdual/intelFPGA_lite/18.1/nios2eds/bin/gnu/H-x86_64-pc-linux-gnu/bin/../lib/gcc/nios2-elf/5.3.0/../../../../../H-x86_64-pc-linux-gnu/nios2-elf/lib/libc.a(lib_a-impure.o)
 *fill*         0x000000000004fac2        0x2 
 .rodata.str1.4
                0x000000000004fac4        0xc /home/tugdual/intelFPGA_lite/18.1/nios2eds/bin/gnu/H-x86_64-pc-linux-gnu/bin/../lib/gcc/nios2-elf/5.3.0/../../../../../H-x86_64-pc-linux-gnu/nios2-elf/lib/libc.a(lib_a-locale.o)
                                         0x12 (size before relaxing)
 .rodata.p05.2768
                0x000000000004fad0        0xc /home/tugdual/intelFPGA_lite/18.1/nios2eds/bin/gnu/H-x86_64-pc-linux-gnu/bin/../lib/gcc/nios2-elf/5.3.0/../../../../../H-x86_64-pc-linux-gnu/nios2-elf/lib/libc.a(lib_a-mprec.o)
 .rodata.__mprec_tinytens
                0x000000000004fadc       0x28 /home/tugdual/intelFPGA_lite/18.1/nios2eds/bin/gnu/H-x86_64-pc-linux-gnu/bin/../lib/gcc/nios2-elf/5.3.0/../../../../../H-x86_64-pc-linux-gnu/nios2-elf/lib/libc.a(lib_a-mprec.o)
                0x000000000004fadc                __mprec_tinytens
 .rodata.__mprec_bigtens
                0x000000000004fb04       0x28 /home/tugdual/intelFPGA_lite/18.1/nios2eds/bin/gnu/H-x86_64-pc-linux-gnu/bin/../lib/gcc/nios2-elf/5.3.0/../../../../../H-x86_64-pc-linux-gnu/nios2-elf/lib/libc.a(lib_a-mprec.o)
                0x000000000004fb04                __mprec_bigtens
 .rodata.__mprec_tens
                0x000000000004fb2c       0xc8 /home/tugdual/intelFPGA_lite/18.1/nios2eds/bin/gnu/H-x86_64-pc-linux-gnu/bin/../lib/gcc/nios2-elf/5.3.0/../../../../../H-x86_64-pc-linux-gnu/nios2-elf/lib/libc.a(lib_a-mprec.o)
                0x000000000004fb2c                __mprec_tens
 .rodata.str1.4
                0x000000000004fbf4       0x2f /home/tugdual/intelFPGA_lite/18.1/nios2eds/bin/gnu/H-x86_64-pc-linux-gnu/bin/../lib/gcc/nios2-elf/5.3.0/../../../../../H-x86_64-pc-linux-gnu/nios2-elf/lib/libc.a(lib_a-vfiprintf.o)
 .rodata.zeroes.4349
                0x000000000004fbf4       0x10 /home/tugdual/intelFPGA_lite/18.1/nios2eds/bin/gnu/H-x86_64-pc-linux-gnu/bin/../lib/gcc/nios2-elf/5.3.0/../../../../../H-x86_64-pc-linux-gnu/nios2-elf/lib/libc.a(lib_a-vfiprintf.o)
 .rodata.blanks.4348
                0x000000000004fc04       0x10 /home/tugdual/intelFPGA_lite/18.1/nios2eds/bin/gnu/H-x86_64-pc-linux-gnu/bin/../lib/gcc/nios2-elf/5.3.0/../../../../../H-x86_64-pc-linux-gnu/nios2-elf/lib/libc.a(lib_a-vfiprintf.o)
 .rodata        0x000000000004fc14      0x100 /home/tugdual/intelFPGA_lite/18.1/nios2eds/bin/gnu/H-x86_64-pc-linux-gnu/bin/../lib/gcc/nios2-elf/5.3.0/libgcc.a(_clz.o)
                0x000000000004fc14                __clz_tab
 .rodata        0x000000000004fd14        0xa /home/tugdual/Documents/EPFL/RTES/Rapport/RTES/lab2_bsp//libhal_bsp.a(alt_dev.o)
 *fill*         0x000000000004fd1e        0x2 
 .rodata        0x000000000004fd20       0x11 /home/tugdual/Documents/EPFL/RTES/Rapport/RTES/lab2_bsp//libhal_bsp.a(alt_main.o)
 *fill*         0x000000000004fd31        0x3 
 .rodata        0x000000000004fd34       0x11 /home/tugdual/Documents/EPFL/RTES/Rapport/RTES/lab2_bsp//libhal_bsp.a(alt_sys_init.o)
 *fill*         0x000000000004fd45        0x3 
 .rodata        0x000000000004fd48      0x100 /home/tugdual/Documents/EPFL/RTES/Rapport/RTES/lab2_bsp//libhal_bsp.a(perf_print_formatted_report.o)
 *(.rodata1)
                0x000000000004fe48                . = ALIGN (0x4)
                0x000000000004fe48                PROVIDE (__ram_rodata_end, ABSOLUTE (.))
                0x000000000004fa34                PROVIDE (__flash_rodata_start, LOADADDR (.rodata))

.rwdata         0x000000000004fe48     0x1aec load address 0x0000000000051934
                0x000000000004fe48                PROVIDE (__ram_rwdata_start, ABSOLUTE (.))
                0x000000000004fe48                . = ALIGN (0x4)
 *(.got.plt)
 *(.got)
 *(.data1)
 *(.data .data.* .gnu.linkonce.d.*)
 .data          0x000000000004fe48        0x0 /home/tugdual/Documents/EPFL/RTES/Rapport/RTES/lab2_bsp//obj/HAL/src/crt0.o
 .data          0x000000000004fe48        0x0 obj/default/hello_world.o
 .data          0x000000000004fe48        0x0 /home/tugdual/intelFPGA_lite/18.1/nios2eds/bin/gnu/H-x86_64-pc-linux-gnu/bin/../lib/gcc/nios2-elf/5.3.0/../../../../../H-x86_64-pc-linux-gnu/nios2-elf/lib/libc.a(lib_a-printf.o)
 .data          0x000000000004fe48        0x0 /home/tugdual/intelFPGA_lite/18.1/nios2eds/bin/gnu/H-x86_64-pc-linux-gnu/bin/../lib/gcc/nios2-elf/5.3.0/../../../../../H-x86_64-pc-linux-gnu/nios2-elf/lib/libc.a(lib_a-putchar.o)
 .data          0x000000000004fe48        0x0 /home/tugdual/intelFPGA_lite/18.1/nios2eds/bin/gnu/H-x86_64-pc-linux-gnu/bin/../lib/gcc/nios2-elf/5.3.0/../../../../../H-x86_64-pc-linux-gnu/nios2-elf/lib/libc.a(lib_a-vfprintf.o)
 .data          0x000000000004fe48        0x0 /home/tugdual/intelFPGA_lite/18.1/nios2eds/bin/gnu/H-x86_64-pc-linux-gnu/bin/../lib/gcc/nios2-elf/5.3.0/../../../../../H-x86_64-pc-linux-gnu/nios2-elf/lib/libc.a(lib_a-wsetup.o)
 .data          0x000000000004fe48        0x0 /home/tugdual/intelFPGA_lite/18.1/nios2eds/bin/gnu/H-x86_64-pc-linux-gnu/bin/../lib/gcc/nios2-elf/5.3.0/../../../../../H-x86_64-pc-linux-gnu/nios2-elf/lib/libc.a(lib_a-dtoa.o)
 .data          0x000000000004fe48        0x0 /home/tugdual/intelFPGA_lite/18.1/nios2eds/bin/gnu/H-x86_64-pc-linux-gnu/bin/../lib/gcc/nios2-elf/5.3.0/../../../../../H-x86_64-pc-linux-gnu/nios2-elf/lib/libc.a(lib_a-fflush.o)
 .data          0x000000000004fe48        0x0 /home/tugdual/intelFPGA_lite/18.1/nios2eds/bin/gnu/H-x86_64-pc-linux-gnu/bin/../lib/gcc/nios2-elf/5.3.0/../../../../../H-x86_64-pc-linux-gnu/nios2-elf/lib/libc.a(lib_a-findfp.o)
 .data          0x000000000004fe48        0x0 /home/tugdual/intelFPGA_lite/18.1/nios2eds/bin/gnu/H-x86_64-pc-linux-gnu/bin/../lib/gcc/nios2-elf/5.3.0/../../../../../H-x86_64-pc-linux-gnu/nios2-elf/lib/libc.a(lib_a-freer.o)
 .data          0x000000000004fe48        0x0 /home/tugdual/intelFPGA_lite/18.1/nios2eds/bin/gnu/H-x86_64-pc-linux-gnu/bin/../lib/gcc/nios2-elf/5.3.0/../../../../../H-x86_64-pc-linux-gnu/nios2-elf/lib/libc.a(lib_a-fwalk.o)
 .data          0x000000000004fe48        0x0 /home/tugdual/intelFPGA_lite/18.1/nios2eds/bin/gnu/H-x86_64-pc-linux-gnu/bin/../lib/gcc/nios2-elf/5.3.0/../../../../../H-x86_64-pc-linux-gnu/nios2-elf/lib/libc.a(lib_a-impure.o)
 .data.impure_data
                0x000000000004fe48      0x424 /home/tugdual/intelFPGA_lite/18.1/nios2eds/bin/gnu/H-x86_64-pc-linux-gnu/bin/../lib/gcc/nios2-elf/5.3.0/../../../../../H-x86_64-pc-linux-gnu/nios2-elf/lib/libc.a(lib_a-impure.o)
 .data          0x000000000005026c        0x0 /home/tugdual/intelFPGA_lite/18.1/nios2eds/bin/gnu/H-x86_64-pc-linux-gnu/bin/../lib/gcc/nios2-elf/5.3.0/../../../../../H-x86_64-pc-linux-gnu/nios2-elf/lib/libc.a(lib_a-locale.o)
 .data.lc_message_charset
                0x000000000005026c       0x20 /home/tugdual/intelFPGA_lite/18.1/nios2eds/bin/gnu/H-x86_64-pc-linux-gnu/bin/../lib/gcc/nios2-elf/5.3.0/../../../../../H-x86_64-pc-linux-gnu/nios2-elf/lib/libc.a(lib_a-locale.o)
 .data.lc_ctype_charset
                0x000000000005028c       0x20 /home/tugdual/intelFPGA_lite/18.1/nios2eds/bin/gnu/H-x86_64-pc-linux-gnu/bin/../lib/gcc/nios2-elf/5.3.0/../../../../../H-x86_64-pc-linux-gnu/nios2-elf/lib/libc.a(lib_a-locale.o)
 .data.lconv    0x00000000000502ac       0x38 /home/tugdual/intelFPGA_lite/18.1/nios2eds/bin/gnu/H-x86_64-pc-linux-gnu/bin/../lib/gcc/nios2-elf/5.3.0/../../../../../H-x86_64-pc-linux-gnu/nios2-elf/lib/libc.a(lib_a-locale.o)
 .data          0x00000000000502e4        0x0 /home/tugdual/intelFPGA_lite/18.1/nios2eds/bin/gnu/H-x86_64-pc-linux-gnu/bin/../lib/gcc/nios2-elf/5.3.0/../../../../../H-x86_64-pc-linux-gnu/nios2-elf/lib/libc.a(lib_a-makebuf.o)
 .data          0x00000000000502e4        0x0 /home/tugdual/intelFPGA_lite/18.1/nios2eds/bin/gnu/H-x86_64-pc-linux-gnu/bin/../lib/gcc/nios2-elf/5.3.0/../../../../../H-x86_64-pc-linux-gnu/nios2-elf/lib/libc.a(lib_a-mallocr.o)
 .data.__malloc_av_
                0x00000000000502e4      0x408 /home/tugdual/intelFPGA_lite/18.1/nios2eds/bin/gnu/H-x86_64-pc-linux-gnu/bin/../lib/gcc/nios2-elf/5.3.0/../../../../../H-x86_64-pc-linux-gnu/nios2-elf/lib/libc.a(lib_a-mallocr.o)
                0x00000000000502e4                __malloc_av_
 .data          0x00000000000506ec        0x0 /home/tugdual/intelFPGA_lite/18.1/nios2eds/bin/gnu/H-x86_64-pc-linux-gnu/bin/../lib/gcc/nios2-elf/5.3.0/../../../../../H-x86_64-pc-linux-gnu/nios2-elf/lib/libc.a(lib_a-memchr.o)
 .data          0x00000000000506ec        0x0 /home/tugdual/intelFPGA_lite/18.1/nios2eds/bin/gnu/H-x86_64-pc-linux-gnu/bin/../lib/gcc/nios2-elf/5.3.0/../../../../../H-x86_64-pc-linux-gnu/nios2-elf/lib/libc.a(lib_a-memcpy.o)
 .data          0x00000000000506ec        0x0 /home/tugdual/intelFPGA_lite/18.1/nios2eds/bin/gnu/H-x86_64-pc-linux-gnu/bin/../lib/gcc/nios2-elf/5.3.0/../../../../../H-x86_64-pc-linux-gnu/nios2-elf/lib/libc.a(lib_a-memset.o)
 .data          0x00000000000506ec        0x0 /home/tugdual/intelFPGA_lite/18.1/nios2eds/bin/gnu/H-x86_64-pc-linux-gnu/bin/../lib/gcc/nios2-elf/5.3.0/../../../../../H-x86_64-pc-linux-gnu/nios2-elf/lib/libc.a(lib_a-mprec.o)
 .data          0x00000000000506ec        0x0 /home/tugdual/intelFPGA_lite/18.1/nios2eds/bin/gnu/H-x86_64-pc-linux-gnu/bin/../lib/gcc/nios2-elf/5.3.0/../../../../../H-x86_64-pc-linux-gnu/nios2-elf/lib/libc.a(lib_a-putc.o)
 .data          0x00000000000506ec        0x0 /home/tugdual/intelFPGA_lite/18.1/nios2eds/bin/gnu/H-x86_64-pc-linux-gnu/bin/../lib/gcc/nios2-elf/5.3.0/../../../../../H-x86_64-pc-linux-gnu/nios2-elf/lib/libc.a(lib_a-s_fpclassify.o)
 .data          0x00000000000506ec        0x0 /home/tugdual/intelFPGA_lite/18.1/nios2eds/bin/gnu/H-x86_64-pc-linux-gnu/bin/../lib/gcc/nios2-elf/5.3.0/../../../../../H-x86_64-pc-linux-gnu/nios2-elf/lib/libc.a(lib_a-sbrkr.o)
 .data          0x00000000000506ec        0x0 /home/tugdual/intelFPGA_lite/18.1/nios2eds/bin/gnu/H-x86_64-pc-linux-gnu/bin/../lib/gcc/nios2-elf/5.3.0/../../../../../H-x86_64-pc-linux-gnu/nios2-elf/lib/libc.a(lib_a-stdio.o)
 .data          0x00000000000506ec        0x0 /home/tugdual/intelFPGA_lite/18.1/nios2eds/bin/gnu/H-x86_64-pc-linux-gnu/bin/../lib/gcc/nios2-elf/5.3.0/../../../../../H-x86_64-pc-linux-gnu/nios2-elf/lib/libc.a(lib_a-strcmp.o)
 .data          0x00000000000506ec        0x0 /home/tugdual/intelFPGA_lite/18.1/nios2eds/bin/gnu/H-x86_64-pc-linux-gnu/bin/../lib/gcc/nios2-elf/5.3.0/../../../../../H-x86_64-pc-linux-gnu/nios2-elf/lib/libc.a(lib_a-strlen.o)
 .data          0x00000000000506ec        0x0 /home/tugdual/intelFPGA_lite/18.1/nios2eds/bin/gnu/H-x86_64-pc-linux-gnu/bin/../lib/gcc/nios2-elf/5.3.0/../../../../../H-x86_64-pc-linux-gnu/nios2-elf/lib/libc.a(lib_a-vfiprintf.o)
 .data          0x00000000000506ec        0x0 /home/tugdual/intelFPGA_lite/18.1/nios2eds/bin/gnu/H-x86_64-pc-linux-gnu/bin/../lib/gcc/nios2-elf/5.3.0/../../../../../H-x86_64-pc-linux-gnu/nios2-elf/lib/libc.a(lib_a-wbuf.o)
 .data          0x00000000000506ec        0x0 /home/tugdual/intelFPGA_lite/18.1/nios2eds/bin/gnu/H-x86_64-pc-linux-gnu/bin/../lib/gcc/nios2-elf/5.3.0/../../../../../H-x86_64-pc-linux-gnu/nios2-elf/lib/libc.a(lib_a-writer.o)
 .data          0x00000000000506ec        0x0 /home/tugdual/intelFPGA_lite/18.1/nios2eds/bin/gnu/H-x86_64-pc-linux-gnu/bin/../lib/gcc/nios2-elf/5.3.0/../../../../../H-x86_64-pc-linux-gnu/nios2-elf/lib/libc.a(closer.o)
 .data          0x00000000000506ec        0x0 /home/tugdual/intelFPGA_lite/18.1/nios2eds/bin/gnu/H-x86_64-pc-linux-gnu/bin/../lib/gcc/nios2-elf/5.3.0/../../../../../H-x86_64-pc-linux-gnu/nios2-elf/lib/libc.a(lib_a-callocr.o)
 .data          0x00000000000506ec        0x0 /home/tugdual/intelFPGA_lite/18.1/nios2eds/bin/gnu/H-x86_64-pc-linux-gnu/bin/../lib/gcc/nios2-elf/5.3.0/../../../../../H-x86_64-pc-linux-gnu/nios2-elf/lib/libc.a(lib_a-fclose.o)
 .data          0x00000000000506ec        0x0 /home/tugdual/intelFPGA_lite/18.1/nios2eds/bin/gnu/H-x86_64-pc-linux-gnu/bin/../lib/gcc/nios2-elf/5.3.0/../../../../../H-x86_64-pc-linux-gnu/nios2-elf/lib/libc.a(lib_a-fputwc.o)
 .data          0x00000000000506ec        0x0 /home/tugdual/intelFPGA_lite/18.1/nios2eds/bin/gnu/H-x86_64-pc-linux-gnu/bin/../lib/gcc/nios2-elf/5.3.0/../../../../../H-x86_64-pc-linux-gnu/nios2-elf/lib/libc.a(lib_a-fstatr.o)
 .data          0x00000000000506ec        0x0 /home/tugdual/intelFPGA_lite/18.1/nios2eds/bin/gnu/H-x86_64-pc-linux-gnu/bin/../lib/gcc/nios2-elf/5.3.0/../../../../../H-x86_64-pc-linux-gnu/nios2-elf/lib/libc.a(lib_a-fvwrite.o)
 .data          0x00000000000506ec        0x0 /home/tugdual/intelFPGA_lite/18.1/nios2eds/bin/gnu/H-x86_64-pc-linux-gnu/bin/../lib/gcc/nios2-elf/5.3.0/../../../../../H-x86_64-pc-linux-gnu/nios2-elf/lib/libc.a(lib_a-int_errno.o)
 .data          0x00000000000506ec        0x0 /home/tugdual/intelFPGA_lite/18.1/nios2eds/bin/gnu/H-x86_64-pc-linux-gnu/bin/../lib/gcc/nios2-elf/5.3.0/../../../../../H-x86_64-pc-linux-gnu/nios2-elf/lib/libc.a(lib_a-isattyr.o)
 .data          0x00000000000506ec        0x0 /home/tugdual/intelFPGA_lite/18.1/nios2eds/bin/gnu/H-x86_64-pc-linux-gnu/bin/../lib/gcc/nios2-elf/5.3.0/../../../../../H-x86_64-pc-linux-gnu/nios2-elf/lib/libc.a(lib_a-lseekr.o)
 .data          0x00000000000506ec        0x0 /home/tugdual/intelFPGA_lite/18.1/nios2eds/bin/gnu/H-x86_64-pc-linux-gnu/bin/../lib/gcc/nios2-elf/5.3.0/../../../../../H-x86_64-pc-linux-gnu/nios2-elf/lib/libc.a(lib_a-memmove.o)
 .data          0x00000000000506ec        0x0 /home/tugdual/intelFPGA_lite/18.1/nios2eds/bin/gnu/H-x86_64-pc-linux-gnu/bin/../lib/gcc/nios2-elf/5.3.0/../../../../../H-x86_64-pc-linux-gnu/nios2-elf/lib/libc.a(lib_a-readr.o)
 .data          0x00000000000506ec        0x0 /home/tugdual/intelFPGA_lite/18.1/nios2eds/bin/gnu/H-x86_64-pc-linux-gnu/bin/../lib/gcc/nios2-elf/5.3.0/../../../../../H-x86_64-pc-linux-gnu/nios2-elf/lib/libc.a(lib_a-reallocr.o)
 .data          0x00000000000506ec        0x0 /home/tugdual/intelFPGA_lite/18.1/nios2eds/bin/gnu/H-x86_64-pc-linux-gnu/bin/../lib/gcc/nios2-elf/5.3.0/../../../../../H-x86_64-pc-linux-gnu/nios2-elf/lib/libc.a(lib_a-wcrtomb.o)
 .data          0x00000000000506ec        0x0 /home/tugdual/intelFPGA_lite/18.1/nios2eds/bin/gnu/H-x86_64-pc-linux-gnu/bin/../lib/gcc/nios2-elf/5.3.0/../../../../../H-x86_64-pc-linux-gnu/nios2-elf/lib/libc.a(lib_a-wctomb_r.o)
 .data          0x00000000000506ec        0x0 /home/tugdual/intelFPGA_lite/18.1/nios2eds/bin/gnu/H-x86_64-pc-linux-gnu/bin/../lib/gcc/nios2-elf/5.3.0/libgcc.a(_udivdi3.o)
 .data          0x00000000000506ec        0x0 /home/tugdual/intelFPGA_lite/18.1/nios2eds/bin/gnu/H-x86_64-pc-linux-gnu/bin/../lib/gcc/nios2-elf/5.3.0/libgcc.a(_umoddi3.o)
 .data          0x00000000000506ec        0x0 /home/tugdual/intelFPGA_lite/18.1/nios2eds/bin/gnu/H-x86_64-pc-linux-gnu/bin/../lib/gcc/nios2-elf/5.3.0/libgcc.a(lib2-divmod.o)
 .data          0x00000000000506ec        0x0 /home/tugdual/intelFPGA_lite/18.1/nios2eds/bin/gnu/H-x86_64-pc-linux-gnu/bin/../lib/gcc/nios2-elf/5.3.0/libgcc.a(adddf3.o)
 .data          0x00000000000506ec        0x0 /home/tugdual/intelFPGA_lite/18.1/nios2eds/bin/gnu/H-x86_64-pc-linux-gnu/bin/../lib/gcc/nios2-elf/5.3.0/libgcc.a(divdf3.o)
 .data          0x00000000000506ec        0x0 /home/tugdual/intelFPGA_lite/18.1/nios2eds/bin/gnu/H-x86_64-pc-linux-gnu/bin/../lib/gcc/nios2-elf/5.3.0/libgcc.a(eqdf2.o)
 .data          0x00000000000506ec        0x0 /home/tugdual/intelFPGA_lite/18.1/nios2eds/bin/gnu/H-x86_64-pc-linux-gnu/bin/../lib/gcc/nios2-elf/5.3.0/libgcc.a(gedf2.o)
 .data          0x00000000000506ec        0x0 /home/tugdual/intelFPGA_lite/18.1/nios2eds/bin/gnu/H-x86_64-pc-linux-gnu/bin/../lib/gcc/nios2-elf/5.3.0/libgcc.a(ledf2.o)
 .data          0x00000000000506ec        0x0 /home/tugdual/intelFPGA_lite/18.1/nios2eds/bin/gnu/H-x86_64-pc-linux-gnu/bin/../lib/gcc/nios2-elf/5.3.0/libgcc.a(muldf3.o)
 .data          0x00000000000506ec        0x0 /home/tugdual/intelFPGA_lite/18.1/nios2eds/bin/gnu/H-x86_64-pc-linux-gnu/bin/../lib/gcc/nios2-elf/5.3.0/libgcc.a(subdf3.o)
 .data          0x00000000000506ec        0x0 /home/tugdual/intelFPGA_lite/18.1/nios2eds/bin/gnu/H-x86_64-pc-linux-gnu/bin/../lib/gcc/nios2-elf/5.3.0/libgcc.a(fixdfsi.o)
 .data          0x00000000000506ec        0x0 /home/tugdual/intelFPGA_lite/18.1/nios2eds/bin/gnu/H-x86_64-pc-linux-gnu/bin/../lib/gcc/nios2-elf/5.3.0/libgcc.a(floatsidf.o)
 .data          0x00000000000506ec        0x0 /home/tugdual/intelFPGA_lite/18.1/nios2eds/bin/gnu/H-x86_64-pc-linux-gnu/bin/../lib/gcc/nios2-elf/5.3.0/libgcc.a(floatunsidf.o)
 .data          0x00000000000506ec        0x0 /home/tugdual/intelFPGA_lite/18.1/nios2eds/bin/gnu/H-x86_64-pc-linux-gnu/bin/../lib/gcc/nios2-elf/5.3.0/libgcc.a(_clz.o)
 .data          0x00000000000506ec        0x0 /home/tugdual/intelFPGA_lite/18.1/nios2eds/bin/gnu/H-x86_64-pc-linux-gnu/bin/../lib/gcc/nios2-elf/5.3.0/libgcc.a(_clzsi2.o)
 .data          0x00000000000506ec        0x0 /home/tugdual/Documents/EPFL/RTES/Rapport/RTES/lab2_bsp//libhal_bsp.a(alt_close.o)
 .data          0x00000000000506ec      0x1a8 /home/tugdual/Documents/EPFL/RTES/Rapport/RTES/lab2_bsp//libhal_bsp.a(alt_dev.o)
                0x00000000000506ec                alt_dev_null
                0x0000000000050714                alt_fd_list
 .data          0x0000000000050894        0x0 /home/tugdual/Documents/EPFL/RTES/Rapport/RTES/lab2_bsp//libhal_bsp.a(alt_errno.o)
 .data          0x0000000000050894        0x0 /home/tugdual/Documents/EPFL/RTES/Rapport/RTES/lab2_bsp//libhal_bsp.a(alt_fstat.o)
 .data          0x0000000000050894        0x0 /home/tugdual/Documents/EPFL/RTES/Rapport/RTES/lab2_bsp//libhal_bsp.a(alt_isatty.o)
 .data          0x0000000000050894        0x0 /home/tugdual/Documents/EPFL/RTES/Rapport/RTES/lab2_bsp//libhal_bsp.a(alt_load.o)
 .data          0x0000000000050894        0x0 /home/tugdual/Documents/EPFL/RTES/Rapport/RTES/lab2_bsp//libhal_bsp.a(alt_lseek.o)
 .data          0x0000000000050894        0x0 /home/tugdual/Documents/EPFL/RTES/Rapport/RTES/lab2_bsp//libhal_bsp.a(alt_main.o)
 .data          0x0000000000050894        0x0 /home/tugdual/Documents/EPFL/RTES/Rapport/RTES/lab2_bsp//libhal_bsp.a(alt_malloc_lock.o)
 .data          0x0000000000050894        0x0 /home/tugdual/Documents/EPFL/RTES/Rapport/RTES/lab2_bsp//libhal_bsp.a(alt_read.o)
 .data          0x0000000000050894        0x0 /home/tugdual/Documents/EPFL/RTES/Rapport/RTES/lab2_bsp//libhal_bsp.a(alt_release_fd.o)
 .data          0x0000000000050894        0x0 /home/tugdual/Documents/EPFL/RTES/Rapport/RTES/lab2_bsp//libhal_bsp.a(alt_sbrk.o)
 .data          0x0000000000050894        0x0 /home/tugdual/Documents/EPFL/RTES/Rapport/RTES/lab2_bsp//libhal_bsp.a(alt_write.o)
 .data          0x0000000000050894     0x1060 /home/tugdual/Documents/EPFL/RTES/Rapport/RTES/lab2_bsp//libhal_bsp.a(alt_sys_init.o)
 .data          0x00000000000518f4        0x0 /home/tugdual/Documents/EPFL/RTES/Rapport/RTES/lab2_bsp//libhal_bsp.a(altera_avalon_jtag_uart_fd.o)
 .data          0x00000000000518f4        0x0 /home/tugdual/Documents/EPFL/RTES/Rapport/RTES/lab2_bsp//libhal_bsp.a(altera_avalon_jtag_uart_init.o)
 .data          0x00000000000518f4        0x0 /home/tugdual/Documents/EPFL/RTES/Rapport/RTES/lab2_bsp//libhal_bsp.a(altera_avalon_jtag_uart_ioctl.o)
 .data          0x00000000000518f4        0x0 /home/tugdual/Documents/EPFL/RTES/Rapport/RTES/lab2_bsp//libhal_bsp.a(altera_avalon_jtag_uart_read.o)
 .data          0x00000000000518f4        0x0 /home/tugdual/Documents/EPFL/RTES/Rapport/RTES/lab2_bsp//libhal_bsp.a(altera_avalon_jtag_uart_write.o)
 .data          0x00000000000518f4        0x0 /home/tugdual/Documents/EPFL/RTES/Rapport/RTES/lab2_bsp//libhal_bsp.a(altera_avalon_timer_sc.o)
 .data          0x00000000000518f4        0x0 /home/tugdual/Documents/EPFL/RTES/Rapport/RTES/lab2_bsp//libhal_bsp.a(perf_print_formatted_report.o)
 .data          0x00000000000518f4        0x0 /home/tugdual/Documents/EPFL/RTES/Rapport/RTES/lab2_bsp//libhal_bsp.a(alt_alarm_start.o)
 .data          0x00000000000518f4        0x0 /home/tugdual/Documents/EPFL/RTES/Rapport/RTES/lab2_bsp//libhal_bsp.a(alt_dcache_flush_all.o)
 .data          0x00000000000518f4        0x0 /home/tugdual/Documents/EPFL/RTES/Rapport/RTES/lab2_bsp//libhal_bsp.a(alt_dev_llist_insert.o)
 .data          0x00000000000518f4        0x0 /home/tugdual/Documents/EPFL/RTES/Rapport/RTES/lab2_bsp//libhal_bsp.a(alt_do_ctors.o)
 .data          0x00000000000518f4        0x0 /home/tugdual/Documents/EPFL/RTES/Rapport/RTES/lab2_bsp//libhal_bsp.a(alt_do_dtors.o)
 .data          0x00000000000518f4        0x0 /home/tugdual/Documents/EPFL/RTES/Rapport/RTES/lab2_bsp//libhal_bsp.a(alt_icache_flush_all.o)
 .data          0x00000000000518f4        0x0 /home/tugdual/Documents/EPFL/RTES/Rapport/RTES/lab2_bsp//libhal_bsp.a(alt_iic.o)
 .data          0x00000000000518f4        0x0 /home/tugdual/Documents/EPFL/RTES/Rapport/RTES/lab2_bsp//libhal_bsp.a(alt_iic_isr_register.o)
 .data          0x00000000000518f4        0x0 /home/tugdual/Documents/EPFL/RTES/Rapport/RTES/lab2_bsp//libhal_bsp.a(alt_io_redirect.o)
 .data          0x00000000000518f4        0x0 /home/tugdual/Documents/EPFL/RTES/Rapport/RTES/lab2_bsp//libhal_bsp.a(alt_irq_entry.o)
 .data          0x00000000000518f4        0x0 /home/tugdual/Documents/EPFL/RTES/Rapport/RTES/lab2_bsp//libhal_bsp.a(alt_irq_handler.o)
 .data          0x00000000000518f4        0x0 /home/tugdual/Documents/EPFL/RTES/Rapport/RTES/lab2_bsp//libhal_bsp.a(alt_irq_vars.o)
 .data          0x00000000000518f4        0x0 /home/tugdual/Documents/EPFL/RTES/Rapport/RTES/lab2_bsp//libhal_bsp.a(alt_open.o)
 .data          0x00000000000518f4        0x0 /home/tugdual/Documents/EPFL/RTES/Rapport/RTES/lab2_bsp//libhal_bsp.a(alt_tick.o)
 .data          0x00000000000518f4        0x0 /home/tugdual/Documents/EPFL/RTES/Rapport/RTES/lab2_bsp//libhal_bsp.a(altera_nios2_gen2_irq.o)
 .data          0x00000000000518f4        0x0 /home/tugdual/Documents/EPFL/RTES/Rapport/RTES/lab2_bsp//libhal_bsp.a(altera_avalon_performance_counter.o)
 .data          0x00000000000518f4        0x0 /home/tugdual/Documents/EPFL/RTES/Rapport/RTES/lab2_bsp//libhal_bsp.a(alt_exception_entry.o)
 .data          0x00000000000518f4        0x0 /home/tugdual/Documents/EPFL/RTES/Rapport/RTES/lab2_bsp//libhal_bsp.a(alt_find_dev.o)
 .data          0x00000000000518f4        0x0 /home/tugdual/Documents/EPFL/RTES/Rapport/RTES/lab2_bsp//libhal_bsp.a(alt_find_file.o)
 .data          0x00000000000518f4        0x0 /home/tugdual/Documents/EPFL/RTES/Rapport/RTES/lab2_bsp//libhal_bsp.a(alt_get_fd.o)
 .data          0x00000000000518f4        0x0 /home/tugdual/Documents/EPFL/RTES/Rapport/RTES/lab2_bsp//libhal_bsp.a(alt_icache_flush.o)
 .data          0x00000000000518f4        0x0 /home/tugdual/Documents/EPFL/RTES/Rapport/RTES/lab2_bsp//libhal_bsp.a(alt_instruction_exception_entry.o)
 .data          0x00000000000518f4        0x0 /home/tugdual/intelFPGA_lite/18.1/nios2eds/bin/gnu/H-x86_64-pc-linux-gnu/bin/../lib/gcc/nios2-elf/5.3.0/../../../../../H-x86_64-pc-linux-gnu/nios2-elf/lib/libc.a(lib_a-atexit.o)
 .data          0x00000000000518f4        0x0 /home/tugdual/intelFPGA_lite/18.1/nios2eds/bin/gnu/H-x86_64-pc-linux-gnu/bin/../lib/gcc/nios2-elf/5.3.0/../../../../../H-x86_64-pc-linux-gnu/nios2-elf/lib/libc.a(lib_a-exit.o)
 .data          0x00000000000518f4        0x0 /home/tugdual/intelFPGA_lite/18.1/nios2eds/bin/gnu/H-x86_64-pc-linux-gnu/bin/../lib/gcc/nios2-elf/5.3.0/../../../../../H-x86_64-pc-linux-gnu/nios2-elf/lib/libc.a(lib_a-memcmp.o)
 .data          0x00000000000518f4        0x0 /home/tugdual/intelFPGA_lite/18.1/nios2eds/bin/gnu/H-x86_64-pc-linux-gnu/bin/../lib/gcc/nios2-elf/5.3.0/../../../../../H-x86_64-pc-linux-gnu/nios2-elf/lib/libc.a(lib_a-__atexit.o)
 .data          0x00000000000518f4        0x0 /home/tugdual/intelFPGA_lite/18.1/nios2eds/bin/gnu/H-x86_64-pc-linux-gnu/bin/../lib/gcc/nios2-elf/5.3.0/../../../../../H-x86_64-pc-linux-gnu/nios2-elf/lib/libc.a(lib_a-__call_atexit.o)
 .data          0x00000000000518f4        0x0 /home/tugdual/intelFPGA_lite/18.1/nios2eds/bin/gnu/H-x86_64-pc-linux-gnu/bin/../lib/gcc/nios2-elf/5.3.0/libgcc.a(_floatundidf.o)
 .data          0x00000000000518f4        0x0 /home/tugdual/Documents/EPFL/RTES/Rapport/RTES/lab2_bsp//libhal_bsp.a(alt_exit.o)
                0x00000000000598f4                _gp = ABSOLUTE ((. + 0x8000))
                [!provide]                        PROVIDE (gp, _gp)
 *(.rwdata .rwdata.*)
 *(.sdata .sdata.* .gnu.linkonce.s.*)
 .sdata._global_impure_ptr
                0x00000000000518f4        0x4 /home/tugdual/intelFPGA_lite/18.1/nios2eds/bin/gnu/H-x86_64-pc-linux-gnu/bin/../lib/gcc/nios2-elf/5.3.0/../../../../../H-x86_64-pc-linux-gnu/nios2-elf/lib/libc.a(lib_a-impure.o)
                0x00000000000518f4                _global_impure_ptr
 .sdata._impure_ptr
                0x00000000000518f8        0x4 /home/tugdual/intelFPGA_lite/18.1/nios2eds/bin/gnu/H-x86_64-pc-linux-gnu/bin/../lib/gcc/nios2-elf/5.3.0/../../../../../H-x86_64-pc-linux-gnu/nios2-elf/lib/libc.a(lib_a-impure.o)
                0x00000000000518f8                _impure_ptr
 .sdata.__mb_cur_max
                0x00000000000518fc        0x4 /home/tugdual/intelFPGA_lite/18.1/nios2eds/bin/gnu/H-x86_64-pc-linux-gnu/bin/../lib/gcc/nios2-elf/5.3.0/../../../../../H-x86_64-pc-linux-gnu/nios2-elf/lib/libc.a(lib_a-locale.o)
                0x00000000000518fc                __mb_cur_max
 .sdata.__malloc_sbrk_base
                0x0000000000051900        0x4 /home/tugdual/intelFPGA_lite/18.1/nios2eds/bin/gnu/H-x86_64-pc-linux-gnu/bin/../lib/gcc/nios2-elf/5.3.0/../../../../../H-x86_64-pc-linux-gnu/nios2-elf/lib/libc.a(lib_a-mallocr.o)
                0x0000000000051900                __malloc_sbrk_base
 .sdata.__malloc_trim_threshold
                0x0000000000051904        0x4 /home/tugdual/intelFPGA_lite/18.1/nios2eds/bin/gnu/H-x86_64-pc-linux-gnu/bin/../lib/gcc/nios2-elf/5.3.0/../../../../../H-x86_64-pc-linux-gnu/nios2-elf/lib/libc.a(lib_a-mallocr.o)
                0x0000000000051904                __malloc_trim_threshold
 .sdata.__wctomb
                0x0000000000051908        0x4 /home/tugdual/intelFPGA_lite/18.1/nios2eds/bin/gnu/H-x86_64-pc-linux-gnu/bin/../lib/gcc/nios2-elf/5.3.0/../../../../../H-x86_64-pc-linux-gnu/nios2-elf/lib/libc.a(lib_a-wctomb_r.o)
                0x0000000000051908                __wctomb
 .sdata         0x000000000005190c       0x14 /home/tugdual/Documents/EPFL/RTES/Rapport/RTES/lab2_bsp//libhal_bsp.a(alt_dev.o)
                0x000000000005190c                alt_fs_list
                0x0000000000051914                alt_dev_list
                0x000000000005191c                alt_max_fd
 .sdata         0x0000000000051920        0x4 /home/tugdual/Documents/EPFL/RTES/Rapport/RTES/lab2_bsp//libhal_bsp.a(alt_errno.o)
                0x0000000000051920                alt_errno
 .sdata         0x0000000000051924        0x4 /home/tugdual/Documents/EPFL/RTES/Rapport/RTES/lab2_bsp//libhal_bsp.a(alt_sbrk.o)
 .sdata         0x0000000000051928        0x4 /home/tugdual/Documents/EPFL/RTES/Rapport/RTES/lab2_bsp//libhal_bsp.a(alt_irq_vars.o)
                0x0000000000051928                alt_priority_mask
 .sdata         0x000000000005192c        0x8 /home/tugdual/Documents/EPFL/RTES/Rapport/RTES/lab2_bsp//libhal_bsp.a(alt_tick.o)
                0x000000000005192c                alt_alarm_list
 *(.sdata2 .sdata2.* .gnu.linkonce.s2.*)
                0x0000000000051934                . = ALIGN (0x4)
                0x0000000000051934                _edata = ABSOLUTE (.)
                [!provide]                        PROVIDE (edata, ABSOLUTE (.))
                0x0000000000051934                PROVIDE (__ram_rwdata_end, ABSOLUTE (.))
                0x0000000000051934                PROVIDE (__flash_rwdata_start, LOADADDR (.rwdata))

.bss            0x0000000000053420      0x160
                0x0000000000053420                __bss_start = ABSOLUTE (.)
                [!provide]                        PROVIDE (__sbss_start, ABSOLUTE (.))
                [!provide]                        PROVIDE (___sbss_start, ABSOLUTE (.))
 *(.dynsbss)
 *(.sbss .sbss.* .gnu.linkonce.sb.*)
 .sbss._PathLocale
                0x0000000000053420        0x4 /home/tugdual/intelFPGA_lite/18.1/nios2eds/bin/gnu/H-x86_64-pc-linux-gnu/bin/../lib/gcc/nios2-elf/5.3.0/../../../../../H-x86_64-pc-linux-gnu/nios2-elf/lib/libc.a(lib_a-locale.o)
                0x0000000000053420                _PathLocale
 .sbss.__mlocale_changed
                0x0000000000053424        0x4 /home/tugdual/intelFPGA_lite/18.1/nios2eds/bin/gnu/H-x86_64-pc-linux-gnu/bin/../lib/gcc/nios2-elf/5.3.0/../../../../../H-x86_64-pc-linux-gnu/nios2-elf/lib/libc.a(lib_a-locale.o)
                0x0000000000053424                __mlocale_changed
 .sbss.__nlocale_changed
                0x0000000000053428        0x4 /home/tugdual/intelFPGA_lite/18.1/nios2eds/bin/gnu/H-x86_64-pc-linux-gnu/bin/../lib/gcc/nios2-elf/5.3.0/../../../../../H-x86_64-pc-linux-gnu/nios2-elf/lib/libc.a(lib_a-locale.o)
                0x0000000000053428                __nlocale_changed
 .sbss.__malloc_max_total_mem
                0x000000000005342c        0x4 /home/tugdual/intelFPGA_lite/18.1/nios2eds/bin/gnu/H-x86_64-pc-linux-gnu/bin/../lib/gcc/nios2-elf/5.3.0/../../../../../H-x86_64-pc-linux-gnu/nios2-elf/lib/libc.a(lib_a-mallocr.o)
                0x000000000005342c                __malloc_max_total_mem
 .sbss.__malloc_max_sbrked_mem
                0x0000000000053430        0x4 /home/tugdual/intelFPGA_lite/18.1/nios2eds/bin/gnu/H-x86_64-pc-linux-gnu/bin/../lib/gcc/nios2-elf/5.3.0/../../../../../H-x86_64-pc-linux-gnu/nios2-elf/lib/libc.a(lib_a-mallocr.o)
                0x0000000000053430                __malloc_max_sbrked_mem
 .sbss.__malloc_top_pad
                0x0000000000053434        0x4 /home/tugdual/intelFPGA_lite/18.1/nios2eds/bin/gnu/H-x86_64-pc-linux-gnu/bin/../lib/gcc/nios2-elf/5.3.0/../../../../../H-x86_64-pc-linux-gnu/nios2-elf/lib/libc.a(lib_a-mallocr.o)
                0x0000000000053434                __malloc_top_pad
 .sbss          0x0000000000053438        0x4 /home/tugdual/intelFPGA_lite/18.1/nios2eds/bin/gnu/H-x86_64-pc-linux-gnu/bin/../lib/gcc/nios2-elf/5.3.0/../../../../../H-x86_64-pc-linux-gnu/nios2-elf/lib/libc.a(lib_a-int_errno.o)
                0x0000000000053438                errno